Fetching 10 files:   0%|          | 0/10 [00:00<?, ?it/s]Fetching 10 files: 100%|██████████| 10/10 [00:00<00:00, 30750.03it/s]
2026-04-24T10:45:12.590062+00:00 generating gsm8k_0 think_open_newline
2026-04-24T10:47:02.078777+00:00 generating gsm8k_0 shared_prefix_only
2026-04-24T10:47:07.961988+00:00 generating gsm8k_0 no_think_preclose
2026-04-24T10:47:13.819438+00:00 generating gsm8k_0 no_think_closed_no_gap
2026-04-24T10:47:19.653680+00:00 generating gsm8k_0 no_think_full
2026-04-24T10:47:24.136570+00:00 generating gsm8k_1 think_open_newline
2026-04-24T10:47:36.649428+00:00 generating gsm8k_1 shared_prefix_only
2026-04-24T10:47:40.848295+00:00 generating gsm8k_1 no_think_preclose
2026-04-24T10:47:45.015463+00:00 generating gsm8k_1 no_think_closed_no_gap
2026-04-24T10:47:49.158275+00:00 generating gsm8k_1 no_think_full
2026-04-24T10:47:53.666481+00:00 generating gsm8k_2 think_open_newline
2026-04-24T10:49:43.860369+00:00 generating gsm8k_2 shared_prefix_only
2026-04-24T10:49:54.947893+00:00 generating gsm8k_2 no_think_preclose
2026-04-24T10:50:05.750405+00:00 generating gsm8k_2 no_think_closed_no_gap
2026-04-24T10:50:16.657613+00:00 generating gsm8k_2 no_think_full
2026-04-24T10:50:27.516983+00:00 generating gsm8k_3 think_open_newline
2026-04-24T10:52:17.868758+00:00 generating gsm8k_3 shared_prefix_only
2026-04-24T10:52:25.528306+00:00 generating gsm8k_3 no_think_preclose
2026-04-24T10:52:33.154503+00:00 generating gsm8k_3 no_think_closed_no_gap
2026-04-24T10:52:40.818785+00:00 generating gsm8k_3 no_think_full
2026-04-24T10:52:45.800841+00:00 generating gsm8k_4 think_open_newline
2026-04-24T10:53:53.279540+00:00 generating gsm8k_4 shared_prefix_only
2026-04-24T10:54:01.951671+00:00 generating gsm8k_4 no_think_preclose
2026-04-24T10:54:15.965417+00:00 generating gsm8k_4 no_think_closed_no_gap
2026-04-24T10:54:29.221646+00:00 generating gsm8k_4 no_think_full
2026-04-24T10:54:43.709262+00:00 generating gsm8k_5 think_open_newline
2026-04-24T10:56:33.153736+00:00 generating gsm8k_5 shared_prefix_only
2026-04-24T10:56:47.947338+00:00 generating gsm8k_5 no_think_preclose
2026-04-24T10:57:01.733431+00:00 generating gsm8k_5 no_think_closed_no_gap
2026-04-24T10:57:16.382771+00:00 generating gsm8k_5 no_think_full
2026-04-24T10:57:29.919451+00:00 generating gsm8k_6 think_open_newline
2026-04-24T10:57:48.303592+00:00 generating gsm8k_6 shared_prefix_only
2026-04-24T10:57:55.544162+00:00 generating gsm8k_6 no_think_preclose
2026-04-24T10:58:02.761424+00:00 generating gsm8k_6 no_think_closed_no_gap
2026-04-24T10:58:09.943113+00:00 generating gsm8k_6 no_think_full
2026-04-24T10:58:17.089044+00:00 generating gsm8k_7 think_open_newline
2026-04-24T11:00:06.716777+00:00 generating gsm8k_7 shared_prefix_only
2026-04-24T11:00:19.318181+00:00 generating gsm8k_7 no_think_preclose
2026-04-24T11:00:33.592839+00:00 generating gsm8k_7 no_think_closed_no_gap
2026-04-24T11:00:47.005243+00:00 generating gsm8k_7 no_think_full
2026-04-24T11:01:09.747076+00:00 generating gsm8k_8 think_open_newline
2026-04-24T11:02:59.374758+00:00 generating gsm8k_8 shared_prefix_only
2026-04-24T11:04:05.911389+00:00 generating gsm8k_8 no_think_preclose
2026-04-24T11:05:55.733332+00:00 generating gsm8k_8 no_think_closed_no_gap
2026-04-24T11:07:45.492172+00:00 generating gsm8k_8 no_think_full
2026-04-24T11:09:35.316453+00:00 generating gsm8k_9 think_open_newline
2026-04-24T11:10:22.965836+00:00 generating gsm8k_9 shared_prefix_only
2026-04-24T11:11:10.332478+00:00 generating gsm8k_9 no_think_preclose
2026-04-24T11:11:19.351160+00:00 generating gsm8k_9 no_think_closed_no_gap
2026-04-24T11:11:28.349050+00:00 generating gsm8k_9 no_think_full
2026-04-24T11:11:37.323980+00:00 generating gsm8k_10 think_open_newline
2026-04-24T11:13:09.493970+00:00 generating gsm8k_10 shared_prefix_only
2026-04-24T11:13:19.950784+00:00 generating gsm8k_10 no_think_preclose
2026-04-24T11:13:30.392690+00:00 generating gsm8k_10 no_think_closed_no_gap
2026-04-24T11:13:40.793667+00:00 generating gsm8k_10 no_think_full
2026-04-24T11:13:51.166753+00:00 generating gsm8k_11 think_open_newline
2026-04-24T11:15:40.758336+00:00 generating gsm8k_11 shared_prefix_only
2026-04-24T11:15:47.886811+00:00 generating gsm8k_11 no_think_preclose
2026-04-24T11:15:54.458260+00:00 generating gsm8k_11 no_think_closed_no_gap
2026-04-24T11:16:01.534466+00:00 generating gsm8k_11 no_think_full
2026-04-24T11:16:08.581190+00:00 generating math500_numeric_2 think_open_newline
2026-04-24T11:17:38.605532+00:00 generating math500_numeric_2 shared_prefix_only
2026-04-24T11:19:28.158044+00:00 generating math500_numeric_2 no_think_preclose
2026-04-24T11:19:41.639319+00:00 generating math500_numeric_2 no_think_closed_no_gap
2026-04-24T11:19:55.098506+00:00 generating math500_numeric_2 no_think_full
2026-04-24T11:20:08.525763+00:00 generating math500_numeric_3 think_open_newline
2026-04-24T11:21:57.895491+00:00 generating math500_numeric_3 shared_prefix_only
2026-04-24T11:22:13.653251+00:00 generating math500_numeric_3 no_think_preclose
2026-04-24T11:22:28.559230+00:00 generating math500_numeric_3 no_think_closed_no_gap
2026-04-24T11:22:42.816924+00:00 generating math500_numeric_3 no_think_full
2026-04-24T11:22:57.671247+00:00 generating math500_numeric_5 think_open_newline
2026-04-24T11:24:47.181533+00:00 generating math500_numeric_5 shared_prefix_only
2026-04-24T11:26:36.669670+00:00 generating math500_numeric_5 no_think_preclose
2026-04-24T11:26:45.826520+00:00 generating math500_numeric_5 no_think_closed_no_gap
2026-04-24T11:26:55.062169+00:00 generating math500_numeric_5 no_think_full
2026-04-24T11:27:04.177389+00:00 generating math500_numeric_6 think_open_newline
2026-04-24T11:28:53.583488+00:00 generating math500_numeric_6 shared_prefix_only
2026-04-24T11:30:43.042718+00:00 generating math500_numeric_6 no_think_preclose
2026-04-24T11:30:59.006905+00:00 generating math500_numeric_6 no_think_closed_no_gap
2026-04-24T11:31:17.085537+00:00 generating math500_numeric_6 no_think_full
2026-04-24T11:31:34.028495+00:00 generating math500_numeric_9 think_open_newline
2026-04-24T11:33:23.957173+00:00 generating math500_numeric_9 shared_prefix_only
2026-04-24T11:35:13.863602+00:00 generating math500_numeric_9 no_think_preclose
2026-04-24T11:37:03.754910+00:00 generating math500_numeric_9 no_think_closed_no_gap
2026-04-24T11:38:53.642055+00:00 generating math500_numeric_9 no_think_full
2026-04-24T11:40:43.672533+00:00 generating math500_numeric_10 think_open_newline
2026-04-24T11:42:33.204554+00:00 generating math500_numeric_10 shared_prefix_only
2026-04-24T11:44:22.687220+00:00 generating math500_numeric_10 no_think_preclose
2026-04-24T11:44:45.906484+00:00 generating math500_numeric_10 no_think_closed_no_gap
2026-04-24T11:45:17.206535+00:00 generating math500_numeric_10 no_think_full
2026-04-24T11:46:14.646915+00:00 generating math500_numeric_11 think_open_newline
2026-04-24T11:48:04.293411+00:00 generating math500_numeric_11 shared_prefix_only
2026-04-24T11:49:53.958113+00:00 generating math500_numeric_11 no_think_preclose
2026-04-24T11:51:43.653626+00:00 generating math500_numeric_11 no_think_closed_no_gap
2026-04-24T11:53:33.373941+00:00 generating math500_numeric_11 no_think_full
2026-04-24T11:55:23.072036+00:00 generating math500_numeric_12 think_open_newline
2026-04-24T11:57:12.811263+00:00 generating math500_numeric_12 shared_prefix_only
2026-04-24T11:59:02.510288+00:00 generating math500_numeric_12 no_think_preclose
2026-04-24T11:59:42.507405+00:00 generating math500_numeric_12 no_think_closed_no_gap
2026-04-24T12:00:19.770732+00:00 generating math500_numeric_12 no_think_full
2026-04-24T12:00:57.292882+00:00 generating math500_numeric_13 think_open_newline
2026-04-24T12:02:47.408479+00:00 generating math500_numeric_13 shared_prefix_only
2026-04-24T12:04:11.640641+00:00 generating math500_numeric_13 no_think_preclose
2026-04-24T12:04:20.827618+00:00 generating math500_numeric_13 no_think_closed_no_gap
2026-04-24T12:04:29.997548+00:00 generating math500_numeric_13 no_think_full
2026-04-24T12:04:39.128792+00:00 generating math500_numeric_16 think_open_newline
2026-04-24T12:06:28.539248+00:00 generating math500_numeric_16 shared_prefix_only
2026-04-24T12:06:37.422349+00:00 generating math500_numeric_16 no_think_preclose
2026-04-24T12:06:46.368922+00:00 generating math500_numeric_16 no_think_closed_no_gap
2026-04-24T12:06:55.652967+00:00 generating math500_numeric_16 no_think_full
2026-04-24T12:07:11.093560+00:00 generating math500_numeric_18 think_open_newline
2026-04-24T12:09:01.130076+00:00 generating math500_numeric_18 shared_prefix_only
2026-04-24T12:10:51.108269+00:00 generating math500_numeric_18 no_think_preclose
2026-04-24T12:11:29.626885+00:00 generating math500_numeric_18 no_think_closed_no_gap
2026-04-24T12:12:29.509380+00:00 generating math500_numeric_18 no_think_full
2026-04-24T12:13:19.539812+00:00 generating math500_numeric_19 think_open_newline
2026-04-24T12:15:09.102461+00:00 generating math500_numeric_19 shared_prefix_only
2026-04-24T12:16:58.766147+00:00 generating math500_numeric_19 no_think_preclose
2026-04-24T12:17:25.314080+00:00 generating math500_numeric_19 no_think_closed_no_gap
2026-04-24T12:17:51.463480+00:00 generating math500_numeric_19 no_think_full
