2026-05-07T02:24:00.894495+00:00 load gemma4_e2b
Fetching 8 files:   0%|          | 0/8 [00:00<?, ?it/s]Fetching 8 files: 100%|██████████| 8/8 [00:00<00:00, 102612.94it/s]
2026-05-07T02:24:03.293321+00:00 train gemma4_e2b off_to_think 1/60 gsm8k_0
2026-05-07T02:24:03.627893+00:00 train gemma4_e2b off_to_think 2/60 gsm8k_1
2026-05-07T02:24:03.822091+00:00 train gemma4_e2b off_to_think 3/60 gsm8k_2
2026-05-07T02:24:04.090676+00:00 train gemma4_e2b off_to_think 4/60 gsm8k_3
2026-05-07T02:24:04.285705+00:00 train gemma4_e2b off_to_think 5/60 gsm8k_4
2026-05-07T02:24:04.645831+00:00 train gemma4_e2b off_to_think 6/60 gsm8k_5
2026-05-07T02:24:04.882108+00:00 train gemma4_e2b off_to_think 7/60 gsm8k_6
2026-05-07T02:24:05.078774+00:00 train gemma4_e2b off_to_think 8/60 gsm8k_7
2026-05-07T02:24:05.355111+00:00 train gemma4_e2b off_to_think 9/60 gsm8k_8
2026-05-07T02:24:05.712997+00:00 train gemma4_e2b off_to_think 10/60 gsm8k_9
2026-05-07T02:24:05.986552+00:00 train gemma4_e2b off_to_think 11/60 gsm8k_10
2026-05-07T02:24:06.260521+00:00 train gemma4_e2b off_to_think 12/60 gsm8k_11
2026-05-07T02:24:06.534090+00:00 train gemma4_e2b off_to_think 13/60 gsm8k_12
2026-05-07T02:24:06.809931+00:00 train gemma4_e2b off_to_think 14/60 gsm8k_13
2026-05-07T02:24:07.083941+00:00 train gemma4_e2b off_to_think 15/60 gsm8k_14
2026-05-07T02:24:07.320318+00:00 train gemma4_e2b off_to_think 16/60 gsm8k_15
2026-05-07T02:24:07.676179+00:00 train gemma4_e2b off_to_think 17/60 gsm8k_16
2026-05-07T02:24:07.912668+00:00 train gemma4_e2b off_to_think 18/60 gsm8k_17
2026-05-07T02:24:08.186079+00:00 train gemma4_e2b off_to_think 19/60 gsm8k_18
2026-05-07T02:24:08.377802+00:00 train gemma4_e2b off_to_think 20/60 gsm8k_19
2026-05-07T02:24:08.653539+00:00 train gemma4_e2b off_to_think 21/60 gsm8k_20
2026-05-07T02:24:08.927239+00:00 train gemma4_e2b off_to_think 22/60 gsm8k_21
2026-05-07T02:24:09.125830+00:00 train gemma4_e2b off_to_think 23/60 gsm8k_22
2026-05-07T02:24:09.397653+00:00 train gemma4_e2b off_to_think 24/60 gsm8k_23
2026-05-07T02:24:09.594005+00:00 train gemma4_e2b off_to_think 25/60 gsm8k_24
2026-05-07T02:24:09.791218+00:00 train gemma4_e2b off_to_think 26/60 gsm8k_25
2026-05-07T02:24:10.067482+00:00 train gemma4_e2b off_to_think 27/60 gsm8k_26
2026-05-07T02:24:10.344182+00:00 train gemma4_e2b off_to_think 28/60 gsm8k_27
2026-05-07T02:24:10.615881+00:00 train gemma4_e2b off_to_think 29/60 gsm8k_28
2026-05-07T02:24:10.851770+00:00 train gemma4_e2b off_to_think 30/60 gsm8k_29
2026-05-07T02:24:11.126587+00:00 train gemma4_e2b off_to_think 31/60 math500_numeric_2
2026-05-07T02:24:11.325076+00:00 train gemma4_e2b off_to_think 32/60 math500_numeric_3
2026-05-07T02:24:11.442208+00:00 train gemma4_e2b off_to_think 33/60 math500_numeric_5
2026-05-07T02:24:11.638678+00:00 train gemma4_e2b off_to_think 34/60 math500_numeric_6
2026-05-07T02:24:11.793223+00:00 train gemma4_e2b off_to_think 35/60 math500_numeric_9
2026-05-07T02:24:12.268464+00:00 train gemma4_e2b off_to_think 36/60 math500_numeric_10
2026-05-07T02:24:12.460556+00:00 train gemma4_e2b off_to_think 37/60 math500_numeric_11
2026-05-07T02:24:12.733956+00:00 train gemma4_e2b off_to_think 38/60 math500_numeric_12
2026-05-07T02:24:13.009396+00:00 train gemma4_e2b off_to_think 39/60 math500_numeric_13
2026-05-07T02:24:13.566051+00:00 train gemma4_e2b off_to_think 40/60 math500_numeric_16
2026-05-07T02:24:13.721325+00:00 train gemma4_e2b off_to_think 41/60 math500_numeric_18
2026-05-07T02:24:14.234383+00:00 train gemma4_e2b off_to_think 42/60 math500_numeric_19
2026-05-07T02:24:14.432861+00:00 train gemma4_e2b off_to_think 43/60 math500_numeric_21
2026-05-07T02:24:14.624652+00:00 train gemma4_e2b off_to_think 44/60 math500_numeric_22
2026-05-07T02:24:15.061358+00:00 train gemma4_e2b off_to_think 45/60 math500_numeric_24
2026-05-07T02:24:15.418331+00:00 train gemma4_e2b off_to_think 46/60 math500_numeric_26
2026-05-07T02:24:15.653597+00:00 train gemma4_e2b off_to_think 47/60 math500_numeric_27
2026-05-07T02:24:15.932046+00:00 train gemma4_e2b off_to_think 48/60 math500_numeric_29
2026-05-07T02:24:16.209743+00:00 train gemma4_e2b off_to_think 49/60 math500_numeric_32
2026-05-07T02:24:16.444108+00:00 train gemma4_e2b off_to_think 50/60 math500_numeric_33
2026-05-07T02:24:16.642782+00:00 train gemma4_e2b off_to_think 51/60 math500_numeric_34
2026-05-07T02:24:16.835838+00:00 train gemma4_e2b off_to_think 52/60 math500_numeric_35
2026-05-07T02:24:17.032121+00:00 train gemma4_e2b off_to_think 53/60 math500_numeric_37
2026-05-07T02:24:17.225032+00:00 train gemma4_e2b off_to_think 54/60 math500_numeric_38
2026-05-07T02:24:17.420533+00:00 train gemma4_e2b off_to_think 55/60 math500_numeric_39
2026-05-07T02:24:17.612497+00:00 train gemma4_e2b off_to_think 56/60 math500_numeric_40
2026-05-07T02:24:17.973439+00:00 train gemma4_e2b off_to_think 57/60 math500_numeric_41
2026-05-07T02:24:18.172116+00:00 train gemma4_e2b off_to_think 58/60 math500_numeric_42
2026-05-07T02:24:18.368520+00:00 train gemma4_e2b off_to_think 59/60 math500_numeric_44
2026-05-07T02:24:18.641471+00:00 train gemma4_e2b off_to_think 60/60 math500_numeric_45
2026-05-07T02:24:28.096833+00:00 eval gemma4_e2b off_to_think 1/30 general_01
2026-05-07T02:24:28.408664+00:00 eval gemma4_e2b off_to_think 2/30 general_02
2026-05-07T02:24:28.678782+00:00 eval gemma4_e2b off_to_think 3/30 general_03
2026-05-07T02:24:28.949102+00:00 eval gemma4_e2b off_to_think 4/30 general_04
2026-05-07T02:24:29.219700+00:00 eval gemma4_e2b off_to_think 5/30 general_05
2026-05-07T02:24:29.491192+00:00 eval gemma4_e2b off_to_think 6/30 general_06
2026-05-07T02:24:29.761091+00:00 eval gemma4_e2b off_to_think 7/30 coding_01
2026-05-07T02:24:30.069713+00:00 eval gemma4_e2b off_to_think 8/30 coding_02
2026-05-07T02:24:30.341262+00:00 eval gemma4_e2b off_to_think 9/30 coding_03
2026-05-07T02:24:30.611092+00:00 eval gemma4_e2b off_to_think 10/30 coding_04
2026-05-07T02:24:30.881295+00:00 eval gemma4_e2b off_to_think 11/30 coding_05
2026-05-07T02:24:31.150571+00:00 eval gemma4_e2b off_to_think 12/30 coding_06
2026-05-07T02:24:31.422028+00:00 eval gemma4_e2b off_to_think 13/30 factual_01
2026-05-07T02:24:31.692502+00:00 eval gemma4_e2b off_to_think 14/30 factual_02
2026-05-07T02:24:31.960908+00:00 eval gemma4_e2b off_to_think 15/30 factual_03
2026-05-07T02:24:32.228937+00:00 eval gemma4_e2b off_to_think 16/30 factual_04
2026-05-07T02:24:32.498846+00:00 eval gemma4_e2b off_to_think 17/30 factual_05
2026-05-07T02:24:32.769129+00:00 eval gemma4_e2b off_to_think 18/30 factual_06
2026-05-07T02:24:33.039432+00:00 eval gemma4_e2b off_to_think 19/30 multiturn_01
2026-05-07T02:24:33.429037+00:00 eval gemma4_e2b off_to_think 20/30 multiturn_02
2026-05-07T02:24:33.780239+00:00 eval gemma4_e2b off_to_think 21/30 multiturn_03
2026-05-07T02:24:34.134092+00:00 eval gemma4_e2b off_to_think 22/30 multiturn_04
2026-05-07T02:24:34.522247+00:00 eval gemma4_e2b off_to_think 23/30 multiturn_05
2026-05-07T02:24:34.873315+00:00 eval gemma4_e2b off_to_think 24/30 multiturn_06
2026-05-07T02:24:35.261222+00:00 eval gemma4_e2b off_to_think 25/30 nonenglish_01
2026-05-07T02:24:35.568688+00:00 eval gemma4_e2b off_to_think 26/30 nonenglish_02
2026-05-07T02:24:35.841471+00:00 eval gemma4_e2b off_to_think 27/30 nonenglish_03
2026-05-07T02:24:36.112322+00:00 eval gemma4_e2b off_to_think 28/30 nonenglish_04
2026-05-07T02:24:36.383549+00:00 eval gemma4_e2b off_to_think 29/30 nonenglish_05
2026-05-07T02:24:36.653495+00:00 eval gemma4_e2b off_to_think 30/30 nonenglish_06
2026-05-07T02:24:36.929018+00:00 train gemma4_e2b think_to_off 1/60 gsm8k_0
2026-05-07T02:24:37.203911+00:00 train gemma4_e2b think_to_off 2/60 gsm8k_1
2026-05-07T02:24:37.395981+00:00 train gemma4_e2b think_to_off 3/60 gsm8k_2
2026-05-07T02:24:37.668686+00:00 train gemma4_e2b think_to_off 4/60 gsm8k_3
2026-05-07T02:24:37.863517+00:00 train gemma4_e2b think_to_off 5/60 gsm8k_4
2026-05-07T02:24:38.225863+00:00 train gemma4_e2b think_to_off 6/60 gsm8k_5
2026-05-07T02:24:38.463386+00:00 train gemma4_e2b think_to_off 7/60 gsm8k_6
2026-05-07T02:24:38.661508+00:00 train gemma4_e2b think_to_off 8/60 gsm8k_7
2026-05-07T02:24:38.938918+00:00 train gemma4_e2b think_to_off 9/60 gsm8k_8
2026-05-07T02:24:39.295853+00:00 train gemma4_e2b think_to_off 10/60 gsm8k_9
2026-05-07T02:24:39.569749+00:00 train gemma4_e2b think_to_off 11/60 gsm8k_10
2026-05-07T02:24:39.842965+00:00 train gemma4_e2b think_to_off 12/60 gsm8k_11
2026-05-07T02:24:40.118439+00:00 train gemma4_e2b think_to_off 13/60 gsm8k_12
2026-05-07T02:24:40.394863+00:00 train gemma4_e2b think_to_off 14/60 gsm8k_13
2026-05-07T02:24:40.668002+00:00 train gemma4_e2b think_to_off 15/60 gsm8k_14
2026-05-07T02:24:40.905419+00:00 train gemma4_e2b think_to_off 16/60 gsm8k_15
2026-05-07T02:24:41.261348+00:00 train gemma4_e2b think_to_off 17/60 gsm8k_16
2026-05-07T02:24:41.499092+00:00 train gemma4_e2b think_to_off 18/60 gsm8k_17
2026-05-07T02:24:41.772286+00:00 train gemma4_e2b think_to_off 19/60 gsm8k_18
2026-05-07T02:24:41.965682+00:00 train gemma4_e2b think_to_off 20/60 gsm8k_19
2026-05-07T02:24:42.242555+00:00 train gemma4_e2b think_to_off 21/60 gsm8k_20
2026-05-07T02:24:42.516260+00:00 train gemma4_e2b think_to_off 22/60 gsm8k_21
2026-05-07T02:24:42.715292+00:00 train gemma4_e2b think_to_off 23/60 gsm8k_22
2026-05-07T02:24:42.986967+00:00 train gemma4_e2b think_to_off 24/60 gsm8k_23
2026-05-07T02:24:43.182706+00:00 train gemma4_e2b think_to_off 25/60 gsm8k_24
2026-05-07T02:24:43.379789+00:00 train gemma4_e2b think_to_off 26/60 gsm8k_25
2026-05-07T02:24:43.656185+00:00 train gemma4_e2b think_to_off 27/60 gsm8k_26
2026-05-07T02:24:43.932999+00:00 train gemma4_e2b think_to_off 28/60 gsm8k_27
2026-05-07T02:24:44.205418+00:00 train gemma4_e2b think_to_off 29/60 gsm8k_28
2026-05-07T02:24:44.442520+00:00 train gemma4_e2b think_to_off 30/60 gsm8k_29
2026-05-07T02:24:44.719394+00:00 train gemma4_e2b think_to_off 31/60 math500_numeric_2
2026-05-07T02:24:44.919218+00:00 train gemma4_e2b think_to_off 32/60 math500_numeric_3
2026-05-07T02:24:45.036220+00:00 train gemma4_e2b think_to_off 33/60 math500_numeric_5
2026-05-07T02:24:45.232128+00:00 train gemma4_e2b think_to_off 34/60 math500_numeric_6
2026-05-07T02:24:45.386445+00:00 train gemma4_e2b think_to_off 35/60 math500_numeric_9
2026-05-07T02:24:45.865585+00:00 train gemma4_e2b think_to_off 36/60 math500_numeric_10
2026-05-07T02:24:46.058330+00:00 train gemma4_e2b think_to_off 37/60 math500_numeric_11
2026-05-07T02:24:46.332715+00:00 train gemma4_e2b think_to_off 38/60 math500_numeric_12
2026-05-07T02:24:46.609404+00:00 train gemma4_e2b think_to_off 39/60 math500_numeric_13
2026-05-07T02:24:47.168970+00:00 train gemma4_e2b think_to_off 40/60 math500_numeric_16
2026-05-07T02:24:47.325063+00:00 train gemma4_e2b think_to_off 41/60 math500_numeric_18
2026-05-07T02:24:47.834088+00:00 train gemma4_e2b think_to_off 42/60 math500_numeric_19
2026-05-07T02:24:48.032708+00:00 train gemma4_e2b think_to_off 43/60 math500_numeric_21
2026-05-07T02:24:48.224913+00:00 train gemma4_e2b think_to_off 44/60 math500_numeric_22
2026-05-07T02:24:48.661820+00:00 train gemma4_e2b think_to_off 45/60 math500_numeric_24
2026-05-07T02:24:49.019697+00:00 train gemma4_e2b think_to_off 46/60 math500_numeric_26
2026-05-07T02:24:49.257087+00:00 train gemma4_e2b think_to_off 47/60 math500_numeric_27
2026-05-07T02:24:49.536841+00:00 train gemma4_e2b think_to_off 48/60 math500_numeric_29
2026-05-07T02:24:49.815327+00:00 train gemma4_e2b think_to_off 49/60 math500_numeric_32
2026-05-07T02:24:50.052289+00:00 train gemma4_e2b think_to_off 50/60 math500_numeric_33
2026-05-07T02:24:50.251751+00:00 train gemma4_e2b think_to_off 51/60 math500_numeric_34
2026-05-07T02:24:50.445819+00:00 train gemma4_e2b think_to_off 52/60 math500_numeric_35
2026-05-07T02:24:50.642351+00:00 train gemma4_e2b think_to_off 53/60 math500_numeric_37
2026-05-07T02:24:50.835941+00:00 train gemma4_e2b think_to_off 54/60 math500_numeric_38
2026-05-07T02:24:51.032435+00:00 train gemma4_e2b think_to_off 55/60 math500_numeric_39
2026-05-07T02:24:51.225434+00:00 train gemma4_e2b think_to_off 56/60 math500_numeric_40
2026-05-07T02:24:51.586584+00:00 train gemma4_e2b think_to_off 57/60 math500_numeric_41
2026-05-07T02:24:51.785643+00:00 train gemma4_e2b think_to_off 58/60 math500_numeric_42
2026-05-07T02:24:51.981277+00:00 train gemma4_e2b think_to_off 59/60 math500_numeric_44
2026-05-07T02:24:52.255647+00:00 train gemma4_e2b think_to_off 60/60 math500_numeric_45
2026-05-07T02:25:02.148593+00:00 eval gemma4_e2b think_to_off 1/30 general_01
2026-05-07T02:25:02.451599+00:00 eval gemma4_e2b think_to_off 2/30 general_02
2026-05-07T02:25:02.733678+00:00 eval gemma4_e2b think_to_off 3/30 general_03
2026-05-07T02:25:03.008426+00:00 eval gemma4_e2b think_to_off 4/30 general_04
2026-05-07T02:25:03.291223+00:00 eval gemma4_e2b think_to_off 5/30 general_05
2026-05-07T02:25:03.577069+00:00 eval gemma4_e2b think_to_off 6/30 general_06
2026-05-07T02:25:03.859064+00:00 eval gemma4_e2b think_to_off 7/30 coding_01
2026-05-07T02:25:04.171569+00:00 eval gemma4_e2b think_to_off 8/30 coding_02
2026-05-07T02:25:04.460337+00:00 eval gemma4_e2b think_to_off 9/30 coding_03
2026-05-07T02:25:04.736913+00:00 eval gemma4_e2b think_to_off 10/30 coding_04
2026-05-07T02:25:05.021086+00:00 eval gemma4_e2b think_to_off 11/30 coding_05
2026-05-07T02:25:05.291777+00:00 eval gemma4_e2b think_to_off 12/30 coding_06
2026-05-07T02:25:05.563926+00:00 eval gemma4_e2b think_to_off 13/30 factual_01
2026-05-07T02:25:05.849046+00:00 eval gemma4_e2b think_to_off 14/30 factual_02
2026-05-07T02:25:06.131553+00:00 eval gemma4_e2b think_to_off 15/30 factual_03
2026-05-07T02:25:06.417874+00:00 eval gemma4_e2b think_to_off 16/30 factual_04
2026-05-07T02:25:06.697707+00:00 eval gemma4_e2b think_to_off 17/30 factual_05
2026-05-07T02:25:06.981148+00:00 eval gemma4_e2b think_to_off 18/30 factual_06
2026-05-07T02:25:07.265347+00:00 eval gemma4_e2b think_to_off 19/30 multiturn_01
2026-05-07T02:25:07.659353+00:00 eval gemma4_e2b think_to_off 20/30 multiturn_02
2026-05-07T02:25:08.027984+00:00 eval gemma4_e2b think_to_off 21/30 multiturn_03
2026-05-07T02:25:08.388302+00:00 eval gemma4_e2b think_to_off 22/30 multiturn_04
2026-05-07T02:25:08.791227+00:00 eval gemma4_e2b think_to_off 23/30 multiturn_05
2026-05-07T02:25:09.146892+00:00 eval gemma4_e2b think_to_off 24/30 multiturn_06
2026-05-07T02:25:09.548808+00:00 eval gemma4_e2b think_to_off 25/30 nonenglish_01
2026-05-07T02:25:09.865858+00:00 eval gemma4_e2b think_to_off 26/30 nonenglish_02
2026-05-07T02:25:10.141082+00:00 eval gemma4_e2b think_to_off 27/30 nonenglish_03
2026-05-07T02:25:10.417846+00:00 eval gemma4_e2b think_to_off 28/30 nonenglish_04
2026-05-07T02:25:10.691510+00:00 eval gemma4_e2b think_to_off 29/30 nonenglish_05
2026-05-07T02:25:10.971709+00:00 eval gemma4_e2b think_to_off 30/30 nonenglish_06
2026-05-07T02:25:11.321919+00:00 load nemotron_nano_4b
Fetching 9 files:   0%|          | 0/9 [00:00<?, ?it/s]Fetching 9 files: 100%|██████████| 9/9 [00:00<00:00, 23490.19it/s]
2026-05-07T02:25:13.133804+00:00 train nemotron_nano_4b off_to_think 1/60 gsm8k_0
2026-05-07T02:25:13.643071+00:00 train nemotron_nano_4b off_to_think 2/60 gsm8k_1
2026-05-07T02:25:13.981212+00:00 train nemotron_nano_4b off_to_think 3/60 gsm8k_2
2026-05-07T02:25:14.461771+00:00 train nemotron_nano_4b off_to_think 4/60 gsm8k_3
2026-05-07T02:25:14.803029+00:00 train nemotron_nano_4b off_to_think 5/60 gsm8k_4
2026-05-07T02:25:15.447362+00:00 train nemotron_nano_4b off_to_think 6/60 gsm8k_5
2026-05-07T02:25:15.931738+00:00 train nemotron_nano_4b off_to_think 7/60 gsm8k_6
2026-05-07T02:25:16.274719+00:00 train nemotron_nano_4b off_to_think 8/60 gsm8k_7
2026-05-07T02:25:16.763196+00:00 train nemotron_nano_4b off_to_think 9/60 gsm8k_8
2026-05-07T02:25:17.403261+00:00 train nemotron_nano_4b off_to_think 10/60 gsm8k_9
2026-05-07T02:25:17.888616+00:00 train nemotron_nano_4b off_to_think 11/60 gsm8k_10
2026-05-07T02:25:18.374102+00:00 train nemotron_nano_4b off_to_think 12/60 gsm8k_11
2026-05-07T02:25:18.861739+00:00 train nemotron_nano_4b off_to_think 13/60 gsm8k_12
2026-05-07T02:25:19.350060+00:00 train nemotron_nano_4b off_to_think 14/60 gsm8k_13
2026-05-07T02:25:19.835331+00:00 train nemotron_nano_4b off_to_think 15/60 gsm8k_14
2026-05-07T02:25:20.318778+00:00 train nemotron_nano_4b off_to_think 16/60 gsm8k_15
2026-05-07T02:25:20.956010+00:00 train nemotron_nano_4b off_to_think 17/60 gsm8k_16
2026-05-07T02:25:21.439628+00:00 train nemotron_nano_4b off_to_think 18/60 gsm8k_17
2026-05-07T02:25:21.924032+00:00 train nemotron_nano_4b off_to_think 19/60 gsm8k_18
2026-05-07T02:25:22.262911+00:00 train nemotron_nano_4b off_to_think 20/60 gsm8k_19
2026-05-07T02:25:22.750967+00:00 train nemotron_nano_4b off_to_think 21/60 gsm8k_20
2026-05-07T02:25:23.236751+00:00 train nemotron_nano_4b off_to_think 22/60 gsm8k_21
2026-05-07T02:25:23.581594+00:00 train nemotron_nano_4b off_to_think 23/60 gsm8k_22
2026-05-07T02:25:24.065722+00:00 train nemotron_nano_4b off_to_think 24/60 gsm8k_23
2026-05-07T02:25:24.408500+00:00 train nemotron_nano_4b off_to_think 25/60 gsm8k_24
2026-05-07T02:25:24.751035+00:00 train nemotron_nano_4b off_to_think 26/60 gsm8k_25
2026-05-07T02:25:25.239367+00:00 train nemotron_nano_4b off_to_think 27/60 gsm8k_26
2026-05-07T02:25:25.727887+00:00 train nemotron_nano_4b off_to_think 28/60 gsm8k_27
2026-05-07T02:25:26.212693+00:00 train nemotron_nano_4b off_to_think 29/60 gsm8k_28
2026-05-07T02:25:26.696181+00:00 train nemotron_nano_4b off_to_think 30/60 gsm8k_29
2026-05-07T02:25:27.180202+00:00 train nemotron_nano_4b off_to_think 31/60 math500_numeric_2
2026-05-07T02:25:27.659704+00:00 train nemotron_nano_4b off_to_think 32/60 math500_numeric_3
2026-05-07T02:25:27.851624+00:00 train nemotron_nano_4b off_to_think 33/60 math500_numeric_5
2026-05-07T02:25:28.195477+00:00 train nemotron_nano_4b off_to_think 34/60 math500_numeric_6
2026-05-07T02:25:28.532721+00:00 train nemotron_nano_4b off_to_think 35/60 math500_numeric_9
2026-05-07T02:25:29.316549+00:00 train nemotron_nano_4b off_to_think 36/60 math500_numeric_10
2026-05-07T02:25:29.654848+00:00 train nemotron_nano_4b off_to_think 37/60 math500_numeric_11
2026-05-07T02:25:30.140401+00:00 train nemotron_nano_4b off_to_think 38/60 math500_numeric_12
2026-05-07T02:25:30.628952+00:00 train nemotron_nano_4b off_to_think 39/60 math500_numeric_13
2026-05-07T02:25:31.570040+00:00 train nemotron_nano_4b off_to_think 40/60 math500_numeric_16
2026-05-07T02:25:31.907245+00:00 train nemotron_nano_4b off_to_think 41/60 math500_numeric_18
2026-05-07T02:25:32.840426+00:00 train nemotron_nano_4b off_to_think 42/60 math500_numeric_19
2026-05-07T02:25:33.324036+00:00 train nemotron_nano_4b off_to_think 43/60 math500_numeric_21
2026-05-07T02:25:33.663159+00:00 train nemotron_nano_4b off_to_think 44/60 math500_numeric_22
2026-05-07T02:25:34.447377+00:00 train nemotron_nano_4b off_to_think 45/60 math500_numeric_24
2026-05-07T02:25:35.088504+00:00 train nemotron_nano_4b off_to_think 46/60 math500_numeric_26
2026-05-07T02:25:35.572734+00:00 train nemotron_nano_4b off_to_think 47/60 math500_numeric_27
2026-05-07T02:25:36.059183+00:00 train nemotron_nano_4b off_to_think 48/60 math500_numeric_29
2026-05-07T02:25:36.545517+00:00 train nemotron_nano_4b off_to_think 49/60 math500_numeric_32
2026-05-07T02:25:37.029451+00:00 train nemotron_nano_4b off_to_think 50/60 math500_numeric_33
2026-05-07T02:25:37.370426+00:00 train nemotron_nano_4b off_to_think 51/60 math500_numeric_34
2026-05-07T02:25:37.712175+00:00 train nemotron_nano_4b off_to_think 52/60 math500_numeric_35
2026-05-07T02:25:38.056340+00:00 train nemotron_nano_4b off_to_think 53/60 math500_numeric_37
2026-05-07T02:25:38.398508+00:00 train nemotron_nano_4b off_to_think 54/60 math500_numeric_38
2026-05-07T02:25:38.742975+00:00 train nemotron_nano_4b off_to_think 55/60 math500_numeric_39
2026-05-07T02:25:39.081292+00:00 train nemotron_nano_4b off_to_think 56/60 math500_numeric_40
2026-05-07T02:25:39.721847+00:00 train nemotron_nano_4b off_to_think 57/60 math500_numeric_41
2026-05-07T02:25:40.205591+00:00 train nemotron_nano_4b off_to_think 58/60 math500_numeric_42
2026-05-07T02:25:40.549426+00:00 train nemotron_nano_4b off_to_think 59/60 math500_numeric_44
2026-05-07T02:25:41.037334+00:00 train nemotron_nano_4b off_to_think 60/60 math500_numeric_45
2026-05-07T02:25:59.024384+00:00 eval nemotron_nano_4b off_to_think 1/30 general_01
2026-05-07T02:25:59.439551+00:00 eval nemotron_nano_4b off_to_think 2/30 general_02
2026-05-07T02:25:59.824484+00:00 eval nemotron_nano_4b off_to_think 3/30 general_03
2026-05-07T02:26:00.408247+00:00 eval nemotron_nano_4b off_to_think 4/30 general_04
2026-05-07T02:26:00.990018+00:00 eval nemotron_nano_4b off_to_think 5/30 general_05
2026-05-07T02:26:01.574656+00:00 eval nemotron_nano_4b off_to_think 6/30 general_06
2026-05-07T02:26:02.158275+00:00 eval nemotron_nano_4b off_to_think 7/30 coding_01
2026-05-07T02:26:02.743426+00:00 eval nemotron_nano_4b off_to_think 8/30 coding_02
2026-05-07T02:26:03.324575+00:00 eval nemotron_nano_4b off_to_think 9/30 coding_03
2026-05-07T02:26:03.711291+00:00 eval nemotron_nano_4b off_to_think 10/30 coding_04
2026-05-07T02:26:04.098756+00:00 eval nemotron_nano_4b off_to_think 11/30 coding_05
2026-05-07T02:26:04.681875+00:00 eval nemotron_nano_4b off_to_think 12/30 coding_06
2026-05-07T02:26:05.260396+00:00 eval nemotron_nano_4b off_to_think 13/30 factual_01
2026-05-07T02:26:05.644553+00:00 eval nemotron_nano_4b off_to_think 14/30 factual_02
2026-05-07T02:26:06.028005+00:00 eval nemotron_nano_4b off_to_think 15/30 factual_03
2026-05-07T02:26:06.412604+00:00 eval nemotron_nano_4b off_to_think 16/30 factual_04
2026-05-07T02:26:06.793847+00:00 eval nemotron_nano_4b off_to_think 17/30 factual_05
2026-05-07T02:26:07.177062+00:00 eval nemotron_nano_4b off_to_think 18/30 factual_06
2026-05-07T02:26:07.561118+00:00 eval nemotron_nano_4b off_to_think 19/30 multiturn_01
2026-05-07T02:26:08.355375+00:00 eval nemotron_nano_4b off_to_think 20/30 multiturn_02
2026-05-07T02:26:09.147079+00:00 eval nemotron_nano_4b off_to_think 21/30 multiturn_03
2026-05-07T02:26:09.745861+00:00 eval nemotron_nano_4b off_to_think 22/30 multiturn_04
2026-05-07T02:26:10.538794+00:00 eval nemotron_nano_4b off_to_think 23/30 multiturn_05
2026-05-07T02:26:11.133979+00:00 eval nemotron_nano_4b off_to_think 24/30 multiturn_06
2026-05-07T02:26:11.925873+00:00 eval nemotron_nano_4b off_to_think 25/30 nonenglish_01
2026-05-07T02:26:12.512209+00:00 eval nemotron_nano_4b off_to_think 26/30 nonenglish_02
2026-05-07T02:26:13.096515+00:00 eval nemotron_nano_4b off_to_think 27/30 nonenglish_03
2026-05-07T02:26:13.681145+00:00 eval nemotron_nano_4b off_to_think 28/30 nonenglish_04
2026-05-07T02:26:14.261353+00:00 eval nemotron_nano_4b off_to_think 29/30 nonenglish_05
2026-05-07T02:26:14.846255+00:00 eval nemotron_nano_4b off_to_think 30/30 nonenglish_06
2026-05-07T02:26:15.432162+00:00 train nemotron_nano_4b think_to_off 1/60 gsm8k_0
2026-05-07T02:26:15.920613+00:00 train nemotron_nano_4b think_to_off 2/60 gsm8k_1
2026-05-07T02:26:16.259906+00:00 train nemotron_nano_4b think_to_off 3/60 gsm8k_2
2026-05-07T02:26:16.743221+00:00 train nemotron_nano_4b think_to_off 4/60 gsm8k_3
2026-05-07T02:26:17.085269+00:00 train nemotron_nano_4b think_to_off 5/60 gsm8k_4
2026-05-07T02:26:17.728684+00:00 train nemotron_nano_4b think_to_off 6/60 gsm8k_5
2026-05-07T02:26:18.214057+00:00 train nemotron_nano_4b think_to_off 7/60 gsm8k_6
2026-05-07T02:26:18.558677+00:00 train nemotron_nano_4b think_to_off 8/60 gsm8k_7
2026-05-07T02:26:19.048094+00:00 train nemotron_nano_4b think_to_off 9/60 gsm8k_8
2026-05-07T02:26:19.688973+00:00 train nemotron_nano_4b think_to_off 10/60 gsm8k_9
2026-05-07T02:26:20.175320+00:00 train nemotron_nano_4b think_to_off 11/60 gsm8k_10
2026-05-07T02:26:20.661901+00:00 train nemotron_nano_4b think_to_off 12/60 gsm8k_11
2026-05-07T02:26:21.150123+00:00 train nemotron_nano_4b think_to_off 13/60 gsm8k_12
2026-05-07T02:26:21.639653+00:00 train nemotron_nano_4b think_to_off 14/60 gsm8k_13
2026-05-07T02:26:22.125887+00:00 train nemotron_nano_4b think_to_off 15/60 gsm8k_14
2026-05-07T02:26:22.610071+00:00 train nemotron_nano_4b think_to_off 16/60 gsm8k_15
2026-05-07T02:26:23.248244+00:00 train nemotron_nano_4b think_to_off 17/60 gsm8k_16
2026-05-07T02:26:23.732908+00:00 train nemotron_nano_4b think_to_off 18/60 gsm8k_17
2026-05-07T02:26:24.217785+00:00 train nemotron_nano_4b think_to_off 19/60 gsm8k_18
2026-05-07T02:26:24.557642+00:00 train nemotron_nano_4b think_to_off 20/60 gsm8k_19
2026-05-07T02:26:25.046867+00:00 train nemotron_nano_4b think_to_off 21/60 gsm8k_20
2026-05-07T02:26:25.533775+00:00 train nemotron_nano_4b think_to_off 22/60 gsm8k_21
2026-05-07T02:26:25.879112+00:00 train nemotron_nano_4b think_to_off 23/60 gsm8k_22
2026-05-07T02:26:26.365189+00:00 train nemotron_nano_4b think_to_off 24/60 gsm8k_23
2026-05-07T02:26:26.709181+00:00 train nemotron_nano_4b think_to_off 25/60 gsm8k_24
2026-05-07T02:26:27.051907+00:00 train nemotron_nano_4b think_to_off 26/60 gsm8k_25
2026-05-07T02:26:27.541979+00:00 train nemotron_nano_4b think_to_off 27/60 gsm8k_26
2026-05-07T02:26:28.031372+00:00 train nemotron_nano_4b think_to_off 28/60 gsm8k_27
2026-05-07T02:26:28.518186+00:00 train nemotron_nano_4b think_to_off 29/60 gsm8k_28
2026-05-07T02:26:29.002596+00:00 train nemotron_nano_4b think_to_off 30/60 gsm8k_29
2026-05-07T02:26:29.492065+00:00 train nemotron_nano_4b think_to_off 31/60 math500_numeric_2
2026-05-07T02:26:29.976458+00:00 train nemotron_nano_4b think_to_off 32/60 math500_numeric_3
2026-05-07T02:26:30.168642+00:00 train nemotron_nano_4b think_to_off 33/60 math500_numeric_5
2026-05-07T02:26:30.513280+00:00 train nemotron_nano_4b think_to_off 34/60 math500_numeric_6
2026-05-07T02:26:30.851526+00:00 train nemotron_nano_4b think_to_off 35/60 math500_numeric_9
2026-05-07T02:26:31.636095+00:00 train nemotron_nano_4b think_to_off 36/60 math500_numeric_10
2026-05-07T02:26:31.975466+00:00 train nemotron_nano_4b think_to_off 37/60 math500_numeric_11
2026-05-07T02:26:32.462371+00:00 train nemotron_nano_4b think_to_off 38/60 math500_numeric_12
2026-05-07T02:26:32.952034+00:00 train nemotron_nano_4b think_to_off 39/60 math500_numeric_13
2026-05-07T02:26:33.894775+00:00 train nemotron_nano_4b think_to_off 40/60 math500_numeric_16
2026-05-07T02:26:34.232641+00:00 train nemotron_nano_4b think_to_off 41/60 math500_numeric_18
2026-05-07T02:26:35.165379+00:00 train nemotron_nano_4b think_to_off 42/60 math500_numeric_19
2026-05-07T02:26:35.649940+00:00 train nemotron_nano_4b think_to_off 43/60 math500_numeric_21
2026-05-07T02:26:35.990002+00:00 train nemotron_nano_4b think_to_off 44/60 math500_numeric_22
2026-05-07T02:26:36.774439+00:00 train nemotron_nano_4b think_to_off 45/60 math500_numeric_24
2026-05-07T02:26:37.415494+00:00 train nemotron_nano_4b think_to_off 46/60 math500_numeric_26
2026-05-07T02:26:37.900842+00:00 train nemotron_nano_4b think_to_off 47/60 math500_numeric_27
2026-05-07T02:26:38.387402+00:00 train nemotron_nano_4b think_to_off 48/60 math500_numeric_29
2026-05-07T02:26:38.874769+00:00 train nemotron_nano_4b think_to_off 49/60 math500_numeric_32
2026-05-07T02:26:39.359454+00:00 train nemotron_nano_4b think_to_off 50/60 math500_numeric_33
2026-05-07T02:26:39.701454+00:00 train nemotron_nano_4b think_to_off 51/60 math500_numeric_34
2026-05-07T02:26:40.043989+00:00 train nemotron_nano_4b think_to_off 52/60 math500_numeric_35
2026-05-07T02:26:40.388917+00:00 train nemotron_nano_4b think_to_off 53/60 math500_numeric_37
2026-05-07T02:26:40.731620+00:00 train nemotron_nano_4b think_to_off 54/60 math500_numeric_38
2026-05-07T02:26:41.076868+00:00 train nemotron_nano_4b think_to_off 55/60 math500_numeric_39
2026-05-07T02:26:41.415395+00:00 train nemotron_nano_4b think_to_off 56/60 math500_numeric_40
2026-05-07T02:26:42.056104+00:00 train nemotron_nano_4b think_to_off 57/60 math500_numeric_41
2026-05-07T02:26:42.541050+00:00 train nemotron_nano_4b think_to_off 58/60 math500_numeric_42
2026-05-07T02:26:42.885419+00:00 train nemotron_nano_4b think_to_off 59/60 math500_numeric_44
2026-05-07T02:26:43.374453+00:00 train nemotron_nano_4b think_to_off 60/60 math500_numeric_45
2026-05-07T02:27:01.348011+00:00 eval nemotron_nano_4b think_to_off 1/30 general_01
2026-05-07T02:27:01.760328+00:00 eval nemotron_nano_4b think_to_off 2/30 general_02
2026-05-07T02:27:02.147676+00:00 eval nemotron_nano_4b think_to_off 3/30 general_03
2026-05-07T02:27:02.730548+00:00 eval nemotron_nano_4b think_to_off 4/30 general_04
2026-05-07T02:27:03.309287+00:00 eval nemotron_nano_4b think_to_off 5/30 general_05
2026-05-07T02:27:03.896719+00:00 eval nemotron_nano_4b think_to_off 6/30 general_06
2026-05-07T02:27:04.480841+00:00 eval nemotron_nano_4b think_to_off 7/30 coding_01
2026-05-07T02:27:05.062326+00:00 eval nemotron_nano_4b think_to_off 8/30 coding_02
2026-05-07T02:27:05.646809+00:00 eval nemotron_nano_4b think_to_off 9/30 coding_03
2026-05-07T02:27:06.034223+00:00 eval nemotron_nano_4b think_to_off 10/30 coding_04
2026-05-07T02:27:06.421484+00:00 eval nemotron_nano_4b think_to_off 11/30 coding_05
2026-05-07T02:27:07.008017+00:00 eval nemotron_nano_4b think_to_off 12/30 coding_06
2026-05-07T02:27:07.595367+00:00 eval nemotron_nano_4b think_to_off 13/30 factual_01
2026-05-07T02:27:07.982138+00:00 eval nemotron_nano_4b think_to_off 14/30 factual_02
2026-05-07T02:27:08.364165+00:00 eval nemotron_nano_4b think_to_off 15/30 factual_03
2026-05-07T02:27:08.745713+00:00 eval nemotron_nano_4b think_to_off 16/30 factual_04
2026-05-07T02:27:09.127895+00:00 eval nemotron_nano_4b think_to_off 17/30 factual_05
2026-05-07T02:27:09.514707+00:00 eval nemotron_nano_4b think_to_off 18/30 factual_06
2026-05-07T02:27:09.900556+00:00 eval nemotron_nano_4b think_to_off 19/30 multiturn_01
2026-05-07T02:27:10.693171+00:00 eval nemotron_nano_4b think_to_off 20/30 multiturn_02
2026-05-07T02:27:11.486368+00:00 eval nemotron_nano_4b think_to_off 21/30 multiturn_03
2026-05-07T02:27:12.087104+00:00 eval nemotron_nano_4b think_to_off 22/30 multiturn_04
2026-05-07T02:27:12.880060+00:00 eval nemotron_nano_4b think_to_off 23/30 multiturn_05
2026-05-07T02:27:13.476756+00:00 eval nemotron_nano_4b think_to_off 24/30 multiturn_06
2026-05-07T02:27:14.270943+00:00 eval nemotron_nano_4b think_to_off 25/30 nonenglish_01
2026-05-07T02:27:14.859320+00:00 eval nemotron_nano_4b think_to_off 26/30 nonenglish_02
2026-05-07T02:27:15.443879+00:00 eval nemotron_nano_4b think_to_off 27/30 nonenglish_03
2026-05-07T02:27:16.029014+00:00 eval nemotron_nano_4b think_to_off 28/30 nonenglish_04
2026-05-07T02:27:16.615874+00:00 eval nemotron_nano_4b think_to_off 29/30 nonenglish_05
2026-05-07T02:27:17.201533+00:00 eval nemotron_nano_4b think_to_off 30/30 nonenglish_06
