2026-05-05T07:09:10.288915+00:00 load gemma4_e2b
Fetching 8 files:   0%|          | 0/8 [00:00<?, ?it/s]Fetching 8 files: 100%|██████████| 8/8 [00:00<00:00, 100162.48it/s]
2026-05-05T07:09:11.567621+00:00 train gemma4_e2b off_to_think 1/60 gsm8k_0
2026-05-05T07:09:11.898468+00:00 train gemma4_e2b off_to_think 2/60 gsm8k_1
2026-05-05T07:09:12.092534+00:00 train gemma4_e2b off_to_think 3/60 gsm8k_2
2026-05-05T07:09:12.364338+00:00 train gemma4_e2b off_to_think 4/60 gsm8k_3
2026-05-05T07:09:12.558843+00:00 train gemma4_e2b off_to_think 5/60 gsm8k_4
2026-05-05T07:09:12.920144+00:00 train gemma4_e2b off_to_think 6/60 gsm8k_5
2026-05-05T07:09:13.157352+00:00 train gemma4_e2b off_to_think 7/60 gsm8k_6
2026-05-05T07:09:13.354724+00:00 train gemma4_e2b off_to_think 8/60 gsm8k_7
2026-05-05T07:09:13.631948+00:00 train gemma4_e2b off_to_think 9/60 gsm8k_8
2026-05-05T07:09:13.989375+00:00 train gemma4_e2b off_to_think 10/60 gsm8k_9
2026-05-05T07:09:14.263032+00:00 train gemma4_e2b off_to_think 11/60 gsm8k_10
2026-05-05T07:09:14.535739+00:00 train gemma4_e2b off_to_think 12/60 gsm8k_11
2026-05-05T07:09:14.809875+00:00 train gemma4_e2b off_to_think 13/60 gsm8k_12
2026-05-05T07:09:15.085614+00:00 train gemma4_e2b off_to_think 14/60 gsm8k_13
2026-05-05T07:09:15.359480+00:00 train gemma4_e2b off_to_think 15/60 gsm8k_14
2026-05-05T07:09:15.596024+00:00 train gemma4_e2b off_to_think 16/60 gsm8k_15
2026-05-05T07:09:15.952614+00:00 train gemma4_e2b off_to_think 17/60 gsm8k_16
2026-05-05T07:09:16.187891+00:00 train gemma4_e2b off_to_think 18/60 gsm8k_17
2026-05-05T07:09:16.460819+00:00 train gemma4_e2b off_to_think 19/60 gsm8k_18
2026-05-05T07:09:16.653199+00:00 train gemma4_e2b off_to_think 20/60 gsm8k_19
2026-05-05T07:09:16.928329+00:00 train gemma4_e2b off_to_think 21/60 gsm8k_20
2026-05-05T07:09:17.202108+00:00 train gemma4_e2b off_to_think 22/60 gsm8k_21
2026-05-05T07:09:17.400100+00:00 train gemma4_e2b off_to_think 23/60 gsm8k_22
2026-05-05T07:09:17.671091+00:00 train gemma4_e2b off_to_think 24/60 gsm8k_23
2026-05-05T07:09:17.867234+00:00 train gemma4_e2b off_to_think 25/60 gsm8k_24
2026-05-05T07:09:18.063860+00:00 train gemma4_e2b off_to_think 26/60 gsm8k_25
2026-05-05T07:09:18.340192+00:00 train gemma4_e2b off_to_think 27/60 gsm8k_26
2026-05-05T07:09:18.616837+00:00 train gemma4_e2b off_to_think 28/60 gsm8k_27
2026-05-05T07:09:18.888862+00:00 train gemma4_e2b off_to_think 29/60 gsm8k_28
2026-05-05T07:09:19.124045+00:00 train gemma4_e2b off_to_think 30/60 gsm8k_29
2026-05-05T07:09:19.400057+00:00 train gemma4_e2b off_to_think 31/60 math500_numeric_2
2026-05-05T07:09:19.597866+00:00 train gemma4_e2b off_to_think 32/60 math500_numeric_3
2026-05-05T07:09:19.715328+00:00 train gemma4_e2b off_to_think 33/60 math500_numeric_5
2026-05-05T07:09:19.911313+00:00 train gemma4_e2b off_to_think 34/60 math500_numeric_6
2026-05-05T07:09:20.065894+00:00 train gemma4_e2b off_to_think 35/60 math500_numeric_9
2026-05-05T07:09:20.542650+00:00 train gemma4_e2b off_to_think 36/60 math500_numeric_10
2026-05-05T07:09:20.734325+00:00 train gemma4_e2b off_to_think 37/60 math500_numeric_11
2026-05-05T07:09:21.009094+00:00 train gemma4_e2b off_to_think 38/60 math500_numeric_12
2026-05-05T07:09:21.285131+00:00 train gemma4_e2b off_to_think 39/60 math500_numeric_13
2026-05-05T07:09:21.841937+00:00 train gemma4_e2b off_to_think 40/60 math500_numeric_16
2026-05-05T07:09:22.032590+00:00 train gemma4_e2b off_to_think 41/60 math500_numeric_18
2026-05-05T07:09:22.546518+00:00 train gemma4_e2b off_to_think 42/60 math500_numeric_19
2026-05-05T07:09:22.745240+00:00 train gemma4_e2b off_to_think 43/60 math500_numeric_21
2026-05-05T07:09:22.937379+00:00 train gemma4_e2b off_to_think 44/60 math500_numeric_22
2026-05-05T07:09:23.373391+00:00 train gemma4_e2b off_to_think 45/60 math500_numeric_24
2026-05-05T07:09:23.731489+00:00 train gemma4_e2b off_to_think 46/60 math500_numeric_26
2026-05-05T07:09:23.966360+00:00 train gemma4_e2b off_to_think 47/60 math500_numeric_27
2026-05-05T07:09:24.244006+00:00 train gemma4_e2b off_to_think 48/60 math500_numeric_29
2026-05-05T07:09:24.523080+00:00 train gemma4_e2b off_to_think 49/60 math500_numeric_32
2026-05-05T07:09:24.758172+00:00 train gemma4_e2b off_to_think 50/60 math500_numeric_33
2026-05-05T07:09:24.956834+00:00 train gemma4_e2b off_to_think 51/60 math500_numeric_34
2026-05-05T07:09:25.150108+00:00 train gemma4_e2b off_to_think 52/60 math500_numeric_35
2026-05-05T07:09:25.346545+00:00 train gemma4_e2b off_to_think 53/60 math500_numeric_37
2026-05-05T07:09:25.539605+00:00 train gemma4_e2b off_to_think 54/60 math500_numeric_38
2026-05-05T07:09:25.735234+00:00 train gemma4_e2b off_to_think 55/60 math500_numeric_39
2026-05-05T07:09:25.927293+00:00 train gemma4_e2b off_to_think 56/60 math500_numeric_40
2026-05-05T07:09:26.287434+00:00 train gemma4_e2b off_to_think 57/60 math500_numeric_41
2026-05-05T07:09:26.485743+00:00 train gemma4_e2b off_to_think 58/60 math500_numeric_42
2026-05-05T07:09:26.681903+00:00 train gemma4_e2b off_to_think 59/60 math500_numeric_44
2026-05-05T07:09:26.955136+00:00 train gemma4_e2b off_to_think 60/60 math500_numeric_45
2026-05-05T07:09:36.567438+00:00 eval gemma4_e2b off_to_think 1/60 aime2025_0
2026-05-05T07:09:36.981467+00:00 eval gemma4_e2b off_to_think 2/60 aime2025_1
2026-05-05T07:09:37.696528+00:00 eval gemma4_e2b off_to_think 3/60 aime2025_2
2026-05-05T07:09:38.285655+00:00 eval gemma4_e2b off_to_think 4/60 aime2025_3
2026-05-05T07:09:38.722086+00:00 eval gemma4_e2b off_to_think 5/60 aime2025_4
2026-05-05T07:09:39.235933+00:00 eval gemma4_e2b off_to_think 6/60 aime2025_5
2026-05-05T07:09:39.749174+00:00 eval gemma4_e2b off_to_think 7/60 aime2025_6
2026-05-05T07:09:40.422336+00:00 eval gemma4_e2b off_to_think 8/60 aime2025_7
2026-05-05T07:09:41.018515+00:00 eval gemma4_e2b off_to_think 9/60 aime2025_8
2026-05-05T07:09:41.604626+00:00 eval gemma4_e2b off_to_think 10/60 aime2025_9
2026-05-05T07:09:43.384170+00:00 eval gemma4_e2b off_to_think 11/60 aime2025_10
2026-05-05T07:09:45.775086+00:00 eval gemma4_e2b off_to_think 12/60 aime2025_11
2026-05-05T07:09:46.382905+00:00 eval gemma4_e2b off_to_think 13/60 aime2025_12
2026-05-05T07:09:46.895865+00:00 eval gemma4_e2b off_to_think 14/60 aime2025_13
2026-05-05T07:09:47.569627+00:00 eval gemma4_e2b off_to_think 15/60 aime2025_14
2026-05-05T07:09:48.083785+00:00 eval gemma4_e2b off_to_think 16/60 aime2025_15
2026-05-05T07:09:48.595677+00:00 eval gemma4_e2b off_to_think 17/60 aime2025_16
2026-05-05T07:09:49.026892+00:00 eval gemma4_e2b off_to_think 18/60 aime2025_17
2026-05-05T07:09:49.943005+00:00 eval gemma4_e2b off_to_think 19/60 aime2025_18
2026-05-05T07:09:50.701418+00:00 eval gemma4_e2b off_to_think 20/60 aime2025_19
2026-05-05T07:09:52.296394+00:00 eval gemma4_e2b off_to_think 21/60 aime2025_20
2026-05-05T07:09:54.143479+00:00 eval gemma4_e2b off_to_think 22/60 aime2025_21
2026-05-05T07:09:54.665147+00:00 eval gemma4_e2b off_to_think 23/60 aime2025_22
2026-05-05T07:09:55.662674+00:00 eval gemma4_e2b off_to_think 24/60 aime2025_23
2026-05-05T07:09:56.186299+00:00 eval gemma4_e2b off_to_think 25/60 aime2025_24
2026-05-05T07:09:56.701253+00:00 eval gemma4_e2b off_to_think 26/60 aime2025_25
2026-05-05T07:09:57.139288+00:00 eval gemma4_e2b off_to_think 27/60 aime2025_26
2026-05-05T07:09:57.977070+00:00 eval gemma4_e2b off_to_think 28/60 aime2025_27
2026-05-05T07:09:58.580843+00:00 eval gemma4_e2b off_to_think 29/60 aime2025_28
2026-05-05T07:09:59.138668+00:00 eval gemma4_e2b off_to_think 30/60 aime2025_29
2026-05-05T07:09:59.653295+00:00 eval gemma4_e2b off_to_think 31/60 aime2026_1
2026-05-05T07:10:00.330880+00:00 eval gemma4_e2b off_to_think 32/60 aime2026_2
2026-05-05T07:10:00.846194+00:00 eval gemma4_e2b off_to_think 33/60 aime2026_3
2026-05-05T07:10:01.449261+00:00 eval gemma4_e2b off_to_think 34/60 aime2026_4
2026-05-05T07:10:01.884452+00:00 eval gemma4_e2b off_to_think 35/60 aime2026_5
2026-05-05T07:10:02.560346+00:00 eval gemma4_e2b off_to_think 36/60 aime2026_6
2026-05-05T07:10:02.997931+00:00 eval gemma4_e2b off_to_think 37/60 aime2026_7
2026-05-05T07:10:03.512254+00:00 eval gemma4_e2b off_to_think 38/60 aime2026_8
2026-05-05T07:10:03.954715+00:00 eval gemma4_e2b off_to_think 39/60 aime2026_9
2026-05-05T07:10:04.717048+00:00 eval gemma4_e2b off_to_think 40/60 aime2026_10
2026-05-05T07:10:05.311057+00:00 eval gemma4_e2b off_to_think 41/60 aime2026_11
2026-05-05T07:10:06.069813+00:00 eval gemma4_e2b off_to_think 42/60 aime2026_12
2026-05-05T07:10:06.830968+00:00 eval gemma4_e2b off_to_think 43/60 aime2026_13
2026-05-05T07:10:07.591227+00:00 eval gemma4_e2b off_to_think 44/60 aime2026_14
2026-05-05T07:10:08.153654+00:00 eval gemma4_e2b off_to_think 45/60 aime2026_15
2026-05-05T07:10:09.150767+00:00 eval gemma4_e2b off_to_think 46/60 aime2026_16
2026-05-05T07:10:09.586458+00:00 eval gemma4_e2b off_to_think 47/60 aime2026_17
2026-05-05T07:10:10.761573+00:00 eval gemma4_e2b off_to_think 48/60 aime2026_18
2026-05-05T07:10:11.436147+00:00 eval gemma4_e2b off_to_think 49/60 aime2026_19
2026-05-05T07:10:12.077042+00:00 eval gemma4_e2b off_to_think 50/60 aime2026_20
2026-05-05T07:10:12.598102+00:00 eval gemma4_e2b off_to_think 51/60 aime2026_21
2026-05-05T07:10:13.076870+00:00 eval gemma4_e2b off_to_think 52/60 aime2026_22
2026-05-05T07:10:13.675632+00:00 eval gemma4_e2b off_to_think 53/60 aime2026_23
2026-05-05T07:10:14.194470+00:00 eval gemma4_e2b off_to_think 54/60 aime2026_24
2026-05-05T07:10:14.753547+00:00 eval gemma4_e2b off_to_think 55/60 aime2026_25
2026-05-05T07:10:15.432518+00:00 eval gemma4_e2b off_to_think 56/60 aime2026_26
2026-05-05T07:10:16.028481+00:00 eval gemma4_e2b off_to_think 57/60 aime2026_27
2026-05-05T07:10:16.703962+00:00 eval gemma4_e2b off_to_think 58/60 aime2026_28
2026-05-05T07:10:17.377836+00:00 eval gemma4_e2b off_to_think 59/60 aime2026_29
2026-05-05T07:10:18.142053+00:00 eval gemma4_e2b off_to_think 60/60 aime2026_30
2026-05-05T07:10:18.911730+00:00 train gemma4_e2b think_to_off 1/60 gsm8k_0
2026-05-05T07:10:19.187133+00:00 train gemma4_e2b think_to_off 2/60 gsm8k_1
2026-05-05T07:10:19.379833+00:00 train gemma4_e2b think_to_off 3/60 gsm8k_2
2026-05-05T07:10:19.653853+00:00 train gemma4_e2b think_to_off 4/60 gsm8k_3
2026-05-05T07:10:19.849610+00:00 train gemma4_e2b think_to_off 5/60 gsm8k_4
2026-05-05T07:10:20.204628+00:00 train gemma4_e2b think_to_off 6/60 gsm8k_5
2026-05-05T07:10:20.442853+00:00 train gemma4_e2b think_to_off 7/60 gsm8k_6
2026-05-05T07:10:20.640603+00:00 train gemma4_e2b think_to_off 8/60 gsm8k_7
2026-05-05T07:10:20.918749+00:00 train gemma4_e2b think_to_off 9/60 gsm8k_8
2026-05-05T07:10:21.278503+00:00 train gemma4_e2b think_to_off 10/60 gsm8k_9
2026-05-05T07:10:21.553226+00:00 train gemma4_e2b think_to_off 11/60 gsm8k_10
2026-05-05T07:10:21.828051+00:00 train gemma4_e2b think_to_off 12/60 gsm8k_11
2026-05-05T07:10:22.102763+00:00 train gemma4_e2b think_to_off 13/60 gsm8k_12
2026-05-05T07:10:22.379216+00:00 train gemma4_e2b think_to_off 14/60 gsm8k_13
2026-05-05T07:10:22.652964+00:00 train gemma4_e2b think_to_off 15/60 gsm8k_14
2026-05-05T07:10:22.890996+00:00 train gemma4_e2b think_to_off 16/60 gsm8k_15
2026-05-05T07:10:23.248378+00:00 train gemma4_e2b think_to_off 17/60 gsm8k_16
2026-05-05T07:10:23.486861+00:00 train gemma4_e2b think_to_off 18/60 gsm8k_17
2026-05-05T07:10:23.761612+00:00 train gemma4_e2b think_to_off 19/60 gsm8k_18
2026-05-05T07:10:23.954012+00:00 train gemma4_e2b think_to_off 20/60 gsm8k_19
2026-05-05T07:10:24.230816+00:00 train gemma4_e2b think_to_off 21/60 gsm8k_20
2026-05-05T07:10:24.506587+00:00 train gemma4_e2b think_to_off 22/60 gsm8k_21
2026-05-05T07:10:24.705182+00:00 train gemma4_e2b think_to_off 23/60 gsm8k_22
2026-05-05T07:10:24.979545+00:00 train gemma4_e2b think_to_off 24/60 gsm8k_23
2026-05-05T07:10:25.176589+00:00 train gemma4_e2b think_to_off 25/60 gsm8k_24
2026-05-05T07:10:25.374513+00:00 train gemma4_e2b think_to_off 26/60 gsm8k_25
2026-05-05T07:10:25.651168+00:00 train gemma4_e2b think_to_off 27/60 gsm8k_26
2026-05-05T07:10:25.927651+00:00 train gemma4_e2b think_to_off 28/60 gsm8k_27
2026-05-05T07:10:26.201794+00:00 train gemma4_e2b think_to_off 29/60 gsm8k_28
2026-05-05T07:10:26.438739+00:00 train gemma4_e2b think_to_off 30/60 gsm8k_29
2026-05-05T07:10:26.715923+00:00 train gemma4_e2b think_to_off 31/60 math500_numeric_2
2026-05-05T07:10:26.915212+00:00 train gemma4_e2b think_to_off 32/60 math500_numeric_3
2026-05-05T07:10:27.032935+00:00 train gemma4_e2b think_to_off 33/60 math500_numeric_5
2026-05-05T07:10:27.229657+00:00 train gemma4_e2b think_to_off 34/60 math500_numeric_6
2026-05-05T07:10:27.384608+00:00 train gemma4_e2b think_to_off 35/60 math500_numeric_9
2026-05-05T07:10:27.862789+00:00 train gemma4_e2b think_to_off 36/60 math500_numeric_10
2026-05-05T07:10:28.055448+00:00 train gemma4_e2b think_to_off 37/60 math500_numeric_11
2026-05-05T07:10:28.329835+00:00 train gemma4_e2b think_to_off 38/60 math500_numeric_12
2026-05-05T07:10:28.606381+00:00 train gemma4_e2b think_to_off 39/60 math500_numeric_13
2026-05-05T07:10:29.166650+00:00 train gemma4_e2b think_to_off 40/60 math500_numeric_16
2026-05-05T07:10:29.323119+00:00 train gemma4_e2b think_to_off 41/60 math500_numeric_18
2026-05-05T07:10:29.838518+00:00 train gemma4_e2b think_to_off 42/60 math500_numeric_19
2026-05-05T07:10:30.038306+00:00 train gemma4_e2b think_to_off 43/60 math500_numeric_21
2026-05-05T07:10:30.231226+00:00 train gemma4_e2b think_to_off 44/60 math500_numeric_22
2026-05-05T07:10:30.668351+00:00 train gemma4_e2b think_to_off 45/60 math500_numeric_24
2026-05-05T07:10:31.026099+00:00 train gemma4_e2b think_to_off 46/60 math500_numeric_26
2026-05-05T07:10:31.263577+00:00 train gemma4_e2b think_to_off 47/60 math500_numeric_27
2026-05-05T07:10:31.544146+00:00 train gemma4_e2b think_to_off 48/60 math500_numeric_29
2026-05-05T07:10:31.824703+00:00 train gemma4_e2b think_to_off 49/60 math500_numeric_32
2026-05-05T07:10:32.062866+00:00 train gemma4_e2b think_to_off 50/60 math500_numeric_33
2026-05-05T07:10:32.262273+00:00 train gemma4_e2b think_to_off 51/60 math500_numeric_34
2026-05-05T07:10:32.456317+00:00 train gemma4_e2b think_to_off 52/60 math500_numeric_35
2026-05-05T07:10:32.652941+00:00 train gemma4_e2b think_to_off 53/60 math500_numeric_37
2026-05-05T07:10:32.847518+00:00 train gemma4_e2b think_to_off 54/60 math500_numeric_38
2026-05-05T07:10:33.045333+00:00 train gemma4_e2b think_to_off 55/60 math500_numeric_39
2026-05-05T07:10:33.238051+00:00 train gemma4_e2b think_to_off 56/60 math500_numeric_40
2026-05-05T07:10:33.600434+00:00 train gemma4_e2b think_to_off 57/60 math500_numeric_41
2026-05-05T07:10:33.800623+00:00 train gemma4_e2b think_to_off 58/60 math500_numeric_42
2026-05-05T07:10:33.997550+00:00 train gemma4_e2b think_to_off 59/60 math500_numeric_44
2026-05-05T07:10:34.273713+00:00 train gemma4_e2b think_to_off 60/60 math500_numeric_45
2026-05-05T07:10:44.495267+00:00 eval gemma4_e2b think_to_off 1/60 aime2025_0
2026-05-05T07:10:44.931038+00:00 eval gemma4_e2b think_to_off 2/60 aime2025_1
2026-05-05T07:10:45.654522+00:00 eval gemma4_e2b think_to_off 3/60 aime2025_2
2026-05-05T07:10:46.263205+00:00 eval gemma4_e2b think_to_off 4/60 aime2025_3
2026-05-05T07:10:46.713974+00:00 eval gemma4_e2b think_to_off 5/60 aime2025_4
2026-05-05T07:10:47.248222+00:00 eval gemma4_e2b think_to_off 6/60 aime2025_5
2026-05-05T07:10:47.779644+00:00 eval gemma4_e2b think_to_off 7/60 aime2025_6
2026-05-05T07:10:48.473987+00:00 eval gemma4_e2b think_to_off 8/60 aime2025_7
2026-05-05T07:10:49.084466+00:00 eval gemma4_e2b think_to_off 9/60 aime2025_8
2026-05-05T07:10:49.694019+00:00 eval gemma4_e2b think_to_off 10/60 aime2025_9
2026-05-05T07:10:51.483676+00:00 eval gemma4_e2b think_to_off 11/60 aime2025_10
2026-05-05T07:10:53.896026+00:00 eval gemma4_e2b think_to_off 12/60 aime2025_11
2026-05-05T07:10:54.510243+00:00 eval gemma4_e2b think_to_off 13/60 aime2025_12
2026-05-05T07:10:55.045692+00:00 eval gemma4_e2b think_to_off 14/60 aime2025_13
2026-05-05T07:10:55.737866+00:00 eval gemma4_e2b think_to_off 15/60 aime2025_14
2026-05-05T07:10:56.270079+00:00 eval gemma4_e2b think_to_off 16/60 aime2025_15
2026-05-05T07:10:56.806539+00:00 eval gemma4_e2b think_to_off 17/60 aime2025_16
2026-05-05T07:10:57.260444+00:00 eval gemma4_e2b think_to_off 18/60 aime2025_17
2026-05-05T07:10:58.190917+00:00 eval gemma4_e2b think_to_off 19/60 aime2025_18
2026-05-05T07:10:58.969317+00:00 eval gemma4_e2b think_to_off 20/60 aime2025_19
2026-05-05T07:11:00.580278+00:00 eval gemma4_e2b think_to_off 21/60 aime2025_20
2026-05-05T07:11:02.448249+00:00 eval gemma4_e2b think_to_off 22/60 aime2025_21
2026-05-05T07:11:02.986133+00:00 eval gemma4_e2b think_to_off 23/60 aime2025_22
2026-05-05T07:11:03.996260+00:00 eval gemma4_e2b think_to_off 24/60 aime2025_23
2026-05-05T07:11:04.534069+00:00 eval gemma4_e2b think_to_off 25/60 aime2025_24
2026-05-05T07:11:05.061369+00:00 eval gemma4_e2b think_to_off 26/60 aime2025_25
2026-05-05T07:11:05.502870+00:00 eval gemma4_e2b think_to_off 27/60 aime2025_26
2026-05-05T07:11:06.362461+00:00 eval gemma4_e2b think_to_off 28/60 aime2025_27
2026-05-05T07:11:06.980720+00:00 eval gemma4_e2b think_to_off 29/60 aime2025_28
2026-05-05T07:11:07.552625+00:00 eval gemma4_e2b think_to_off 30/60 aime2025_29
2026-05-05T07:11:08.086263+00:00 eval gemma4_e2b think_to_off 31/60 aime2026_1
2026-05-05T07:11:08.778366+00:00 eval gemma4_e2b think_to_off 32/60 aime2026_2
2026-05-05T07:11:09.314812+00:00 eval gemma4_e2b think_to_off 33/60 aime2026_3
2026-05-05T07:11:09.930565+00:00 eval gemma4_e2b think_to_off 34/60 aime2026_4
2026-05-05T07:11:10.379158+00:00 eval gemma4_e2b think_to_off 35/60 aime2026_5
2026-05-05T07:11:11.064243+00:00 eval gemma4_e2b think_to_off 36/60 aime2026_6
2026-05-05T07:11:11.517839+00:00 eval gemma4_e2b think_to_off 37/60 aime2026_7
2026-05-05T07:11:12.048610+00:00 eval gemma4_e2b think_to_off 38/60 aime2026_8
2026-05-05T07:11:12.504763+00:00 eval gemma4_e2b think_to_off 39/60 aime2026_9
2026-05-05T07:11:13.268196+00:00 eval gemma4_e2b think_to_off 40/60 aime2026_10
2026-05-05T07:11:13.887662+00:00 eval gemma4_e2b think_to_off 41/60 aime2026_11
2026-05-05T07:11:14.650151+00:00 eval gemma4_e2b think_to_off 42/60 aime2026_12
2026-05-05T07:11:15.426110+00:00 eval gemma4_e2b think_to_off 43/60 aime2026_13
2026-05-05T07:11:16.195310+00:00 eval gemma4_e2b think_to_off 44/60 aime2026_14
2026-05-05T07:11:16.764826+00:00 eval gemma4_e2b think_to_off 45/60 aime2026_15
2026-05-05T07:11:17.782000+00:00 eval gemma4_e2b think_to_off 46/60 aime2026_16
2026-05-05T07:11:18.228910+00:00 eval gemma4_e2b think_to_off 47/60 aime2026_17
2026-05-05T07:11:19.414396+00:00 eval gemma4_e2b think_to_off 48/60 aime2026_18
2026-05-05T07:11:20.107597+00:00 eval gemma4_e2b think_to_off 49/60 aime2026_19
2026-05-05T07:11:20.757045+00:00 eval gemma4_e2b think_to_off 50/60 aime2026_20
2026-05-05T07:11:21.302052+00:00 eval gemma4_e2b think_to_off 51/60 aime2026_21
2026-05-05T07:11:21.797370+00:00 eval gemma4_e2b think_to_off 52/60 aime2026_22
2026-05-05T07:11:22.413537+00:00 eval gemma4_e2b think_to_off 53/60 aime2026_23
2026-05-05T07:11:22.941559+00:00 eval gemma4_e2b think_to_off 54/60 aime2026_24
2026-05-05T07:11:23.514552+00:00 eval gemma4_e2b think_to_off 55/60 aime2026_25
2026-05-05T07:11:24.212244+00:00 eval gemma4_e2b think_to_off 56/60 aime2026_26
2026-05-05T07:11:24.814038+00:00 eval gemma4_e2b think_to_off 57/60 aime2026_27
2026-05-05T07:11:25.510203+00:00 eval gemma4_e2b think_to_off 58/60 aime2026_28
2026-05-05T07:11:26.197999+00:00 eval gemma4_e2b think_to_off 59/60 aime2026_29
2026-05-05T07:11:26.973985+00:00 eval gemma4_e2b think_to_off 60/60 aime2026_30
2026-05-05T07:11:27.825552+00:00 load nemotron_nano_4b
Fetching 9 files:   0%|          | 0/9 [00:00<?, ?it/s]Fetching 9 files: 100%|██████████| 9/9 [00:00<00:00, 44779.05it/s]
2026-05-05T07:11:28.766141+00:00 train nemotron_nano_4b off_to_think 1/60 gsm8k_0
2026-05-05T07:11:29.278276+00:00 train nemotron_nano_4b off_to_think 2/60 gsm8k_1
2026-05-05T07:11:29.618158+00:00 train nemotron_nano_4b off_to_think 3/60 gsm8k_2
2026-05-05T07:11:30.103020+00:00 train nemotron_nano_4b off_to_think 4/60 gsm8k_3
2026-05-05T07:11:30.445896+00:00 train nemotron_nano_4b off_to_think 5/60 gsm8k_4
2026-05-05T07:11:31.090525+00:00 train nemotron_nano_4b off_to_think 6/60 gsm8k_5
2026-05-05T07:11:31.576665+00:00 train nemotron_nano_4b off_to_think 7/60 gsm8k_6
2026-05-05T07:11:31.921472+00:00 train nemotron_nano_4b off_to_think 8/60 gsm8k_7
2026-05-05T07:11:32.411143+00:00 train nemotron_nano_4b off_to_think 9/60 gsm8k_8
2026-05-05T07:11:33.052190+00:00 train nemotron_nano_4b off_to_think 10/60 gsm8k_9
2026-05-05T07:11:33.538421+00:00 train nemotron_nano_4b off_to_think 11/60 gsm8k_10
2026-05-05T07:11:34.024837+00:00 train nemotron_nano_4b off_to_think 12/60 gsm8k_11
2026-05-05T07:11:34.513625+00:00 train nemotron_nano_4b off_to_think 13/60 gsm8k_12
2026-05-05T07:11:35.003421+00:00 train nemotron_nano_4b off_to_think 14/60 gsm8k_13
2026-05-05T07:11:35.490388+00:00 train nemotron_nano_4b off_to_think 15/60 gsm8k_14
2026-05-05T07:11:35.975317+00:00 train nemotron_nano_4b off_to_think 16/60 gsm8k_15
2026-05-05T07:11:36.614385+00:00 train nemotron_nano_4b off_to_think 17/60 gsm8k_16
2026-05-05T07:11:37.099104+00:00 train nemotron_nano_4b off_to_think 18/60 gsm8k_17
2026-05-05T07:11:37.584717+00:00 train nemotron_nano_4b off_to_think 19/60 gsm8k_18
2026-05-05T07:11:37.924971+00:00 train nemotron_nano_4b off_to_think 20/60 gsm8k_19
2026-05-05T07:11:38.414137+00:00 train nemotron_nano_4b off_to_think 21/60 gsm8k_20
2026-05-05T07:11:38.901239+00:00 train nemotron_nano_4b off_to_think 22/60 gsm8k_21
2026-05-05T07:11:39.247503+00:00 train nemotron_nano_4b off_to_think 23/60 gsm8k_22
2026-05-05T07:11:39.733634+00:00 train nemotron_nano_4b off_to_think 24/60 gsm8k_23
2026-05-05T07:11:40.077538+00:00 train nemotron_nano_4b off_to_think 25/60 gsm8k_24
2026-05-05T07:11:40.419967+00:00 train nemotron_nano_4b off_to_think 26/60 gsm8k_25
2026-05-05T07:11:40.909770+00:00 train nemotron_nano_4b off_to_think 27/60 gsm8k_26
2026-05-05T07:11:41.399085+00:00 train nemotron_nano_4b off_to_think 28/60 gsm8k_27
2026-05-05T07:11:41.885609+00:00 train nemotron_nano_4b off_to_think 29/60 gsm8k_28
2026-05-05T07:11:42.369821+00:00 train nemotron_nano_4b off_to_think 30/60 gsm8k_29
2026-05-05T07:11:42.859583+00:00 train nemotron_nano_4b off_to_think 31/60 math500_numeric_2
2026-05-05T07:11:43.343639+00:00 train nemotron_nano_4b off_to_think 32/60 math500_numeric_3
2026-05-05T07:11:43.536014+00:00 train nemotron_nano_4b off_to_think 33/60 math500_numeric_5
2026-05-05T07:11:43.880682+00:00 train nemotron_nano_4b off_to_think 34/60 math500_numeric_6
2026-05-05T07:11:44.214044+00:00 train nemotron_nano_4b off_to_think 35/60 math500_numeric_9
2026-05-05T07:11:44.999405+00:00 train nemotron_nano_4b off_to_think 36/60 math500_numeric_10
2026-05-05T07:11:45.338383+00:00 train nemotron_nano_4b off_to_think 37/60 math500_numeric_11
2026-05-05T07:11:45.825470+00:00 train nemotron_nano_4b off_to_think 38/60 math500_numeric_12
2026-05-05T07:11:46.315601+00:00 train nemotron_nano_4b off_to_think 39/60 math500_numeric_13
2026-05-05T07:11:47.257866+00:00 train nemotron_nano_4b off_to_think 40/60 math500_numeric_16
2026-05-05T07:11:47.596405+00:00 train nemotron_nano_4b off_to_think 41/60 math500_numeric_18
2026-05-05T07:11:48.531376+00:00 train nemotron_nano_4b off_to_think 42/60 math500_numeric_19
2026-05-05T07:11:49.016124+00:00 train nemotron_nano_4b off_to_think 43/60 math500_numeric_21
2026-05-05T07:11:49.356512+00:00 train nemotron_nano_4b off_to_think 44/60 math500_numeric_22
2026-05-05T07:11:50.142054+00:00 train nemotron_nano_4b off_to_think 45/60 math500_numeric_24
2026-05-05T07:11:50.783165+00:00 train nemotron_nano_4b off_to_think 46/60 math500_numeric_26
2026-05-05T07:11:51.268584+00:00 train nemotron_nano_4b off_to_think 47/60 math500_numeric_27
2026-05-05T07:11:51.755717+00:00 train nemotron_nano_4b off_to_think 48/60 math500_numeric_29
2026-05-05T07:11:52.241872+00:00 train nemotron_nano_4b off_to_think 49/60 math500_numeric_32
2026-05-05T07:11:52.725882+00:00 train nemotron_nano_4b off_to_think 50/60 math500_numeric_33
2026-05-05T07:11:53.068119+00:00 train nemotron_nano_4b off_to_think 51/60 math500_numeric_34
2026-05-05T07:11:53.410463+00:00 train nemotron_nano_4b off_to_think 52/60 math500_numeric_35
2026-05-05T07:11:53.755864+00:00 train nemotron_nano_4b off_to_think 53/60 math500_numeric_37
2026-05-05T07:11:54.098301+00:00 train nemotron_nano_4b off_to_think 54/60 math500_numeric_38
2026-05-05T07:11:54.443261+00:00 train nemotron_nano_4b off_to_think 55/60 math500_numeric_39
2026-05-05T07:11:54.782226+00:00 train nemotron_nano_4b off_to_think 56/60 math500_numeric_40
2026-05-05T07:11:55.423101+00:00 train nemotron_nano_4b off_to_think 57/60 math500_numeric_41
2026-05-05T07:11:55.907493+00:00 train nemotron_nano_4b off_to_think 58/60 math500_numeric_42
2026-05-05T07:11:56.251937+00:00 train nemotron_nano_4b off_to_think 59/60 math500_numeric_44
2026-05-05T07:11:56.741208+00:00 train nemotron_nano_4b off_to_think 60/60 math500_numeric_45
2026-05-05T07:12:14.470437+00:00 eval nemotron_nano_4b off_to_think 1/60 aime2025_0
2026-05-05T07:12:15.284047+00:00 eval nemotron_nano_4b off_to_think 2/60 aime2025_1
2026-05-05T07:12:16.919803+00:00 eval nemotron_nano_4b off_to_think 3/60 aime2025_2
2026-05-05T07:12:18.141701+00:00 eval nemotron_nano_4b off_to_think 4/60 aime2025_3
2026-05-05T07:12:18.940650+00:00 eval nemotron_nano_4b off_to_think 5/60 aime2025_4
2026-05-05T07:12:19.950289+00:00 eval nemotron_nano_4b off_to_think 6/60 aime2025_5
2026-05-05T07:12:20.961207+00:00 eval nemotron_nano_4b off_to_think 7/60 aime2025_6
2026-05-05T07:12:22.395060+00:00 eval nemotron_nano_4b off_to_think 8/60 aime2025_7
2026-05-05T07:12:23.609334+00:00 eval nemotron_nano_4b off_to_think 9/60 aime2025_8
2026-05-05T07:12:24.823484+00:00 eval nemotron_nano_4b off_to_think 10/60 aime2025_9
2026-05-05T07:12:28.838632+00:00 eval nemotron_nano_4b off_to_think 11/60 aime2025_10
2026-05-05T07:12:34.856170+00:00 eval nemotron_nano_4b off_to_think 12/60 aime2025_11
2026-05-05T07:12:36.082029+00:00 eval nemotron_nano_4b off_to_think 13/60 aime2025_12
2026-05-05T07:12:37.091288+00:00 eval nemotron_nano_4b off_to_think 14/60 aime2025_13
2026-05-05T07:12:38.515413+00:00 eval nemotron_nano_4b off_to_think 15/60 aime2025_14
2026-05-05T07:12:39.523412+00:00 eval nemotron_nano_4b off_to_think 16/60 aime2025_15
2026-05-05T07:12:40.536000+00:00 eval nemotron_nano_4b off_to_think 17/60 aime2025_16
2026-05-05T07:12:41.324835+00:00 eval nemotron_nano_4b off_to_think 18/60 aime2025_17
2026-05-05T07:12:43.388156+00:00 eval nemotron_nano_4b off_to_think 19/60 aime2025_18
2026-05-05T07:12:45.045780+00:00 eval nemotron_nano_4b off_to_think 20/60 aime2025_19
2026-05-05T07:12:48.866750+00:00 eval nemotron_nano_4b off_to_think 21/60 aime2025_20
2026-05-05T07:12:53.351524+00:00 eval nemotron_nano_4b off_to_think 22/60 aime2025_21
2026-05-05T07:12:54.364268+00:00 eval nemotron_nano_4b off_to_think 23/60 aime2025_22
2026-05-05T07:12:56.453240+00:00 eval nemotron_nano_4b off_to_think 24/60 aime2025_23
2026-05-05T07:12:57.470065+00:00 eval nemotron_nano_4b off_to_think 25/60 aime2025_24
2026-05-05T07:12:58.473465+00:00 eval nemotron_nano_4b off_to_think 26/60 aime2025_25
2026-05-05T07:12:59.271682+00:00 eval nemotron_nano_4b off_to_think 27/60 aime2025_26
2026-05-05T07:13:00.923848+00:00 eval nemotron_nano_4b off_to_think 28/60 aime2025_27
2026-05-05T07:13:02.140684+00:00 eval nemotron_nano_4b off_to_think 29/60 aime2025_28
2026-05-05T07:13:03.349149+00:00 eval nemotron_nano_4b off_to_think 30/60 aime2025_29
2026-05-05T07:13:04.353197+00:00 eval nemotron_nano_4b off_to_think 31/60 aime2026_1
2026-05-05T07:13:05.792942+00:00 eval nemotron_nano_4b off_to_think 32/60 aime2026_2
2026-05-05T07:13:06.797193+00:00 eval nemotron_nano_4b off_to_think 33/60 aime2026_3
2026-05-05T07:13:08.017570+00:00 eval nemotron_nano_4b off_to_think 34/60 aime2026_4
2026-05-05T07:13:08.805593+00:00 eval nemotron_nano_4b off_to_think 35/60 aime2026_5
2026-05-05T07:13:10.237362+00:00 eval nemotron_nano_4b off_to_think 36/60 aime2026_6
2026-05-05T07:13:11.033505+00:00 eval nemotron_nano_4b off_to_think 37/60 aime2026_7
2026-05-05T07:13:12.037142+00:00 eval nemotron_nano_4b off_to_think 38/60 aime2026_8
2026-05-05T07:13:12.834014+00:00 eval nemotron_nano_4b off_to_think 39/60 aime2026_9
2026-05-05T07:13:14.493782+00:00 eval nemotron_nano_4b off_to_think 40/60 aime2026_10
2026-05-05T07:13:15.707027+00:00 eval nemotron_nano_4b off_to_think 41/60 aime2026_11
2026-05-05T07:13:17.354988+00:00 eval nemotron_nano_4b off_to_think 42/60 aime2026_12
2026-05-05T07:13:19.031114+00:00 eval nemotron_nano_4b off_to_think 43/60 aime2026_13
2026-05-05T07:13:20.483738+00:00 eval nemotron_nano_4b off_to_think 44/60 aime2026_14
2026-05-05T07:13:21.501974+00:00 eval nemotron_nano_4b off_to_think 45/60 aime2026_15
2026-05-05T07:13:23.613803+00:00 eval nemotron_nano_4b off_to_think 46/60 aime2026_16
2026-05-05T07:13:24.410581+00:00 eval nemotron_nano_4b off_to_think 47/60 aime2026_17
2026-05-05T07:13:27.404726+00:00 eval nemotron_nano_4b off_to_think 48/60 aime2026_18
2026-05-05T07:13:28.858144+00:00 eval nemotron_nano_4b off_to_think 49/60 aime2026_19
2026-05-05T07:13:30.300159+00:00 eval nemotron_nano_4b off_to_think 50/60 aime2026_20
2026-05-05T07:13:31.515730+00:00 eval nemotron_nano_4b off_to_think 51/60 aime2026_21
2026-05-05T07:13:32.518072+00:00 eval nemotron_nano_4b off_to_think 52/60 aime2026_22
2026-05-05T07:13:33.746520+00:00 eval nemotron_nano_4b off_to_think 53/60 aime2026_23
2026-05-05T07:13:34.763531+00:00 eval nemotron_nano_4b off_to_think 54/60 aime2026_24
2026-05-05T07:13:35.784719+00:00 eval nemotron_nano_4b off_to_think 55/60 aime2026_25
2026-05-05T07:13:37.241527+00:00 eval nemotron_nano_4b off_to_think 56/60 aime2026_26
2026-05-05T07:13:38.472489+00:00 eval nemotron_nano_4b off_to_think 57/60 aime2026_27
2026-05-05T07:13:39.933291+00:00 eval nemotron_nano_4b off_to_think 58/60 aime2026_28
2026-05-05T07:13:41.385954+00:00 eval nemotron_nano_4b off_to_think 59/60 aime2026_29
2026-05-05T07:13:43.072144+00:00 eval nemotron_nano_4b off_to_think 60/60 aime2026_30
2026-05-05T07:13:44.764641+00:00 train nemotron_nano_4b think_to_off 1/60 gsm8k_0
2026-05-05T07:13:45.259438+00:00 train nemotron_nano_4b think_to_off 2/60 gsm8k_1
2026-05-05T07:13:45.601280+00:00 train nemotron_nano_4b think_to_off 3/60 gsm8k_2
2026-05-05T07:13:46.089687+00:00 train nemotron_nano_4b think_to_off 4/60 gsm8k_3
2026-05-05T07:13:46.434029+00:00 train nemotron_nano_4b think_to_off 5/60 gsm8k_4
2026-05-05T07:13:47.090944+00:00 train nemotron_nano_4b think_to_off 6/60 gsm8k_5
2026-05-05T07:13:47.580241+00:00 train nemotron_nano_4b think_to_off 7/60 gsm8k_6
2026-05-05T07:13:47.927874+00:00 train nemotron_nano_4b think_to_off 8/60 gsm8k_7
2026-05-05T07:13:48.425681+00:00 train nemotron_nano_4b think_to_off 9/60 gsm8k_8
2026-05-05T07:13:49.079838+00:00 train nemotron_nano_4b think_to_off 10/60 gsm8k_9
2026-05-05T07:13:49.575384+00:00 train nemotron_nano_4b think_to_off 11/60 gsm8k_10
2026-05-05T07:13:50.067082+00:00 train nemotron_nano_4b think_to_off 12/60 gsm8k_11
2026-05-05T07:13:50.560989+00:00 train nemotron_nano_4b think_to_off 13/60 gsm8k_12
2026-05-05T07:13:51.057589+00:00 train nemotron_nano_4b think_to_off 14/60 gsm8k_13
2026-05-05T07:13:51.549316+00:00 train nemotron_nano_4b think_to_off 15/60 gsm8k_14
2026-05-05T07:13:52.038350+00:00 train nemotron_nano_4b think_to_off 16/60 gsm8k_15
2026-05-05T07:13:52.684230+00:00 train nemotron_nano_4b think_to_off 17/60 gsm8k_16
2026-05-05T07:13:53.174202+00:00 train nemotron_nano_4b think_to_off 18/60 gsm8k_17
2026-05-05T07:13:53.661062+00:00 train nemotron_nano_4b think_to_off 19/60 gsm8k_18
2026-05-05T07:13:54.002496+00:00 train nemotron_nano_4b think_to_off 20/60 gsm8k_19
2026-05-05T07:13:54.495728+00:00 train nemotron_nano_4b think_to_off 21/60 gsm8k_20
2026-05-05T07:13:54.989193+00:00 train nemotron_nano_4b think_to_off 22/60 gsm8k_21
2026-05-05T07:13:55.338392+00:00 train nemotron_nano_4b think_to_off 23/60 gsm8k_22
2026-05-05T07:13:55.827323+00:00 train nemotron_nano_4b think_to_off 24/60 gsm8k_23
2026-05-05T07:13:56.172858+00:00 train nemotron_nano_4b think_to_off 25/60 gsm8k_24
2026-05-05T07:13:56.515459+00:00 train nemotron_nano_4b think_to_off 26/60 gsm8k_25
2026-05-05T07:13:57.008674+00:00 train nemotron_nano_4b think_to_off 27/60 gsm8k_26
2026-05-05T07:13:57.503934+00:00 train nemotron_nano_4b think_to_off 28/60 gsm8k_27
2026-05-05T07:13:57.994875+00:00 train nemotron_nano_4b think_to_off 29/60 gsm8k_28
2026-05-05T07:13:58.482763+00:00 train nemotron_nano_4b think_to_off 30/60 gsm8k_29
2026-05-05T07:13:58.977462+00:00 train nemotron_nano_4b think_to_off 31/60 math500_numeric_2
2026-05-05T07:13:59.463732+00:00 train nemotron_nano_4b think_to_off 32/60 math500_numeric_3
2026-05-05T07:13:59.657453+00:00 train nemotron_nano_4b think_to_off 33/60 math500_numeric_5
2026-05-05T07:14:00.003452+00:00 train nemotron_nano_4b think_to_off 34/60 math500_numeric_6
2026-05-05T07:14:00.341742+00:00 train nemotron_nano_4b think_to_off 35/60 math500_numeric_9
2026-05-05T07:14:01.142644+00:00 train nemotron_nano_4b think_to_off 36/60 math500_numeric_10
2026-05-05T07:14:01.485492+00:00 train nemotron_nano_4b think_to_off 37/60 math500_numeric_11
2026-05-05T07:14:01.976587+00:00 train nemotron_nano_4b think_to_off 38/60 math500_numeric_12
2026-05-05T07:14:02.474314+00:00 train nemotron_nano_4b think_to_off 39/60 math500_numeric_13
2026-05-05T07:14:03.443439+00:00 train nemotron_nano_4b think_to_off 40/60 math500_numeric_16
2026-05-05T07:14:03.783281+00:00 train nemotron_nano_4b think_to_off 41/60 math500_numeric_18
2026-05-05T07:14:04.734483+00:00 train nemotron_nano_4b think_to_off 42/60 math500_numeric_19
2026-05-05T07:14:05.223455+00:00 train nemotron_nano_4b think_to_off 43/60 math500_numeric_21
2026-05-05T07:14:05.565084+00:00 train nemotron_nano_4b think_to_off 44/60 math500_numeric_22
2026-05-05T07:14:06.367191+00:00 train nemotron_nano_4b think_to_off 45/60 math500_numeric_24
2026-05-05T07:14:07.023597+00:00 train nemotron_nano_4b think_to_off 46/60 math500_numeric_26
2026-05-05T07:14:07.517076+00:00 train nemotron_nano_4b think_to_off 47/60 math500_numeric_27
2026-05-05T07:14:08.017174+00:00 train nemotron_nano_4b think_to_off 48/60 math500_numeric_29
2026-05-05T07:14:08.515385+00:00 train nemotron_nano_4b think_to_off 49/60 math500_numeric_32
2026-05-05T07:14:09.006423+00:00 train nemotron_nano_4b think_to_off 50/60 math500_numeric_33
2026-05-05T07:14:09.354683+00:00 train nemotron_nano_4b think_to_off 51/60 math500_numeric_34
2026-05-05T07:14:09.699774+00:00 train nemotron_nano_4b think_to_off 52/60 math500_numeric_35
2026-05-05T07:14:10.049778+00:00 train nemotron_nano_4b think_to_off 53/60 math500_numeric_37
2026-05-05T07:14:10.396072+00:00 train nemotron_nano_4b think_to_off 54/60 math500_numeric_38
2026-05-05T07:14:10.743282+00:00 train nemotron_nano_4b think_to_off 55/60 math500_numeric_39
2026-05-05T07:14:11.085572+00:00 train nemotron_nano_4b think_to_off 56/60 math500_numeric_40
2026-05-05T07:14:11.736651+00:00 train nemotron_nano_4b think_to_off 57/60 math500_numeric_41
2026-05-05T07:14:12.224517+00:00 train nemotron_nano_4b think_to_off 58/60 math500_numeric_42
2026-05-05T07:14:12.571889+00:00 train nemotron_nano_4b think_to_off 59/60 math500_numeric_44
2026-05-05T07:14:13.067500+00:00 train nemotron_nano_4b think_to_off 60/60 math500_numeric_45
2026-05-05T07:14:30.822643+00:00 eval nemotron_nano_4b think_to_off 1/60 aime2025_0
2026-05-05T07:14:31.640325+00:00 eval nemotron_nano_4b think_to_off 2/60 aime2025_1
2026-05-05T07:14:33.294561+00:00 eval nemotron_nano_4b think_to_off 3/60 aime2025_2
2026-05-05T07:14:34.539385+00:00 eval nemotron_nano_4b think_to_off 4/60 aime2025_3
2026-05-05T07:14:35.346125+00:00 eval nemotron_nano_4b think_to_off 5/60 aime2025_4
2026-05-05T07:14:36.367174+00:00 eval nemotron_nano_4b think_to_off 6/60 aime2025_5
2026-05-05T07:14:37.390910+00:00 eval nemotron_nano_4b think_to_off 7/60 aime2025_6
2026-05-05T07:14:38.858332+00:00 eval nemotron_nano_4b think_to_off 8/60 aime2025_7
2026-05-05T07:14:40.111061+00:00 eval nemotron_nano_4b think_to_off 9/60 aime2025_8
2026-05-05T07:14:41.353786+00:00 eval nemotron_nano_4b think_to_off 10/60 aime2025_9
2026-05-05T07:14:45.562267+00:00 eval nemotron_nano_4b think_to_off 11/60 aime2025_10
2026-05-05T07:14:51.966454+00:00 eval nemotron_nano_4b think_to_off 12/60 aime2025_11
2026-05-05T07:14:53.247785+00:00 eval nemotron_nano_4b think_to_off 13/60 aime2025_12
2026-05-05T07:14:54.282474+00:00 eval nemotron_nano_4b think_to_off 14/60 aime2025_13
2026-05-05T07:14:55.749031+00:00 eval nemotron_nano_4b think_to_off 15/60 aime2025_14
2026-05-05T07:14:56.778196+00:00 eval nemotron_nano_4b think_to_off 16/60 aime2025_15
2026-05-05T07:14:57.805552+00:00 eval nemotron_nano_4b think_to_off 17/60 aime2025_16
2026-05-05T07:14:58.606892+00:00 eval nemotron_nano_4b think_to_off 18/60 aime2025_17
2026-05-05T07:15:00.748360+00:00 eval nemotron_nano_4b think_to_off 19/60 aime2025_18
2026-05-05T07:15:02.467192+00:00 eval nemotron_nano_4b think_to_off 20/60 aime2025_19
2026-05-05T07:15:06.471787+00:00 eval nemotron_nano_4b think_to_off 21/60 aime2025_20
2026-05-05T07:15:11.208716+00:00 eval nemotron_nano_4b think_to_off 22/60 aime2025_21
2026-05-05T07:15:12.267137+00:00 eval nemotron_nano_4b think_to_off 23/60 aime2025_22
2026-05-05T07:15:14.451449+00:00 eval nemotron_nano_4b think_to_off 24/60 aime2025_23
2026-05-05T07:15:15.511517+00:00 eval nemotron_nano_4b think_to_off 25/60 aime2025_24
2026-05-05T07:15:16.542370+00:00 eval nemotron_nano_4b think_to_off 26/60 aime2025_25
2026-05-05T07:15:17.353961+00:00 eval nemotron_nano_4b think_to_off 27/60 aime2025_26
2026-05-05T07:15:19.059599+00:00 eval nemotron_nano_4b think_to_off 28/60 aime2025_27
2026-05-05T07:15:20.320270+00:00 eval nemotron_nano_4b think_to_off 29/60 aime2025_28
2026-05-05T07:15:21.558076+00:00 eval nemotron_nano_4b think_to_off 30/60 aime2025_29
2026-05-05T07:15:22.579641+00:00 eval nemotron_nano_4b think_to_off 31/60 aime2026_1
2026-05-05T07:15:24.066663+00:00 eval nemotron_nano_4b think_to_off 32/60 aime2026_2
2026-05-05T07:15:25.089541+00:00 eval nemotron_nano_4b think_to_off 33/60 aime2026_3
2026-05-05T07:15:26.350833+00:00 eval nemotron_nano_4b think_to_off 34/60 aime2026_4
2026-05-05T07:15:27.145716+00:00 eval nemotron_nano_4b think_to_off 35/60 aime2026_5
2026-05-05T07:15:28.619604+00:00 eval nemotron_nano_4b think_to_off 36/60 aime2026_6
2026-05-05T07:15:29.437080+00:00 eval nemotron_nano_4b think_to_off 37/60 aime2026_7
2026-05-05T07:15:30.461509+00:00 eval nemotron_nano_4b think_to_off 38/60 aime2026_8
2026-05-05T07:15:31.270114+00:00 eval nemotron_nano_4b think_to_off 39/60 aime2026_9
2026-05-05T07:15:32.981826+00:00 eval nemotron_nano_4b think_to_off 40/60 aime2026_10
2026-05-05T07:15:34.244398+00:00 eval nemotron_nano_4b think_to_off 41/60 aime2026_11
2026-05-05T07:15:35.941204+00:00 eval nemotron_nano_4b think_to_off 42/60 aime2026_12
2026-05-05T07:15:37.665406+00:00 eval nemotron_nano_4b think_to_off 43/60 aime2026_13
2026-05-05T07:15:39.165457+00:00 eval nemotron_nano_4b think_to_off 44/60 aime2026_14
2026-05-05T07:15:40.212018+00:00 eval nemotron_nano_4b think_to_off 45/60 aime2026_15
2026-05-05T07:15:42.386703+00:00 eval nemotron_nano_4b think_to_off 46/60 aime2026_16
2026-05-05T07:15:43.210799+00:00 eval nemotron_nano_4b think_to_off 47/60 aime2026_17
2026-05-05T07:15:46.282457+00:00 eval nemotron_nano_4b think_to_off 48/60 aime2026_18
2026-05-05T07:15:47.781377+00:00 eval nemotron_nano_4b think_to_off 49/60 aime2026_19
2026-05-05T07:15:49.259507+00:00 eval nemotron_nano_4b think_to_off 50/60 aime2026_20
2026-05-05T07:15:50.498361+00:00 eval nemotron_nano_4b think_to_off 51/60 aime2026_21
2026-05-05T07:15:51.522615+00:00 eval nemotron_nano_4b think_to_off 52/60 aime2026_22
2026-05-05T07:15:52.772084+00:00 eval nemotron_nano_4b think_to_off 53/60 aime2026_23
2026-05-05T07:15:53.808503+00:00 eval nemotron_nano_4b think_to_off 54/60 aime2026_24
2026-05-05T07:15:54.845271+00:00 eval nemotron_nano_4b think_to_off 55/60 aime2026_25
2026-05-05T07:15:56.328884+00:00 eval nemotron_nano_4b think_to_off 56/60 aime2026_26
2026-05-05T07:15:57.584786+00:00 eval nemotron_nano_4b think_to_off 57/60 aime2026_27
2026-05-05T07:15:59.075125+00:00 eval nemotron_nano_4b think_to_off 58/60 aime2026_28
2026-05-05T07:16:00.557522+00:00 eval nemotron_nano_4b think_to_off 59/60 aime2026_29
2026-05-05T07:16:02.284740+00:00 eval nemotron_nano_4b think_to_off 60/60 aime2026_30
Traceback (most recent call last):
  File "/Users/d/Documents/reasoning-switch-research/scripts/run_aime_fixed_branch_controller_suite.py", line 617, in <module>
    main()
  File "/Users/d/Documents/reasoning-switch-research/scripts/run_aime_fixed_branch_controller_suite.py", line 611, in main
    hf_upload = upload_to_hf(output_dir, args.hf_repo_id, args.hf_repo_type)
                ^^^^^^^^^^^^^^^^^^^^^^^^^^^^^^^^^^^^^^^^^^^^^^^^^^^^^^^^^^^^
  File "/Users/d/Documents/reasoning-switch-research/scripts/run_aime_fixed_branch_controller_suite.py", line 140, in upload_to_hf
    raise RuntimeError("No Hugging Face token found in HF_TOKEN, HUGGINGFACE_HUB_TOKEN, or HF_ACCESS_TOKEN.")
RuntimeError: No Hugging Face token found in HF_TOKEN, HUGGINGFACE_HUB_TOKEN, or HF_ACCESS_TOKEN.
