Fetching 10 files:   0%|          | 0/10 [00:00<?, ?it/s]Fetching 10 files: 100%|██████████| 10/10 [00:00<00:00, 135300.13it/s]
2026-04-27T23:31:53.260770+00:00 entry-vector reasoning_controller 1/24 gsm8k_0
2026-04-27T23:31:53.797905+00:00 entry-vector reasoning_controller 2/24 gsm8k_1
2026-04-27T23:31:54.143745+00:00 entry-vector reasoning_controller 3/24 gsm8k_2
2026-04-27T23:31:54.642158+00:00 entry-vector reasoning_controller 4/24 gsm8k_3
2026-04-27T23:31:54.992058+00:00 entry-vector reasoning_controller 5/24 gsm8k_4
2026-04-27T23:31:55.655608+00:00 entry-vector reasoning_controller 6/24 gsm8k_5
2026-04-27T23:31:56.148761+00:00 entry-vector reasoning_controller 7/24 gsm8k_6
2026-04-27T23:31:56.504184+00:00 entry-vector reasoning_controller 8/24 gsm8k_7
2026-04-27T23:31:57.005432+00:00 entry-vector reasoning_controller 9/24 gsm8k_8
2026-04-27T23:31:57.662628+00:00 entry-vector reasoning_controller 10/24 gsm8k_9
2026-04-27T23:31:58.161171+00:00 entry-vector reasoning_controller 11/24 gsm8k_10
2026-04-27T23:31:58.659859+00:00 entry-vector reasoning_controller 12/24 gsm8k_11
2026-04-27T23:31:59.159283+00:00 entry-vector reasoning_controller 13/24 math500_numeric_2
2026-04-27T23:31:59.517057+00:00 entry-vector reasoning_controller 14/24 math500_numeric_3
2026-04-27T23:31:59.719957+00:00 entry-vector reasoning_controller 15/24 math500_numeric_5
2026-04-27T23:32:00.074974+00:00 entry-vector reasoning_controller 16/24 math500_numeric_6
2026-04-27T23:32:00.281044+00:00 entry-vector reasoning_controller 17/24 math500_numeric_9
2026-04-27T23:32:01.234260+00:00 entry-vector reasoning_controller 18/24 math500_numeric_10
2026-04-27T23:32:01.579155+00:00 entry-vector reasoning_controller 19/24 math500_numeric_11
2026-04-27T23:32:02.077961+00:00 entry-vector reasoning_controller 20/24 math500_numeric_12
2026-04-27T23:32:02.583188+00:00 entry-vector reasoning_controller 21/24 math500_numeric_13
2026-04-27T23:32:03.690898+00:00 entry-vector reasoning_controller 22/24 math500_numeric_16
2026-04-27T23:32:04.034625+00:00 entry-vector reasoning_controller 23/24 math500_numeric_18
2026-04-27T23:32:04.994307+00:00 entry-vector reasoning_controller 24/24 math500_numeric_19
2026-04-27T23:32:37.327682+00:00 train-prefix reasoning_controller 1/24 gsm8k_0
2026-04-27T23:32:49.735723+00:00 train-prefix reasoning_controller 2/24 gsm8k_1
2026-04-27T23:32:58.222252+00:00 train-prefix reasoning_controller 3/24 gsm8k_2
2026-04-27T23:33:10.490765+00:00 train-prefix reasoning_controller 4/24 gsm8k_3
2026-04-27T23:33:19.168436+00:00 train-prefix reasoning_controller 5/24 gsm8k_4
2026-04-27T23:33:37.687162+00:00 train-prefix reasoning_controller 6/24 gsm8k_5
2026-04-27T23:33:49.969873+00:00 train-prefix reasoning_controller 7/24 gsm8k_6
2026-04-27T23:33:59.457090+00:00 train-prefix reasoning_controller 8/24 gsm8k_7
2026-04-27T23:34:12.213652+00:00 train-prefix reasoning_controller 9/24 gsm8k_8
2026-04-27T23:34:29.233147+00:00 train-prefix reasoning_controller 10/24 gsm8k_9
2026-04-27T23:34:41.659582+00:00 train-prefix reasoning_controller 11/24 gsm8k_10
2026-04-27T23:34:54.056335+00:00 train-prefix reasoning_controller 12/24 gsm8k_11
2026-04-27T23:35:06.585757+00:00 train-prefix reasoning_controller 13/24 math500_numeric_2
2026-04-27T23:35:17.422504+00:00 train-prefix reasoning_controller 14/24 math500_numeric_3
2026-04-27T23:35:24.198728+00:00 train-prefix reasoning_controller 15/24 math500_numeric_5
2026-04-27T23:35:33.698092+00:00 train-prefix reasoning_controller 16/24 math500_numeric_6
2026-04-27T23:35:41.571521+00:00 train-prefix reasoning_controller 17/24 math500_numeric_9
2026-04-27T23:36:05.560262+00:00 train-prefix reasoning_controller 18/24 math500_numeric_10
2026-04-27T23:36:14.080126+00:00 train-prefix reasoning_controller 19/24 math500_numeric_11
2026-04-27T23:36:26.470351+00:00 train-prefix reasoning_controller 20/24 math500_numeric_12
2026-04-27T23:36:39.408601+00:00 train-prefix reasoning_controller 21/24 math500_numeric_13
2026-04-27T23:37:07.397698+00:00 train-prefix reasoning_controller 22/24 math500_numeric_16
2026-04-27T23:37:15.887006+00:00 train-prefix reasoning_controller 23/24 math500_numeric_18
2026-04-27T23:37:40.140402+00:00 train-prefix reasoning_controller 24/24 math500_numeric_19
2026-04-27T23:40:03.491487+00:00 entry-vector direct_answer_controller 1/24 gsm8k_0
2026-04-27T23:40:04.090686+00:00 entry-vector direct_answer_controller 2/24 gsm8k_1
2026-04-27T23:40:04.443594+00:00 entry-vector direct_answer_controller 3/24 gsm8k_2
2026-04-27T23:40:04.947926+00:00 entry-vector direct_answer_controller 4/24 gsm8k_3
2026-04-27T23:40:05.299794+00:00 entry-vector direct_answer_controller 5/24 gsm8k_4
2026-04-27T23:40:05.978902+00:00 entry-vector direct_answer_controller 6/24 gsm8k_5
2026-04-27T23:40:06.484039+00:00 entry-vector direct_answer_controller 7/24 gsm8k_6
2026-04-27T23:40:06.844322+00:00 entry-vector direct_answer_controller 8/24 gsm8k_7
2026-04-27T23:40:07.360978+00:00 entry-vector direct_answer_controller 9/24 gsm8k_8
2026-04-27T23:40:08.039460+00:00 entry-vector direct_answer_controller 10/24 gsm8k_9
2026-04-27T23:40:08.546221+00:00 entry-vector direct_answer_controller 11/24 gsm8k_10
2026-04-27T23:40:09.053937+00:00 entry-vector direct_answer_controller 12/24 gsm8k_11
2026-04-27T23:40:09.567176+00:00 entry-vector direct_answer_controller 13/24 math500_numeric_2
2026-04-27T23:40:09.929003+00:00 entry-vector direct_answer_controller 14/24 math500_numeric_3
2026-04-27T23:40:10.132195+00:00 entry-vector direct_answer_controller 15/24 math500_numeric_5
2026-04-27T23:40:10.492566+00:00 entry-vector direct_answer_controller 16/24 math500_numeric_6
2026-04-27T23:40:10.696581+00:00 entry-vector direct_answer_controller 17/24 math500_numeric_9
2026-04-27T23:40:11.684243+00:00 entry-vector direct_answer_controller 18/24 math500_numeric_10
2026-04-27T23:40:12.031521+00:00 entry-vector direct_answer_controller 19/24 math500_numeric_11
2026-04-27T23:40:12.536046+00:00 entry-vector direct_answer_controller 20/24 math500_numeric_12
2026-04-27T23:40:13.053983+00:00 entry-vector direct_answer_controller 21/24 math500_numeric_13
2026-04-27T23:40:14.199866+00:00 entry-vector direct_answer_controller 22/24 math500_numeric_16
2026-04-27T23:40:14.548680+00:00 entry-vector direct_answer_controller 23/24 math500_numeric_18
2026-04-27T23:40:15.545922+00:00 entry-vector direct_answer_controller 24/24 math500_numeric_19
2026-04-27T23:40:48.810720+00:00 train-prefix direct_answer_controller 1/24 gsm8k_0
2026-04-27T23:41:01.444539+00:00 train-prefix direct_answer_controller 2/24 gsm8k_1
2026-04-27T23:41:09.990962+00:00 train-prefix direct_answer_controller 3/24 gsm8k_2
2026-04-27T23:41:22.413416+00:00 train-prefix direct_answer_controller 4/24 gsm8k_3
2026-04-27T23:41:31.167544+00:00 train-prefix direct_answer_controller 5/24 gsm8k_4
2026-04-27T23:41:49.726434+00:00 train-prefix direct_answer_controller 6/24 gsm8k_5
2026-04-27T23:42:02.094802+00:00 train-prefix direct_answer_controller 7/24 gsm8k_6
2026-04-27T23:42:11.501708+00:00 train-prefix direct_answer_controller 8/24 gsm8k_7
2026-04-27T23:42:24.262133+00:00 train-prefix direct_answer_controller 9/24 gsm8k_8
2026-04-27T23:42:41.319946+00:00 train-prefix direct_answer_controller 10/24 gsm8k_9
2026-04-27T23:42:53.821484+00:00 train-prefix direct_answer_controller 11/24 gsm8k_10
2026-04-27T23:43:06.350854+00:00 train-prefix direct_answer_controller 12/24 gsm8k_11
2026-04-27T23:43:18.951360+00:00 train-prefix direct_answer_controller 13/24 math500_numeric_2
2026-04-27T23:43:29.728899+00:00 train-prefix direct_answer_controller 14/24 math500_numeric_3
2026-04-27T23:43:36.384687+00:00 train-prefix direct_answer_controller 15/24 math500_numeric_5
2026-04-27T23:43:45.817479+00:00 train-prefix direct_answer_controller 16/24 math500_numeric_6
2026-04-27T23:43:53.586024+00:00 train-prefix direct_answer_controller 17/24 math500_numeric_9
2026-04-27T23:44:17.808340+00:00 train-prefix direct_answer_controller 18/24 math500_numeric_10
2026-04-27T23:44:26.354090+00:00 train-prefix direct_answer_controller 19/24 math500_numeric_11
2026-04-27T23:44:38.803544+00:00 train-prefix direct_answer_controller 20/24 math500_numeric_12
2026-04-27T23:44:51.696117+00:00 train-prefix direct_answer_controller 21/24 math500_numeric_13
2026-04-27T23:45:19.913599+00:00 train-prefix direct_answer_controller 22/24 math500_numeric_16
2026-04-27T23:45:28.414356+00:00 train-prefix direct_answer_controller 23/24 math500_numeric_18
2026-04-27T23:45:52.789947+00:00 train-prefix direct_answer_controller 24/24 math500_numeric_19
2026-04-27T23:48:15.594460+00:00 eval-generation 1/40 gsm8k_12
2026-04-27T23:49:36.369317+00:00 eval-generation 2/40 gsm8k_13
2026-04-27T23:51:18.392395+00:00 eval-generation 3/40 gsm8k_14
2026-04-27T23:52:40.826402+00:00 eval-generation 4/40 gsm8k_15
2026-04-27T23:53:59.020296+00:00 eval-generation 5/40 gsm8k_16
2026-04-27T23:55:14.624489+00:00 eval-generation 6/40 gsm8k_17
2026-04-27T23:56:28.077539+00:00 eval-generation 7/40 gsm8k_18
2026-04-27T23:57:35.941584+00:00 eval-generation 8/40 gsm8k_19
2026-04-27T23:59:03.375995+00:00 eval-generation 9/40 gsm8k_20
2026-04-28T00:00:26.722434+00:00 eval-generation 10/40 gsm8k_21
2026-04-28T00:01:32.743316+00:00 eval-generation 11/40 gsm8k_22
2026-04-28T00:02:40.159659+00:00 eval-generation 12/40 gsm8k_23
2026-04-28T00:03:36.291179+00:00 eval-generation 13/40 gsm8k_24
2026-04-28T00:04:54.078061+00:00 eval-generation 14/40 gsm8k_25
2026-04-28T00:06:08.366998+00:00 eval-generation 15/40 gsm8k_26
2026-04-28T00:07:23.817423+00:00 eval-generation 16/40 gsm8k_27
2026-04-28T00:08:24.808850+00:00 eval-generation 17/40 gsm8k_28
2026-04-28T00:09:35.593482+00:00 eval-generation 18/40 gsm8k_29
2026-04-28T00:10:47.330596+00:00 eval-generation 19/40 gsm8k_30
2026-04-28T00:12:03.704626+00:00 eval-generation 20/40 gsm8k_31
2026-04-28T00:13:16.310643+00:00 eval-generation 21/40 math500_numeric_21
2026-04-28T00:15:06.010351+00:00 eval-generation 22/40 math500_numeric_22
2026-04-28T00:16:58.279385+00:00 eval-generation 23/40 math500_numeric_24
2026-04-28T00:18:49.226328+00:00 eval-generation 24/40 math500_numeric_26
2026-04-28T00:20:39.471413+00:00 eval-generation 25/40 math500_numeric_27
2026-04-28T00:21:57.055264+00:00 eval-generation 26/40 math500_numeric_29
2026-04-28T00:23:23.256819+00:00 eval-generation 27/40 math500_numeric_32
2026-04-28T00:24:47.614427+00:00 eval-generation 28/40 math500_numeric_33
2026-04-28T00:26:36.252403+00:00 eval-generation 29/40 math500_numeric_34
2026-04-28T00:28:17.610623+00:00 eval-generation 30/40 math500_numeric_35
2026-04-28T00:29:42.987271+00:00 eval-generation 31/40 math500_numeric_37
2026-04-28T00:31:01.865202+00:00 eval-generation 32/40 math500_numeric_38
2026-04-28T00:32:10.065674+00:00 eval-generation 33/40 math500_numeric_39
2026-04-28T00:33:35.248633+00:00 eval-generation 34/40 math500_numeric_40
2026-04-28T00:34:51.669786+00:00 eval-generation 35/40 math500_numeric_41
2026-04-28T00:36:41.746956+00:00 eval-generation 36/40 math500_numeric_42
2026-04-28T00:37:53.135138+00:00 eval-generation 37/40 math500_numeric_44
2026-04-28T00:39:25.526423+00:00 eval-generation 38/40 math500_numeric_45
2026-04-28T00:40:43.831751+00:00 eval-generation 39/40 math500_numeric_46
2026-04-28T00:42:33.620305+00:00 eval-generation 40/40 math500_numeric_47
