2026-04-29T19:44:07.567671+00:00 load qwen35_4b
Fetching 10 files:   0%|          | 0/10 [00:00<?, ?it/s]Fetching 10 files: 100%|██████████| 10/10 [00:00<00:00, 82080.31it/s]
2026-04-29T19:44:08.605255+00:00 train qwen35_4b no_to_think 1/60 gsm8k_0
2026-04-29T19:44:09.146995+00:00 train qwen35_4b no_to_think 2/60 gsm8k_1
2026-04-29T19:44:09.486553+00:00 train qwen35_4b no_to_think 3/60 gsm8k_2
2026-04-29T19:44:09.983145+00:00 train qwen35_4b no_to_think 4/60 gsm8k_3
2026-04-29T19:44:10.331477+00:00 train qwen35_4b no_to_think 5/60 gsm8k_4
2026-04-29T19:44:10.989974+00:00 train qwen35_4b no_to_think 6/60 gsm8k_5
2026-04-29T19:44:11.484562+00:00 train qwen35_4b no_to_think 7/60 gsm8k_6
2026-04-29T19:44:11.838039+00:00 train qwen35_4b no_to_think 8/60 gsm8k_7
2026-04-29T19:44:12.341816+00:00 train qwen35_4b no_to_think 9/60 gsm8k_8
2026-04-29T19:44:12.996113+00:00 train qwen35_4b no_to_think 10/60 gsm8k_9
2026-04-29T19:44:13.487766+00:00 train qwen35_4b no_to_think 11/60 gsm8k_10
2026-04-29T19:44:13.985019+00:00 train qwen35_4b no_to_think 12/60 gsm8k_11
2026-04-29T19:44:14.482111+00:00 train qwen35_4b no_to_think 13/60 gsm8k_12
2026-04-29T19:44:14.978526+00:00 train qwen35_4b no_to_think 14/60 gsm8k_13
2026-04-29T19:44:15.472374+00:00 train qwen35_4b no_to_think 15/60 gsm8k_14
2026-04-29T19:44:15.826506+00:00 train qwen35_4b no_to_think 16/60 gsm8k_15
2026-04-29T19:44:16.479099+00:00 train qwen35_4b no_to_think 17/60 gsm8k_16
2026-04-29T19:44:16.906645+00:00 train qwen35_4b no_to_think 18/60 gsm8k_17
2026-04-29T19:44:17.401864+00:00 train qwen35_4b no_to_think 19/60 gsm8k_18
2026-04-29T19:44:17.747349+00:00 train qwen35_4b no_to_think 20/60 gsm8k_19
2026-04-29T19:44:18.248747+00:00 train qwen35_4b no_to_think 21/60 gsm8k_20
2026-04-29T19:44:18.747298+00:00 train qwen35_4b no_to_think 22/60 gsm8k_21
2026-04-29T19:44:19.103517+00:00 train qwen35_4b no_to_think 23/60 gsm8k_22
2026-04-29T19:44:19.597922+00:00 train qwen35_4b no_to_think 24/60 gsm8k_23
2026-04-29T19:44:19.950822+00:00 train qwen35_4b no_to_think 25/60 gsm8k_24
2026-04-29T19:44:20.302612+00:00 train qwen35_4b no_to_think 26/60 gsm8k_25
2026-04-29T19:44:20.803707+00:00 train qwen35_4b no_to_think 27/60 gsm8k_26
2026-04-29T19:44:21.306268+00:00 train qwen35_4b no_to_think 28/60 gsm8k_27
2026-04-29T19:44:21.798425+00:00 train qwen35_4b no_to_think 29/60 gsm8k_28
2026-04-29T19:44:22.156980+00:00 train qwen35_4b no_to_think 30/60 gsm8k_29
2026-04-29T19:44:22.660123+00:00 train qwen35_4b no_to_think 31/60 math500_numeric_2
2026-04-29T19:44:23.017630+00:00 train qwen35_4b no_to_think 32/60 math500_numeric_3
2026-04-29T19:44:23.219717+00:00 train qwen35_4b no_to_think 33/60 math500_numeric_5
2026-04-29T19:44:23.568902+00:00 train qwen35_4b no_to_think 34/60 math500_numeric_6
2026-04-29T19:44:23.774419+00:00 train qwen35_4b no_to_think 35/60 math500_numeric_9
2026-04-29T19:44:24.722981+00:00 train qwen35_4b no_to_think 36/60 math500_numeric_10
2026-04-29T19:44:25.066992+00:00 train qwen35_4b no_to_think 37/60 math500_numeric_11
2026-04-29T19:44:25.564983+00:00 train qwen35_4b no_to_think 38/60 math500_numeric_12
2026-04-29T19:44:26.069396+00:00 train qwen35_4b no_to_think 39/60 math500_numeric_13
2026-04-29T19:44:27.176501+00:00 train qwen35_4b no_to_think 40/60 math500_numeric_16
2026-04-29T19:44:27.517812+00:00 train qwen35_4b no_to_think 41/60 math500_numeric_18
2026-04-29T19:44:28.473805+00:00 train qwen35_4b no_to_think 42/60 math500_numeric_19
2026-04-29T19:44:28.828588+00:00 train qwen35_4b no_to_think 43/60 math500_numeric_21
2026-04-29T19:44:29.175278+00:00 train qwen35_4b no_to_think 44/60 math500_numeric_22
2026-04-29T19:44:29.979804+00:00 train qwen35_4b no_to_think 45/60 math500_numeric_24
2026-04-29T19:44:30.635267+00:00 train qwen35_4b no_to_think 46/60 math500_numeric_26
2026-04-29T19:44:30.990774+00:00 train qwen35_4b no_to_think 47/60 math500_numeric_27
2026-04-29T19:44:31.497541+00:00 train qwen35_4b no_to_think 48/60 math500_numeric_29
2026-04-29T19:44:32.007690+00:00 train qwen35_4b no_to_think 49/60 math500_numeric_32
2026-04-29T19:44:32.363653+00:00 train qwen35_4b no_to_think 50/60 math500_numeric_33
2026-04-29T19:44:32.721274+00:00 train qwen35_4b no_to_think 51/60 math500_numeric_34
2026-04-29T19:44:33.070071+00:00 train qwen35_4b no_to_think 52/60 math500_numeric_35
2026-04-29T19:44:33.424264+00:00 train qwen35_4b no_to_think 53/60 math500_numeric_37
2026-04-29T19:44:33.773312+00:00 train qwen35_4b no_to_think 54/60 math500_numeric_38
2026-04-29T19:44:34.126502+00:00 train qwen35_4b no_to_think 55/60 math500_numeric_39
2026-04-29T19:44:34.471899+00:00 train qwen35_4b no_to_think 56/60 math500_numeric_40
2026-04-29T19:44:35.134904+00:00 train qwen35_4b no_to_think 57/60 math500_numeric_41
2026-04-29T19:44:35.493122+00:00 train qwen35_4b no_to_think 58/60 math500_numeric_42
2026-04-29T19:44:35.845093+00:00 train qwen35_4b no_to_think 59/60 math500_numeric_44
2026-04-29T19:44:36.344183+00:00 train qwen35_4b no_to_think 60/60 math500_numeric_45
2026-04-29T19:45:34.600387+00:00 eval qwen35_4b no_to_think 1/60 aime2025_0
2026-04-29T19:45:36.108777+00:00 eval qwen35_4b no_to_think 2/60 aime2025_1
2026-04-29T19:45:39.371522+00:00 eval qwen35_4b no_to_think 3/60 aime2025_2
2026-04-29T19:45:41.793640+00:00 eval qwen35_4b no_to_think 4/60 aime2025_3
2026-04-29T19:45:43.366427+00:00 eval qwen35_4b no_to_think 5/60 aime2025_4
2026-04-29T19:45:45.353289+00:00 eval qwen35_4b no_to_think 6/60 aime2025_5
2026-04-29T19:45:47.339034+00:00 eval qwen35_4b no_to_think 7/60 aime2025_6
2026-04-29T19:45:50.180745+00:00 eval qwen35_4b no_to_think 8/60 aime2025_7
2026-04-29T19:45:52.614358+00:00 eval qwen35_4b no_to_think 9/60 aime2025_8
2026-04-29T19:45:54.999631+00:00 eval qwen35_4b no_to_think 10/60 aime2025_9
2026-04-29T19:46:03.104405+00:00 eval qwen35_4b no_to_think 11/60 aime2025_10
2026-04-29T19:46:16.036030+00:00 eval qwen35_4b no_to_think 12/60 aime2025_11
2026-04-29T19:46:18.503513+00:00 eval qwen35_4b no_to_think 13/60 aime2025_12
2026-04-29T19:46:20.510154+00:00 eval qwen35_4b no_to_think 14/60 aime2025_13
2026-04-29T19:46:23.386768+00:00 eval qwen35_4b no_to_think 15/60 aime2025_14
2026-04-29T19:46:25.393020+00:00 eval qwen35_4b no_to_think 16/60 aime2025_15
2026-04-29T19:46:27.432765+00:00 eval qwen35_4b no_to_think 17/60 aime2025_16
2026-04-29T19:46:28.967482+00:00 eval qwen35_4b no_to_think 18/60 aime2025_17
2026-04-29T19:46:33.204300+00:00 eval qwen35_4b no_to_think 19/60 aime2025_18
2026-04-29T19:46:36.994527+00:00 eval qwen35_4b no_to_think 20/60 aime2025_19
2026-04-29T19:46:44.983542+00:00 eval qwen35_4b no_to_think 21/60 aime2025_20
2026-04-29T19:46:54.414996+00:00 eval qwen35_4b no_to_think 22/60 aime2025_21
2026-04-29T19:46:56.491735+00:00 eval qwen35_4b no_to_think 23/60 aime2025_22
2026-04-29T19:47:01.190201+00:00 eval qwen35_4b no_to_think 24/60 aime2025_23
2026-04-29T19:47:03.240022+00:00 eval qwen35_4b no_to_think 25/60 aime2025_24
2026-04-29T19:47:05.233246+00:00 eval qwen35_4b no_to_think 26/60 aime2025_25
2026-04-29T19:47:06.845909+00:00 eval qwen35_4b no_to_think 27/60 aime2025_26
2026-04-29T19:47:10.279192+00:00 eval qwen35_4b no_to_think 28/60 aime2025_27
2026-04-29T19:47:12.778271+00:00 eval qwen35_4b no_to_think 29/60 aime2025_28
2026-04-29T19:47:14.841481+00:00 eval qwen35_4b no_to_think 30/60 aime2025_29
2026-04-29T19:47:16.843673+00:00 eval qwen35_4b no_to_think 31/60 aime2026_1
2026-04-29T19:47:19.810461+00:00 eval qwen35_4b no_to_think 32/60 aime2026_2
2026-04-29T19:47:21.825578+00:00 eval qwen35_4b no_to_think 33/60 aime2026_3
2026-04-29T19:47:24.331866+00:00 eval qwen35_4b no_to_think 34/60 aime2026_4
2026-04-29T19:47:25.887182+00:00 eval qwen35_4b no_to_think 35/60 aime2026_5
2026-04-29T19:47:28.814923+00:00 eval qwen35_4b no_to_think 36/60 aime2026_6
2026-04-29T19:47:30.407385+00:00 eval qwen35_4b no_to_think 37/60 aime2026_7
2026-04-29T19:47:32.422062+00:00 eval qwen35_4b no_to_think 38/60 aime2026_8
2026-04-29T19:47:34.021458+00:00 eval qwen35_4b no_to_think 39/60 aime2026_9
2026-04-29T19:47:37.443037+00:00 eval qwen35_4b no_to_think 40/60 aime2026_10
2026-04-29T19:47:39.889713+00:00 eval qwen35_4b no_to_think 41/60 aime2026_11
2026-04-29T19:47:43.263080+00:00 eval qwen35_4b no_to_think 42/60 aime2026_12
2026-04-29T19:47:46.688325+00:00 eval qwen35_4b no_to_think 43/60 aime2026_13
2026-04-29T19:47:50.112294+00:00 eval qwen35_4b no_to_think 44/60 aime2026_14
2026-04-29T19:47:52.189297+00:00 eval qwen35_4b no_to_think 45/60 aime2026_15
2026-04-29T19:47:56.960432+00:00 eval qwen35_4b no_to_think 46/60 aime2026_16
2026-04-29T19:47:58.541452+00:00 eval qwen35_4b no_to_think 47/60 aime2026_17
2026-04-29T19:48:04.711915+00:00 eval qwen35_4b no_to_think 48/60 aime2026_18
2026-04-29T19:48:07.656859+00:00 eval qwen35_4b no_to_think 49/60 aime2026_19
2026-04-29T19:48:10.579934+00:00 eval qwen35_4b no_to_think 50/60 aime2026_20
2026-04-29T19:48:12.649650+00:00 eval qwen35_4b no_to_think 51/60 aime2026_21
2026-04-29T19:48:14.567397+00:00 eval qwen35_4b no_to_think 52/60 aime2026_22
2026-04-29T19:48:17.042295+00:00 eval qwen35_4b no_to_think 53/60 aime2026_23
2026-04-29T19:48:19.080241+00:00 eval qwen35_4b no_to_think 54/60 aime2026_24
2026-04-29T19:48:21.457090+00:00 eval qwen35_4b no_to_think 55/60 aime2026_25
2026-04-29T19:48:24.425656+00:00 eval qwen35_4b no_to_think 56/60 aime2026_26
2026-04-29T19:48:26.909634+00:00 eval qwen35_4b no_to_think 57/60 aime2026_27
2026-04-29T19:48:29.886819+00:00 eval qwen35_4b no_to_think 58/60 aime2026_28
2026-04-29T19:48:32.817805+00:00 eval qwen35_4b no_to_think 59/60 aime2026_29
2026-04-29T19:48:36.266264+00:00 eval qwen35_4b no_to_think 60/60 aime2026_30
2026-04-29T19:48:39.703389+00:00 train qwen35_4b think_to_no 1/60 gsm8k_0
2026-04-29T19:48:40.219787+00:00 train qwen35_4b think_to_no 2/60 gsm8k_1
2026-04-29T19:48:40.566759+00:00 train qwen35_4b think_to_no 3/60 gsm8k_2
2026-04-29T19:48:41.071854+00:00 train qwen35_4b think_to_no 4/60 gsm8k_3
2026-04-29T19:48:41.425982+00:00 train qwen35_4b think_to_no 5/60 gsm8k_4
2026-04-29T19:48:42.109099+00:00 train qwen35_4b think_to_no 6/60 gsm8k_5
2026-04-29T19:48:42.613873+00:00 train qwen35_4b think_to_no 7/60 gsm8k_6
2026-04-29T19:48:42.974047+00:00 train qwen35_4b think_to_no 8/60 gsm8k_7
2026-04-29T19:48:43.487526+00:00 train qwen35_4b think_to_no 9/60 gsm8k_8
2026-04-29T19:48:44.161729+00:00 train qwen35_4b think_to_no 10/60 gsm8k_9
2026-04-29T19:48:44.663011+00:00 train qwen35_4b think_to_no 11/60 gsm8k_10
2026-04-29T19:48:45.170703+00:00 train qwen35_4b think_to_no 12/60 gsm8k_11
2026-04-29T19:48:45.682112+00:00 train qwen35_4b think_to_no 13/60 gsm8k_12
2026-04-29T19:48:46.194865+00:00 train qwen35_4b think_to_no 14/60 gsm8k_13
2026-04-29T19:48:46.701004+00:00 train qwen35_4b think_to_no 15/60 gsm8k_14
2026-04-29T19:48:47.063879+00:00 train qwen35_4b think_to_no 16/60 gsm8k_15
2026-04-29T19:48:47.735504+00:00 train qwen35_4b think_to_no 17/60 gsm8k_16
2026-04-29T19:48:48.171427+00:00 train qwen35_4b think_to_no 18/60 gsm8k_17
2026-04-29T19:48:48.676477+00:00 train qwen35_4b think_to_no 19/60 gsm8k_18
2026-04-29T19:48:49.028577+00:00 train qwen35_4b think_to_no 20/60 gsm8k_19
2026-04-29T19:48:49.537666+00:00 train qwen35_4b think_to_no 21/60 gsm8k_20
2026-04-29T19:48:50.044191+00:00 train qwen35_4b think_to_no 22/60 gsm8k_21
2026-04-29T19:48:50.404022+00:00 train qwen35_4b think_to_no 23/60 gsm8k_22
2026-04-29T19:48:50.908706+00:00 train qwen35_4b think_to_no 24/60 gsm8k_23
2026-04-29T19:48:51.266379+00:00 train qwen35_4b think_to_no 25/60 gsm8k_24
2026-04-29T19:48:51.622872+00:00 train qwen35_4b think_to_no 26/60 gsm8k_25
2026-04-29T19:48:52.130078+00:00 train qwen35_4b think_to_no 27/60 gsm8k_26
2026-04-29T19:48:52.641525+00:00 train qwen35_4b think_to_no 28/60 gsm8k_27
2026-04-29T19:48:53.146191+00:00 train qwen35_4b think_to_no 29/60 gsm8k_28
2026-04-29T19:48:53.504582+00:00 train qwen35_4b think_to_no 30/60 gsm8k_29
2026-04-29T19:48:54.015421+00:00 train qwen35_4b think_to_no 31/60 math500_numeric_2
2026-04-29T19:48:54.373616+00:00 train qwen35_4b think_to_no 32/60 math500_numeric_3
2026-04-29T19:48:54.575356+00:00 train qwen35_4b think_to_no 33/60 math500_numeric_5
2026-04-29T19:48:54.930903+00:00 train qwen35_4b think_to_no 34/60 math500_numeric_6
2026-04-29T19:48:55.135403+00:00 train qwen35_4b think_to_no 35/60 math500_numeric_9
2026-04-29T19:48:56.114589+00:00 train qwen35_4b think_to_no 36/60 math500_numeric_10
2026-04-29T19:48:56.460940+00:00 train qwen35_4b think_to_no 37/60 math500_numeric_11
2026-04-29T19:48:56.964771+00:00 train qwen35_4b think_to_no 38/60 math500_numeric_12
2026-04-29T19:48:57.476145+00:00 train qwen35_4b think_to_no 39/60 math500_numeric_13
2026-04-29T19:48:58.618909+00:00 train qwen35_4b think_to_no 40/60 math500_numeric_16
2026-04-29T19:48:58.963446+00:00 train qwen35_4b think_to_no 41/60 math500_numeric_18
2026-04-29T19:48:59.950611+00:00 train qwen35_4b think_to_no 42/60 math500_numeric_19
2026-04-29T19:49:00.312024+00:00 train qwen35_4b think_to_no 43/60 math500_numeric_21
2026-04-29T19:49:00.658033+00:00 train qwen35_4b think_to_no 44/60 math500_numeric_22
2026-04-29T19:49:01.481015+00:00 train qwen35_4b think_to_no 45/60 math500_numeric_24
2026-04-29T19:49:02.158976+00:00 train qwen35_4b think_to_no 46/60 math500_numeric_26
2026-04-29T19:49:02.522400+00:00 train qwen35_4b think_to_no 47/60 math500_numeric_27
2026-04-29T19:49:03.050892+00:00 train qwen35_4b think_to_no 48/60 math500_numeric_29
2026-04-29T19:49:03.575970+00:00 train qwen35_4b think_to_no 49/60 math500_numeric_32
2026-04-29T19:49:03.943805+00:00 train qwen35_4b think_to_no 50/60 math500_numeric_33
2026-04-29T19:49:04.310953+00:00 train qwen35_4b think_to_no 51/60 math500_numeric_34
2026-04-29T19:49:04.662840+00:00 train qwen35_4b think_to_no 52/60 math500_numeric_35
2026-04-29T19:49:05.021607+00:00 train qwen35_4b think_to_no 53/60 math500_numeric_37
2026-04-29T19:49:05.371315+00:00 train qwen35_4b think_to_no 54/60 math500_numeric_38
2026-04-29T19:49:05.728842+00:00 train qwen35_4b think_to_no 55/60 math500_numeric_39
2026-04-29T19:49:06.074681+00:00 train qwen35_4b think_to_no 56/60 math500_numeric_40
2026-04-29T19:49:06.747533+00:00 train qwen35_4b think_to_no 57/60 math500_numeric_41
2026-04-29T19:49:07.113023+00:00 train qwen35_4b think_to_no 58/60 math500_numeric_42
2026-04-29T19:49:07.470100+00:00 train qwen35_4b think_to_no 59/60 math500_numeric_44
2026-04-29T19:49:07.976019+00:00 train qwen35_4b think_to_no 60/60 math500_numeric_45
2026-04-29T19:49:55.932031+00:00 eval qwen35_4b think_to_no 1/60 aime2025_0
2026-04-29T19:49:57.092642+00:00 eval qwen35_4b think_to_no 2/60 aime2025_1
2026-04-29T19:49:59.977204+00:00 eval qwen35_4b think_to_no 3/60 aime2025_2
2026-04-29T19:50:02.138425+00:00 eval qwen35_4b think_to_no 4/60 aime2025_3
2026-04-29T19:50:03.568797+00:00 eval qwen35_4b think_to_no 5/60 aime2025_4
2026-04-29T19:50:05.359724+00:00 eval qwen35_4b think_to_no 6/60 aime2025_5
2026-04-29T19:50:07.139540+00:00 eval qwen35_4b think_to_no 7/60 aime2025_6
2026-04-29T19:50:09.700249+00:00 eval qwen35_4b think_to_no 8/60 aime2025_7
2026-04-29T19:50:11.877735+00:00 eval qwen35_4b think_to_no 9/60 aime2025_8
2026-04-29T19:50:14.012605+00:00 eval qwen35_4b think_to_no 10/60 aime2025_9
2026-04-29T19:50:20.995834+00:00 eval qwen35_4b think_to_no 11/60 aime2025_10
2026-04-29T19:50:32.268848+00:00 eval qwen35_4b think_to_no 12/60 aime2025_11
2026-04-29T19:50:34.462263+00:00 eval qwen35_4b think_to_no 13/60 aime2025_12
2026-04-29T19:50:36.244173+00:00 eval qwen35_4b think_to_no 14/60 aime2025_13
2026-04-29T19:50:38.752099+00:00 eval qwen35_4b think_to_no 15/60 aime2025_14
2026-04-29T19:50:40.519226+00:00 eval qwen35_4b think_to_no 16/60 aime2025_15
2026-04-29T19:50:42.311834+00:00 eval qwen35_4b think_to_no 17/60 aime2025_16
2026-04-29T19:50:43.678447+00:00 eval qwen35_4b think_to_no 18/60 aime2025_17
2026-04-29T19:50:47.350809+00:00 eval qwen35_4b think_to_no 19/60 aime2025_18
2026-04-29T19:50:50.668274+00:00 eval qwen35_4b think_to_no 20/60 aime2025_19
2026-04-29T19:50:57.553153+00:00 eval qwen35_4b think_to_no 21/60 aime2025_20
2026-04-29T19:51:05.635913+00:00 eval qwen35_4b think_to_no 22/60 aime2025_21
2026-04-29T19:51:07.455017+00:00 eval qwen35_4b think_to_no 23/60 aime2025_22
2026-04-29T19:51:11.521982+00:00 eval qwen35_4b think_to_no 24/60 aime2025_23
2026-04-29T19:51:13.300365+00:00 eval qwen35_4b think_to_no 25/60 aime2025_24
2026-04-29T19:51:15.032286+00:00 eval qwen35_4b think_to_no 26/60 aime2025_25
2026-04-29T19:51:16.438456+00:00 eval qwen35_4b think_to_no 27/60 aime2025_26
2026-04-29T19:51:19.381640+00:00 eval qwen35_4b think_to_no 28/60 aime2025_27
2026-04-29T19:51:21.528108+00:00 eval qwen35_4b think_to_no 29/60 aime2025_28
2026-04-29T19:51:23.313717+00:00 eval qwen35_4b think_to_no 30/60 aime2025_29
2026-04-29T19:51:25.057542+00:00 eval qwen35_4b think_to_no 31/60 aime2026_1
2026-04-29T19:51:27.598200+00:00 eval qwen35_4b think_to_no 32/60 aime2026_2
2026-04-29T19:51:29.337150+00:00 eval qwen35_4b think_to_no 33/60 aime2026_3
2026-04-29T19:51:31.497539+00:00 eval qwen35_4b think_to_no 34/60 aime2026_4
2026-04-29T19:51:32.842303+00:00 eval qwen35_4b think_to_no 35/60 aime2026_5
2026-04-29T19:51:35.338020+00:00 eval qwen35_4b think_to_no 36/60 aime2026_6
2026-04-29T19:51:36.728081+00:00 eval qwen35_4b think_to_no 37/60 aime2026_7
2026-04-29T19:51:38.462860+00:00 eval qwen35_4b think_to_no 38/60 aime2026_8
2026-04-29T19:51:39.861155+00:00 eval qwen35_4b think_to_no 39/60 aime2026_9
2026-04-29T19:51:42.773274+00:00 eval qwen35_4b think_to_no 40/60 aime2026_10
2026-04-29T19:51:44.899067+00:00 eval qwen35_4b think_to_no 41/60 aime2026_11
2026-04-29T19:51:47.770769+00:00 eval qwen35_4b think_to_no 42/60 aime2026_12
2026-04-29T19:51:50.703723+00:00 eval qwen35_4b think_to_no 43/60 aime2026_13
2026-04-29T19:51:53.621546+00:00 eval qwen35_4b think_to_no 44/60 aime2026_14
2026-04-29T19:51:55.420867+00:00 eval qwen35_4b think_to_no 45/60 aime2026_15
2026-04-29T19:51:59.478336+00:00 eval qwen35_4b think_to_no 46/60 aime2026_16
2026-04-29T19:52:00.847909+00:00 eval qwen35_4b think_to_no 47/60 aime2026_17
2026-04-29T19:52:06.079779+00:00 eval qwen35_4b think_to_no 48/60 aime2026_18
2026-04-29T19:52:08.603367+00:00 eval qwen35_4b think_to_no 49/60 aime2026_19
2026-04-29T19:52:11.100075+00:00 eval qwen35_4b think_to_no 50/60 aime2026_20
2026-04-29T19:52:12.884420+00:00 eval qwen35_4b think_to_no 51/60 aime2026_21
2026-04-29T19:52:14.354893+00:00 eval qwen35_4b think_to_no 52/60 aime2026_22
2026-04-29T19:52:16.496196+00:00 eval qwen35_4b think_to_no 53/60 aime2026_23
2026-04-29T19:52:18.240321+00:00 eval qwen35_4b think_to_no 54/60 aime2026_24
2026-04-29T19:52:20.098658+00:00 eval qwen35_4b think_to_no 55/60 aime2026_25
2026-04-29T19:52:22.642227+00:00 eval qwen35_4b think_to_no 56/60 aime2026_26
2026-04-29T19:52:24.772790+00:00 eval qwen35_4b think_to_no 57/60 aime2026_27
2026-04-29T19:52:27.299069+00:00 eval qwen35_4b think_to_no 58/60 aime2026_28
2026-04-29T19:52:29.828093+00:00 eval qwen35_4b think_to_no 59/60 aime2026_29
2026-04-29T19:52:32.758804+00:00 eval qwen35_4b think_to_no 60/60 aime2026_30
2026-04-29T19:52:35.756467+00:00 load olmo3_7b
Fetching 10 files:   0%|          | 0/10 [00:00<?, ?it/s]Fetching 10 files: 100%|██████████| 10/10 [00:00<00:00, 52363.35it/s]
`rope_parameters`'s beta_fast field must be a float, got 32
`rope_parameters`'s beta_slow field must be a float, got 1
Fetching 10 files:   0%|          | 0/10 [00:00<?, ?it/s]Fetching 10 files: 100%|██████████| 10/10 [00:00<00:00, 36889.22it/s]
`rope_parameters`'s beta_fast field must be a float, got 32
`rope_parameters`'s beta_slow field must be a float, got 1
2026-04-29T19:52:40.202089+00:00 train olmo3_7b instruct_to_think 1/60 gsm8k_0
2026-04-29T19:52:41.462392+00:00 train olmo3_7b instruct_to_think 2/60 gsm8k_1
2026-04-29T19:52:42.279699+00:00 train olmo3_7b instruct_to_think 3/60 gsm8k_2
2026-04-29T19:52:43.224536+00:00 train olmo3_7b instruct_to_think 4/60 gsm8k_3
2026-04-29T19:52:44.163631+00:00 train olmo3_7b instruct_to_think 5/60 gsm8k_4
2026-04-29T19:52:45.621552+00:00 train olmo3_7b instruct_to_think 6/60 gsm8k_5
2026-04-29T19:52:46.703815+00:00 train olmo3_7b instruct_to_think 7/60 gsm8k_6
2026-04-29T19:52:47.655602+00:00 train olmo3_7b instruct_to_think 8/60 gsm8k_7
2026-04-29T19:52:48.868738+00:00 train olmo3_7b instruct_to_think 9/60 gsm8k_8
2026-04-29T19:52:50.352790+00:00 train olmo3_7b instruct_to_think 10/60 gsm8k_9
2026-04-29T19:52:51.451192+00:00 train olmo3_7b instruct_to_think 11/60 gsm8k_10
2026-04-29T19:52:52.546033+00:00 train olmo3_7b instruct_to_think 12/60 gsm8k_11
2026-04-29T19:52:53.768010+00:00 train olmo3_7b instruct_to_think 13/60 gsm8k_12
2026-04-29T19:52:54.996784+00:00 train olmo3_7b instruct_to_think 14/60 gsm8k_13
2026-04-29T19:52:56.095735+00:00 train olmo3_7b instruct_to_think 15/60 gsm8k_14
2026-04-29T19:52:57.075557+00:00 train olmo3_7b instruct_to_think 16/60 gsm8k_15
2026-04-29T19:52:58.445495+00:00 train olmo3_7b instruct_to_think 17/60 gsm8k_16
2026-04-29T19:52:59.422137+00:00 train olmo3_7b instruct_to_think 18/60 gsm8k_17
2026-04-29T19:53:00.396264+00:00 train olmo3_7b instruct_to_think 19/60 gsm8k_18
2026-04-29T19:53:01.355708+00:00 train olmo3_7b instruct_to_think 20/60 gsm8k_19
2026-04-29T19:53:02.581107+00:00 train olmo3_7b instruct_to_think 21/60 gsm8k_20
2026-04-29T19:53:03.680243+00:00 train olmo3_7b instruct_to_think 22/60 gsm8k_21
2026-04-29T19:53:04.655916+00:00 train olmo3_7b instruct_to_think 23/60 gsm8k_22
2026-04-29T19:53:05.755147+00:00 train olmo3_7b instruct_to_think 24/60 gsm8k_23
2026-04-29T19:53:06.727811+00:00 train olmo3_7b instruct_to_think 25/60 gsm8k_24
2026-04-29T19:53:07.692629+00:00 train olmo3_7b instruct_to_think 26/60 gsm8k_25
2026-04-29T19:53:08.922510+00:00 train olmo3_7b instruct_to_think 27/60 gsm8k_26
2026-04-29T19:53:10.158307+00:00 train olmo3_7b instruct_to_think 28/60 gsm8k_27
2026-04-29T19:53:11.263477+00:00 train olmo3_7b instruct_to_think 29/60 gsm8k_28
2026-04-29T19:53:12.242477+00:00 train olmo3_7b instruct_to_think 30/60 gsm8k_29
2026-04-29T19:53:13.474496+00:00 train olmo3_7b instruct_to_think 31/60 math500_numeric_2
2026-04-29T19:53:14.461181+00:00 train olmo3_7b instruct_to_think 32/60 math500_numeric_3
2026-04-29T19:53:15.168167+00:00 train olmo3_7b instruct_to_think 33/60 math500_numeric_5
2026-04-29T19:53:16.140506+00:00 train olmo3_7b instruct_to_think 34/60 math500_numeric_6
2026-04-29T19:53:16.850157+00:00 train olmo3_7b instruct_to_think 35/60 math500_numeric_9
2026-04-29T19:53:18.664384+00:00 train olmo3_7b instruct_to_think 36/60 math500_numeric_10
2026-04-29T19:53:19.517275+00:00 train olmo3_7b instruct_to_think 37/60 math500_numeric_11
2026-04-29T19:53:20.615753+00:00 train olmo3_7b instruct_to_think 38/60 math500_numeric_12
2026-04-29T19:53:21.854524+00:00 train olmo3_7b instruct_to_think 39/60 math500_numeric_13
2026-04-29T19:53:23.910898+00:00 train olmo3_7b instruct_to_think 40/60 math500_numeric_16
2026-04-29T19:53:24.640553+00:00 train olmo3_7b instruct_to_think 41/60 math500_numeric_18
2026-04-29T19:53:26.427448+00:00 train olmo3_7b instruct_to_think 42/60 math500_numeric_19
2026-04-29T19:53:27.416762+00:00 train olmo3_7b instruct_to_think 43/60 math500_numeric_21
2026-04-29T19:53:28.377997+00:00 train olmo3_7b instruct_to_think 44/60 math500_numeric_22
2026-04-29T19:53:30.055868+00:00 train olmo3_7b instruct_to_think 45/60 math500_numeric_24
2026-04-29T19:53:31.569258+00:00 train olmo3_7b instruct_to_think 46/60 math500_numeric_26
2026-04-29T19:53:32.551475+00:00 train olmo3_7b instruct_to_think 47/60 math500_numeric_27
2026-04-29T19:53:33.791752+00:00 train olmo3_7b instruct_to_think 48/60 math500_numeric_29
2026-04-29T19:53:35.033888+00:00 train olmo3_7b instruct_to_think 49/60 math500_numeric_32
2026-04-29T19:53:36.021821+00:00 train olmo3_7b instruct_to_think 50/60 math500_numeric_33
2026-04-29T19:53:36.999163+00:00 train olmo3_7b instruct_to_think 51/60 math500_numeric_34
2026-04-29T19:53:37.966270+00:00 train olmo3_7b instruct_to_think 52/60 math500_numeric_35
2026-04-29T19:53:38.939443+00:00 train olmo3_7b instruct_to_think 53/60 math500_numeric_37
2026-04-29T19:53:39.906392+00:00 train olmo3_7b instruct_to_think 54/60 math500_numeric_38
2026-04-29T19:53:40.877049+00:00 train olmo3_7b instruct_to_think 55/60 math500_numeric_39
2026-04-29T19:53:41.715033+00:00 train olmo3_7b instruct_to_think 56/60 math500_numeric_40
2026-04-29T19:53:43.219024+00:00 train olmo3_7b instruct_to_think 57/60 math500_numeric_41
2026-04-29T19:53:44.209127+00:00 train olmo3_7b instruct_to_think 58/60 math500_numeric_42
2026-04-29T19:53:45.185281+00:00 train olmo3_7b instruct_to_think 59/60 math500_numeric_44
2026-04-29T19:53:46.426640+00:00 train olmo3_7b instruct_to_think 60/60 math500_numeric_45
2026-04-29T19:56:17.083332+00:00 eval olmo3_7b instruct_to_think 1/60 aime2025_0
2026-04-29T19:56:20.340499+00:00 eval olmo3_7b instruct_to_think 2/60 aime2025_1
2026-04-29T19:56:27.316793+00:00 eval olmo3_7b instruct_to_think 3/60 aime2025_2
2026-04-29T19:56:33.349818+00:00 eval olmo3_7b instruct_to_think 4/60 aime2025_3
2026-04-29T19:56:37.478287+00:00 eval olmo3_7b instruct_to_think 5/60 aime2025_4
2026-04-29T19:56:42.496560+00:00 eval olmo3_7b instruct_to_think 6/60 aime2025_5
2026-04-29T19:56:47.513350+00:00 eval olmo3_7b instruct_to_think 7/60 aime2025_6
2026-04-29T19:56:54.457772+00:00 eval olmo3_7b instruct_to_think 8/60 aime2025_7
2026-04-29T19:57:00.485814+00:00 eval olmo3_7b instruct_to_think 9/60 aime2025_8
2026-04-29T19:57:06.444370+00:00 eval olmo3_7b instruct_to_think 10/60 aime2025_9
2026-04-29T19:57:24.081308+00:00 eval olmo3_7b instruct_to_think 11/60 aime2025_10
2026-04-29T19:57:50.709778+00:00 eval olmo3_7b instruct_to_think 12/60 aime2025_11
2026-04-29T19:57:56.717583+00:00 eval olmo3_7b instruct_to_think 13/60 aime2025_12
2026-04-29T19:58:01.753390+00:00 eval olmo3_7b instruct_to_think 14/60 aime2025_13
2026-04-29T19:58:07.934491+00:00 eval olmo3_7b instruct_to_think 15/60 aime2025_14
2026-04-29T19:58:12.939592+00:00 eval olmo3_7b instruct_to_think 16/60 aime2025_15
2026-04-29T19:58:17.963255+00:00 eval olmo3_7b instruct_to_think 17/60 aime2025_16
2026-04-29T19:58:21.291075+00:00 eval olmo3_7b instruct_to_think 18/60 aime2025_17
2026-04-29T19:58:30.313911+00:00 eval olmo3_7b instruct_to_think 19/60 aime2025_18
2026-04-29T19:58:38.220228+00:00 eval olmo3_7b instruct_to_think 20/60 aime2025_19
2026-04-29T19:58:55.030800+00:00 eval olmo3_7b instruct_to_think 21/60 aime2025_20
2026-04-29T19:59:14.595938+00:00 eval olmo3_7b instruct_to_think 22/60 aime2025_21
2026-04-29T19:59:19.671674+00:00 eval olmo3_7b instruct_to_think 23/60 aime2025_22
2026-04-29T19:59:29.513714+00:00 eval olmo3_7b instruct_to_think 24/60 aime2025_23
2026-04-29T19:59:34.547121+00:00 eval olmo3_7b instruct_to_think 25/60 aime2025_24
2026-04-29T19:59:38.811862+00:00 eval olmo3_7b instruct_to_think 26/60 aime2025_25
2026-04-29T19:59:42.904975+00:00 eval olmo3_7b instruct_to_think 27/60 aime2025_26
2026-04-29T19:59:50.787646+00:00 eval olmo3_7b instruct_to_think 28/60 aime2025_27
2026-04-29T19:59:56.739902+00:00 eval olmo3_7b instruct_to_think 29/60 aime2025_28
2026-04-29T20:00:01.795975+00:00 eval olmo3_7b instruct_to_think 30/60 aime2025_29
2026-04-29T20:00:06.078715+00:00 eval olmo3_7b instruct_to_think 31/60 aime2026_1
2026-04-29T20:00:13.013178+00:00 eval olmo3_7b instruct_to_think 32/60 aime2026_2
2026-04-29T20:00:17.273311+00:00 eval olmo3_7b instruct_to_think 33/60 aime2026_3
2026-04-29T20:00:23.247132+00:00 eval olmo3_7b instruct_to_think 34/60 aime2026_4
2026-04-29T20:00:26.548467+00:00 eval olmo3_7b instruct_to_think 35/60 aime2026_5
2026-04-29T20:00:33.450854+00:00 eval olmo3_7b instruct_to_think 36/60 aime2026_6
2026-04-29T20:00:37.511378+00:00 eval olmo3_7b instruct_to_think 37/60 aime2026_7
2026-04-29T20:00:41.765768+00:00 eval olmo3_7b instruct_to_think 38/60 aime2026_8
2026-04-29T20:00:45.824927+00:00 eval olmo3_7b instruct_to_think 39/60 aime2026_9
2026-04-29T20:00:53.692950+00:00 eval olmo3_7b instruct_to_think 40/60 aime2026_10
2026-04-29T20:00:58.897470+00:00 eval olmo3_7b instruct_to_think 41/60 aime2026_11
2026-04-29T20:01:05.868317+00:00 eval olmo3_7b instruct_to_think 42/60 aime2026_12
2026-04-29T20:01:13.761843+00:00 eval olmo3_7b instruct_to_think 43/60 aime2026_13
2026-04-29T20:01:20.698848+00:00 eval olmo3_7b instruct_to_think 44/60 aime2026_14
2026-04-29T20:01:25.728179+00:00 eval olmo3_7b instruct_to_think 45/60 aime2026_15
2026-04-29T20:01:35.567701+00:00 eval olmo3_7b instruct_to_think 46/60 aime2026_16
2026-04-29T20:01:39.604967+00:00 eval olmo3_7b instruct_to_think 47/60 aime2026_17
2026-04-29T20:01:52.320100+00:00 eval olmo3_7b instruct_to_think 48/60 aime2026_18
2026-04-29T20:01:58.359852+00:00 eval olmo3_7b instruct_to_think 49/60 aime2026_19
2026-04-29T20:02:04.367800+00:00 eval olmo3_7b instruct_to_think 50/60 aime2026_20
2026-04-29T20:02:09.416769+00:00 eval olmo3_7b instruct_to_think 51/60 aime2026_21
2026-04-29T20:02:13.555364+00:00 eval olmo3_7b instruct_to_think 52/60 aime2026_22
2026-04-29T20:02:19.511675+00:00 eval olmo3_7b instruct_to_think 53/60 aime2026_23
2026-04-29T20:02:24.485885+00:00 eval olmo3_7b instruct_to_think 54/60 aime2026_24
2026-04-29T20:02:29.494885+00:00 eval olmo3_7b instruct_to_think 55/60 aime2026_25
2026-04-29T20:02:36.429928+00:00 eval olmo3_7b instruct_to_think 56/60 aime2026_26
2026-04-29T20:02:41.628290+00:00 eval olmo3_7b instruct_to_think 57/60 aime2026_27
2026-04-29T20:02:48.554426+00:00 eval olmo3_7b instruct_to_think 58/60 aime2026_28
2026-04-29T20:02:54.699913+00:00 eval olmo3_7b instruct_to_think 59/60 aime2026_29
2026-04-29T20:03:02.591457+00:00 eval olmo3_7b instruct_to_think 60/60 aime2026_30
2026-04-29T20:03:10.458976+00:00 train olmo3_7b think_to_instruct 1/60 gsm8k_0
2026-04-29T20:03:11.726266+00:00 train olmo3_7b think_to_instruct 2/60 gsm8k_1
2026-04-29T20:03:12.551826+00:00 train olmo3_7b think_to_instruct 3/60 gsm8k_2
2026-04-29T20:03:13.498864+00:00 train olmo3_7b think_to_instruct 4/60 gsm8k_3
2026-04-29T20:03:14.439011+00:00 train olmo3_7b think_to_instruct 5/60 gsm8k_4
2026-04-29T20:03:15.900164+00:00 train olmo3_7b think_to_instruct 6/60 gsm8k_5
2026-04-29T20:03:16.974550+00:00 train olmo3_7b think_to_instruct 7/60 gsm8k_6
2026-04-29T20:03:17.918273+00:00 train olmo3_7b think_to_instruct 8/60 gsm8k_7
2026-04-29T20:03:19.112359+00:00 train olmo3_7b think_to_instruct 9/60 gsm8k_8
2026-04-29T20:03:20.570736+00:00 train olmo3_7b think_to_instruct 10/60 gsm8k_9
2026-04-29T20:03:21.649853+00:00 train olmo3_7b think_to_instruct 11/60 gsm8k_10
2026-04-29T20:03:22.720322+00:00 train olmo3_7b think_to_instruct 12/60 gsm8k_11
2026-04-29T20:03:23.920381+00:00 train olmo3_7b think_to_instruct 13/60 gsm8k_12
2026-04-29T20:03:25.116046+00:00 train olmo3_7b think_to_instruct 14/60 gsm8k_13
2026-04-29T20:03:26.195475+00:00 train olmo3_7b think_to_instruct 15/60 gsm8k_14
2026-04-29T20:03:27.145824+00:00 train olmo3_7b think_to_instruct 16/60 gsm8k_15
2026-04-29T20:03:28.477449+00:00 train olmo3_7b think_to_instruct 17/60 gsm8k_16
2026-04-29T20:03:29.436158+00:00 train olmo3_7b think_to_instruct 18/60 gsm8k_17
2026-04-29T20:03:30.384526+00:00 train olmo3_7b think_to_instruct 19/60 gsm8k_18
2026-04-29T20:03:31.322679+00:00 train olmo3_7b think_to_instruct 20/60 gsm8k_19
2026-04-29T20:03:32.519760+00:00 train olmo3_7b think_to_instruct 21/60 gsm8k_20
2026-04-29T20:03:33.592015+00:00 train olmo3_7b think_to_instruct 22/60 gsm8k_21
2026-04-29T20:03:34.536999+00:00 train olmo3_7b think_to_instruct 23/60 gsm8k_22
2026-04-29T20:03:35.605223+00:00 train olmo3_7b think_to_instruct 24/60 gsm8k_23
2026-04-29T20:03:36.548981+00:00 train olmo3_7b think_to_instruct 25/60 gsm8k_24
2026-04-29T20:03:37.488740+00:00 train olmo3_7b think_to_instruct 26/60 gsm8k_25
2026-04-29T20:03:38.681679+00:00 train olmo3_7b think_to_instruct 27/60 gsm8k_26
2026-04-29T20:03:39.886138+00:00 train olmo3_7b think_to_instruct 28/60 gsm8k_27
2026-04-29T20:03:40.955293+00:00 train olmo3_7b think_to_instruct 29/60 gsm8k_28
2026-04-29T20:03:41.906859+00:00 train olmo3_7b think_to_instruct 30/60 gsm8k_29
2026-04-29T20:03:43.103821+00:00 train olmo3_7b think_to_instruct 31/60 math500_numeric_2
2026-04-29T20:03:44.059607+00:00 train olmo3_7b think_to_instruct 32/60 math500_numeric_3
2026-04-29T20:03:44.748009+00:00 train olmo3_7b think_to_instruct 33/60 math500_numeric_5
2026-04-29T20:03:45.691015+00:00 train olmo3_7b think_to_instruct 34/60 math500_numeric_6
2026-04-29T20:03:46.383638+00:00 train olmo3_7b think_to_instruct 35/60 math500_numeric_9
2026-04-29T20:03:48.110052+00:00 train olmo3_7b think_to_instruct 36/60 math500_numeric_10
2026-04-29T20:03:48.942757+00:00 train olmo3_7b think_to_instruct 37/60 math500_numeric_11
2026-04-29T20:03:50.013259+00:00 train olmo3_7b think_to_instruct 38/60 math500_numeric_12
2026-04-29T20:03:51.208110+00:00 train olmo3_7b think_to_instruct 39/60 math500_numeric_13
2026-04-29T20:03:53.207246+00:00 train olmo3_7b think_to_instruct 40/60 math500_numeric_16
2026-04-29T20:03:53.933878+00:00 train olmo3_7b think_to_instruct 41/60 math500_numeric_18
2026-04-29T20:03:55.666204+00:00 train olmo3_7b think_to_instruct 42/60 math500_numeric_19
2026-04-29T20:03:56.647519+00:00 train olmo3_7b think_to_instruct 43/60 math500_numeric_21
2026-04-29T20:03:57.585898+00:00 train olmo3_7b think_to_instruct 44/60 math500_numeric_22
2026-04-29T20:03:59.175416+00:00 train olmo3_7b think_to_instruct 45/60 math500_numeric_24
2026-04-29T20:04:00.663432+00:00 train olmo3_7b think_to_instruct 46/60 math500_numeric_26
2026-04-29T20:04:01.618627+00:00 train olmo3_7b think_to_instruct 47/60 math500_numeric_27
2026-04-29T20:04:02.826386+00:00 train olmo3_7b think_to_instruct 48/60 math500_numeric_29
2026-04-29T20:04:04.035638+00:00 train olmo3_7b think_to_instruct 49/60 math500_numeric_32
2026-04-29T20:04:04.991161+00:00 train olmo3_7b think_to_instruct 50/60 math500_numeric_33
2026-04-29T20:04:05.939861+00:00 train olmo3_7b think_to_instruct 51/60 math500_numeric_34
2026-04-29T20:04:06.881097+00:00 train olmo3_7b think_to_instruct 52/60 math500_numeric_35
2026-04-29T20:04:07.824797+00:00 train olmo3_7b think_to_instruct 53/60 math500_numeric_37
2026-04-29T20:04:08.766132+00:00 train olmo3_7b think_to_instruct 54/60 math500_numeric_38
2026-04-29T20:04:09.709262+00:00 train olmo3_7b think_to_instruct 55/60 math500_numeric_39
2026-04-29T20:04:10.525842+00:00 train olmo3_7b think_to_instruct 56/60 math500_numeric_40
2026-04-29T20:04:11.979657+00:00 train olmo3_7b think_to_instruct 57/60 math500_numeric_41
2026-04-29T20:04:12.935950+00:00 train olmo3_7b think_to_instruct 58/60 math500_numeric_42
2026-04-29T20:04:13.879557+00:00 train olmo3_7b think_to_instruct 59/60 math500_numeric_44
2026-04-29T20:04:15.073628+00:00 train olmo3_7b think_to_instruct 60/60 math500_numeric_45
2026-04-29T20:07:02.666295+00:00 eval olmo3_7b think_to_instruct 1/60 aime2025_0
2026-04-29T20:07:06.132229+00:00 eval olmo3_7b think_to_instruct 2/60 aime2025_1
2026-04-29T20:07:12.909316+00:00 eval olmo3_7b think_to_instruct 3/60 aime2025_2
2026-04-29T20:07:18.812004+00:00 eval olmo3_7b think_to_instruct 4/60 aime2025_3
2026-04-29T20:07:23.039804+00:00 eval olmo3_7b think_to_instruct 5/60 aime2025_4
2026-04-29T20:07:28.071375+00:00 eval olmo3_7b think_to_instruct 6/60 aime2025_5
2026-04-29T20:07:33.129961+00:00 eval olmo3_7b think_to_instruct 7/60 aime2025_6
2026-04-29T20:07:39.867350+00:00 eval olmo3_7b think_to_instruct 8/60 aime2025_7
2026-04-29T20:07:45.798778+00:00 eval olmo3_7b think_to_instruct 9/60 aime2025_8
2026-04-29T20:07:51.672405+00:00 eval olmo3_7b think_to_instruct 10/60 aime2025_9
2026-04-29T20:08:07.829428+00:00 eval olmo3_7b think_to_instruct 11/60 aime2025_10
2026-04-29T20:08:32.467324+00:00 eval olmo3_7b think_to_instruct 12/60 aime2025_11
2026-04-29T20:08:38.375938+00:00 eval olmo3_7b think_to_instruct 13/60 aime2025_12
2026-04-29T20:08:43.440330+00:00 eval olmo3_7b think_to_instruct 14/60 aime2025_13
2026-04-29T20:08:50.031076+00:00 eval olmo3_7b think_to_instruct 15/60 aime2025_14
2026-04-29T20:08:55.080647+00:00 eval olmo3_7b think_to_instruct 16/60 aime2025_15
2026-04-29T20:09:00.147606+00:00 eval olmo3_7b think_to_instruct 17/60 aime2025_16
2026-04-29T20:09:04.201866+00:00 eval olmo3_7b think_to_instruct 18/60 aime2025_17
2026-04-29T20:09:13.312931+00:00 eval olmo3_7b think_to_instruct 19/60 aime2025_18
2026-04-29T20:09:20.922080+00:00 eval olmo3_7b think_to_instruct 20/60 aime2025_19
2026-04-29T20:09:36.891353+00:00 eval olmo3_7b think_to_instruct 21/60 aime2025_20
2026-04-29T20:09:54.801162+00:00 eval olmo3_7b think_to_instruct 22/60 aime2025_21
2026-04-29T20:09:59.906315+00:00 eval olmo3_7b think_to_instruct 23/60 aime2025_22
2026-04-29T20:10:09.237489+00:00 eval olmo3_7b think_to_instruct 24/60 aime2025_23
2026-04-29T20:10:14.324757+00:00 eval olmo3_7b think_to_instruct 25/60 aime2025_24
2026-04-29T20:10:19.224542+00:00 eval olmo3_7b think_to_instruct 26/60 aime2025_25
2026-04-29T20:10:23.460131+00:00 eval olmo3_7b think_to_instruct 27/60 aime2025_26
2026-04-29T20:10:31.055387+00:00 eval olmo3_7b think_to_instruct 28/60 aime2025_27
2026-04-29T20:10:36.952085+00:00 eval olmo3_7b think_to_instruct 29/60 aime2025_28
2026-04-29T20:10:42.031126+00:00 eval olmo3_7b think_to_instruct 30/60 aime2025_29
2026-04-29T20:10:46.937107+00:00 eval olmo3_7b think_to_instruct 31/60 aime2026_1
2026-04-29T20:10:53.683981+00:00 eval olmo3_7b think_to_instruct 32/60 aime2026_2
2026-04-29T20:10:58.570206+00:00 eval olmo3_7b think_to_instruct 33/60 aime2026_3
2026-04-29T20:11:04.474281+00:00 eval olmo3_7b think_to_instruct 34/60 aime2026_4
2026-04-29T20:11:08.517985+00:00 eval olmo3_7b think_to_instruct 35/60 aime2026_5
2026-04-29T20:11:15.223173+00:00 eval olmo3_7b think_to_instruct 36/60 aime2026_6
2026-04-29T20:11:19.437039+00:00 eval olmo3_7b think_to_instruct 37/60 aime2026_7
2026-04-29T20:11:24.328446+00:00 eval olmo3_7b think_to_instruct 38/60 aime2026_8
2026-04-29T20:11:28.522496+00:00 eval olmo3_7b think_to_instruct 39/60 aime2026_9
2026-04-29T20:11:36.105128+00:00 eval olmo3_7b think_to_instruct 40/60 aime2026_10
2026-04-29T20:11:41.849214+00:00 eval olmo3_7b think_to_instruct 41/60 aime2026_11
2026-04-29T20:11:48.625462+00:00 eval olmo3_7b think_to_instruct 42/60 aime2026_12
2026-04-29T20:11:56.231487+00:00 eval olmo3_7b think_to_instruct 43/60 aime2026_13
2026-04-29T20:12:02.985935+00:00 eval olmo3_7b think_to_instruct 44/60 aime2026_14
2026-04-29T20:12:08.075243+00:00 eval olmo3_7b think_to_instruct 45/60 aime2026_15
2026-04-29T20:12:17.358715+00:00 eval olmo3_7b think_to_instruct 46/60 aime2026_16
2026-04-29T20:12:21.549654+00:00 eval olmo3_7b think_to_instruct 47/60 aime2026_17
2026-04-29T20:12:33.425249+00:00 eval olmo3_7b think_to_instruct 48/60 aime2026_18
2026-04-29T20:12:39.376873+00:00 eval olmo3_7b think_to_instruct 49/60 aime2026_19
2026-04-29T20:12:45.322545+00:00 eval olmo3_7b think_to_instruct 50/60 aime2026_20
2026-04-29T20:12:50.421066+00:00 eval olmo3_7b think_to_instruct 51/60 aime2026_21
2026-04-29T20:12:54.672304+00:00 eval olmo3_7b think_to_instruct 52/60 aime2026_22
2026-04-29T20:13:00.563115+00:00 eval olmo3_7b think_to_instruct 53/60 aime2026_23
2026-04-29T20:13:05.593435+00:00 eval olmo3_7b think_to_instruct 54/60 aime2026_24
2026-04-29T20:13:10.653734+00:00 eval olmo3_7b think_to_instruct 55/60 aime2026_25
2026-04-29T20:13:17.419126+00:00 eval olmo3_7b think_to_instruct 56/60 aime2026_26
2026-04-29T20:13:23.173433+00:00 eval olmo3_7b think_to_instruct 57/60 aime2026_27
2026-04-29T20:13:29.927026+00:00 eval olmo3_7b think_to_instruct 58/60 aime2026_28
2026-04-29T20:13:36.520385+00:00 eval olmo3_7b think_to_instruct 59/60 aime2026_29
2026-04-29T20:13:44.123992+00:00 eval olmo3_7b think_to_instruct 60/60 aime2026_30
2026-04-29T20:13:51.846360+00:00 load phi4_mini
Fetching 9 files:   0%|          | 0/9 [00:00<?, ?it/s]Fetching 9 files: 100%|██████████| 9/9 [00:00<00:00, 57631.66it/s]
This model config has set a `rope_parameters['original_max_position_embeddings']` field, to be used together with `max_position_embeddings` to determine a scaling factor. Please set the `factor` field of `rope_parameters`with this ratio instead -- we recommend the use of this field over `original_max_position_embeddings`, as it is compatible with most model architectures.
Fetching 12 files:   0%|          | 0/12 [00:00<?, ?it/s]Fetching 12 files: 100%|██████████| 12/12 [00:00<00:00, 80018.52it/s]
2026-04-29T20:13:55.172088+00:00 train phi4_mini instruct_to_think 1/60 gsm8k_0
2026-04-29T20:13:55.635029+00:00 train phi4_mini instruct_to_think 2/60 gsm8k_1
2026-04-29T20:13:55.876175+00:00 train phi4_mini instruct_to_think 3/60 gsm8k_2
2026-04-29T20:13:56.240275+00:00 train phi4_mini instruct_to_think 4/60 gsm8k_3
2026-04-29T20:13:56.539089+00:00 train phi4_mini instruct_to_think 5/60 gsm8k_4
2026-04-29T20:13:57.090612+00:00 train phi4_mini instruct_to_think 6/60 gsm8k_5
2026-04-29T20:13:57.454783+00:00 train phi4_mini instruct_to_think 7/60 gsm8k_6
2026-04-29T20:13:57.754236+00:00 train phi4_mini instruct_to_think 8/60 gsm8k_7
2026-04-29T20:13:58.178252+00:00 train phi4_mini instruct_to_think 9/60 gsm8k_8
2026-04-29T20:13:58.729077+00:00 train phi4_mini instruct_to_think 10/60 gsm8k_9
2026-04-29T20:13:59.094781+00:00 train phi4_mini instruct_to_think 11/60 gsm8k_10
2026-04-29T20:13:59.460042+00:00 train phi4_mini instruct_to_think 12/60 gsm8k_11
2026-04-29T20:13:59.825352+00:00 train phi4_mini instruct_to_think 13/60 gsm8k_12
2026-04-29T20:14:00.249117+00:00 train phi4_mini instruct_to_think 14/60 gsm8k_13
2026-04-29T20:14:00.614799+00:00 train phi4_mini instruct_to_think 15/60 gsm8k_14
2026-04-29T20:14:00.978154+00:00 train phi4_mini instruct_to_think 16/60 gsm8k_15
2026-04-29T20:14:01.469527+00:00 train phi4_mini instruct_to_think 17/60 gsm8k_16
2026-04-29T20:14:01.833567+00:00 train phi4_mini instruct_to_think 18/60 gsm8k_17
2026-04-29T20:14:02.197367+00:00 train phi4_mini instruct_to_think 19/60 gsm8k_18
2026-04-29T20:14:02.436838+00:00 train phi4_mini instruct_to_think 20/60 gsm8k_19
2026-04-29T20:14:02.860434+00:00 train phi4_mini instruct_to_think 21/60 gsm8k_20
2026-04-29T20:14:03.225389+00:00 train phi4_mini instruct_to_think 22/60 gsm8k_21
2026-04-29T20:14:03.525611+00:00 train phi4_mini instruct_to_think 23/60 gsm8k_22
2026-04-29T20:14:03.889291+00:00 train phi4_mini instruct_to_think 24/60 gsm8k_23
2026-04-29T20:14:04.187917+00:00 train phi4_mini instruct_to_think 25/60 gsm8k_24
2026-04-29T20:14:04.484247+00:00 train phi4_mini instruct_to_think 26/60 gsm8k_25
2026-04-29T20:14:04.907493+00:00 train phi4_mini instruct_to_think 27/60 gsm8k_26
2026-04-29T20:14:05.331026+00:00 train phi4_mini instruct_to_think 28/60 gsm8k_27
2026-04-29T20:14:05.695339+00:00 train phi4_mini instruct_to_think 29/60 gsm8k_28
2026-04-29T20:14:06.057930+00:00 train phi4_mini instruct_to_think 30/60 gsm8k_29
2026-04-29T20:14:06.482245+00:00 train phi4_mini instruct_to_think 31/60 math500_numeric_2
2026-04-29T20:14:06.844956+00:00 train phi4_mini instruct_to_think 32/60 math500_numeric_3
2026-04-29T20:14:07.020144+00:00 train phi4_mini instruct_to_think 33/60 math500_numeric_5
2026-04-29T20:14:07.319373+00:00 train phi4_mini instruct_to_think 34/60 math500_numeric_6
2026-04-29T20:14:07.557450+00:00 train phi4_mini instruct_to_think 35/60 math500_numeric_9
2026-04-29T20:14:08.295925+00:00 train phi4_mini instruct_to_think 36/60 math500_numeric_10
2026-04-29T20:14:08.535853+00:00 train phi4_mini instruct_to_think 37/60 math500_numeric_11
2026-04-29T20:14:08.894822+00:00 train phi4_mini instruct_to_think 38/60 math500_numeric_12
2026-04-29T20:14:09.319571+00:00 train phi4_mini instruct_to_think 39/60 math500_numeric_13
2026-04-29T20:14:10.124161+00:00 train phi4_mini instruct_to_think 40/60 math500_numeric_16
2026-04-29T20:14:10.364570+00:00 train phi4_mini instruct_to_think 41/60 math500_numeric_18
2026-04-29T20:14:11.105643+00:00 train phi4_mini instruct_to_think 42/60 math500_numeric_19
2026-04-29T20:14:11.468057+00:00 train phi4_mini instruct_to_think 43/60 math500_numeric_21
2026-04-29T20:14:11.709374+00:00 train phi4_mini instruct_to_think 44/60 math500_numeric_22
2026-04-29T20:14:12.325560+00:00 train phi4_mini instruct_to_think 45/60 math500_numeric_24
2026-04-29T20:14:12.878533+00:00 train phi4_mini instruct_to_think 46/60 math500_numeric_26
2026-04-29T20:14:13.242954+00:00 train phi4_mini instruct_to_think 47/60 math500_numeric_27
2026-04-29T20:14:13.668587+00:00 train phi4_mini instruct_to_think 48/60 math500_numeric_29
2026-04-29T20:14:14.095039+00:00 train phi4_mini instruct_to_think 49/60 math500_numeric_32
2026-04-29T20:14:14.460837+00:00 train phi4_mini instruct_to_think 50/60 math500_numeric_33
2026-04-29T20:14:14.761088+00:00 train phi4_mini instruct_to_think 51/60 math500_numeric_34
2026-04-29T20:14:15.059717+00:00 train phi4_mini instruct_to_think 52/60 math500_numeric_35
2026-04-29T20:14:15.359559+00:00 train phi4_mini instruct_to_think 53/60 math500_numeric_37
2026-04-29T20:14:15.658019+00:00 train phi4_mini instruct_to_think 54/60 math500_numeric_38
2026-04-29T20:14:15.956256+00:00 train phi4_mini instruct_to_think 55/60 math500_numeric_39
2026-04-29T20:14:16.194922+00:00 train phi4_mini instruct_to_think 56/60 math500_numeric_40
2026-04-29T20:14:16.744863+00:00 train phi4_mini instruct_to_think 57/60 math500_numeric_41
2026-04-29T20:14:17.107867+00:00 train phi4_mini instruct_to_think 58/60 math500_numeric_42
2026-04-29T20:14:17.407249+00:00 train phi4_mini instruct_to_think 59/60 math500_numeric_44
2026-04-29T20:14:17.831544+00:00 train phi4_mini instruct_to_think 60/60 math500_numeric_45
2026-04-29T20:15:00.399755+00:00 eval phi4_mini instruct_to_think 1/60 aime2025_0
2026-04-29T20:15:01.482818+00:00 eval phi4_mini instruct_to_think 2/60 aime2025_1
2026-04-29T20:15:03.850664+00:00 eval phi4_mini instruct_to_think 3/60 aime2025_2
2026-04-29T20:15:05.857486+00:00 eval phi4_mini instruct_to_think 4/60 aime2025_3
2026-04-29T20:15:07.158362+00:00 eval phi4_mini instruct_to_think 5/60 aime2025_4
2026-04-29T20:15:08.787118+00:00 eval phi4_mini instruct_to_think 6/60 aime2025_5
2026-04-29T20:15:10.429160+00:00 eval phi4_mini instruct_to_think 7/60 aime2025_6
2026-04-29T20:15:12.802884+00:00 eval phi4_mini instruct_to_think 8/60 aime2025_7
2026-04-29T20:15:14.814425+00:00 eval phi4_mini instruct_to_think 9/60 aime2025_8
2026-04-29T20:15:16.559013+00:00 eval phi4_mini instruct_to_think 10/60 aime2025_9
2026-04-29T20:15:23.158779+00:00 eval phi4_mini instruct_to_think 11/60 aime2025_10
2026-04-29T20:15:33.230706+00:00 eval phi4_mini instruct_to_think 12/60 aime2025_11
2026-04-29T20:15:35.267611+00:00 eval phi4_mini instruct_to_think 13/60 aime2025_12
2026-04-29T20:15:36.929725+00:00 eval phi4_mini instruct_to_think 14/60 aime2025_13
2026-04-29T20:15:39.032954+00:00 eval phi4_mini instruct_to_think 15/60 aime2025_14
2026-04-29T20:15:40.680149+00:00 eval phi4_mini instruct_to_think 16/60 aime2025_15
2026-04-29T20:15:42.334884+00:00 eval phi4_mini instruct_to_think 17/60 aime2025_16
2026-04-29T20:15:43.355978+00:00 eval phi4_mini instruct_to_think 18/60 aime2025_17
2026-04-29T20:15:46.562292+00:00 eval phi4_mini instruct_to_think 19/60 aime2025_18
2026-04-29T20:15:49.328521+00:00 eval phi4_mini instruct_to_think 20/60 aime2025_19
2026-04-29T20:15:55.567358+00:00 eval phi4_mini instruct_to_think 21/60 aime2025_20
2026-04-29T20:16:02.909942+00:00 eval phi4_mini instruct_to_think 22/60 aime2025_21
2026-04-29T20:16:04.601987+00:00 eval phi4_mini instruct_to_think 23/60 aime2025_22
2026-04-29T20:16:08.119849+00:00 eval phi4_mini instruct_to_think 24/60 aime2025_23
2026-04-29T20:16:09.794470+00:00 eval phi4_mini instruct_to_think 25/60 aime2025_24
2026-04-29T20:16:11.168826+00:00 eval phi4_mini instruct_to_think 26/60 aime2025_25
2026-04-29T20:16:12.471174+00:00 eval phi4_mini instruct_to_think 27/60 aime2025_26
2026-04-29T20:16:15.240940+00:00 eval phi4_mini instruct_to_think 28/60 aime2025_27
2026-04-29T20:16:17.258407+00:00 eval phi4_mini instruct_to_think 29/60 aime2025_28
2026-04-29T20:16:18.927003+00:00 eval phi4_mini instruct_to_think 30/60 aime2025_29
2026-04-29T20:16:20.306563+00:00 eval phi4_mini instruct_to_think 31/60 aime2026_1
2026-04-29T20:16:22.684892+00:00 eval phi4_mini instruct_to_think 32/60 aime2026_2
2026-04-29T20:16:24.063140+00:00 eval phi4_mini instruct_to_think 33/60 aime2026_3
2026-04-29T20:16:26.089364+00:00 eval phi4_mini instruct_to_think 34/60 aime2026_4
2026-04-29T20:16:27.111604+00:00 eval phi4_mini instruct_to_think 35/60 aime2026_5
2026-04-29T20:16:29.209301+00:00 eval phi4_mini instruct_to_think 36/60 aime2026_6
2026-04-29T20:16:30.504522+00:00 eval phi4_mini instruct_to_think 37/60 aime2026_7
2026-04-29T20:16:31.878812+00:00 eval phi4_mini instruct_to_think 38/60 aime2026_8
2026-04-29T20:16:33.159258+00:00 eval phi4_mini instruct_to_think 39/60 aime2026_9
2026-04-29T20:16:35.904670+00:00 eval phi4_mini instruct_to_think 40/60 aime2026_10
2026-04-29T20:16:37.660487+00:00 eval phi4_mini instruct_to_think 41/60 aime2026_11
2026-04-29T20:16:40.068799+00:00 eval phi4_mini instruct_to_think 42/60 aime2026_12
2026-04-29T20:16:42.842019+00:00 eval phi4_mini instruct_to_think 43/60 aime2026_13
2026-04-29T20:16:45.245418+00:00 eval phi4_mini instruct_to_think 44/60 aime2026_14
2026-04-29T20:16:46.914624+00:00 eval phi4_mini instruct_to_think 45/60 aime2026_15
2026-04-29T20:16:50.447924+00:00 eval phi4_mini instruct_to_think 46/60 aime2026_16
2026-04-29T20:16:51.479446+00:00 eval phi4_mini instruct_to_think 47/60 aime2026_17
2026-04-29T20:16:56.189145+00:00 eval phi4_mini instruct_to_think 48/60 aime2026_18
2026-04-29T20:16:58.321619+00:00 eval phi4_mini instruct_to_think 49/60 aime2026_19
2026-04-29T20:17:00.361456+00:00 eval phi4_mini instruct_to_think 50/60 aime2026_20
2026-04-29T20:17:02.030217+00:00 eval phi4_mini instruct_to_think 51/60 aime2026_21
2026-04-29T20:17:03.402982+00:00 eval phi4_mini instruct_to_think 52/60 aime2026_22
2026-04-29T20:17:05.408601+00:00 eval phi4_mini instruct_to_think 53/60 aime2026_23
2026-04-29T20:17:07.056178+00:00 eval phi4_mini instruct_to_think 54/60 aime2026_24
2026-04-29T20:17:08.712032+00:00 eval phi4_mini instruct_to_think 55/60 aime2026_25
2026-04-29T20:17:11.109274+00:00 eval phi4_mini instruct_to_think 56/60 aime2026_26
2026-04-29T20:17:12.862454+00:00 eval phi4_mini instruct_to_think 57/60 aime2026_27
2026-04-29T20:17:15.249860+00:00 eval phi4_mini instruct_to_think 58/60 aime2026_28
2026-04-29T20:17:17.350546+00:00 eval phi4_mini instruct_to_think 59/60 aime2026_29
2026-04-29T20:17:20.116998+00:00 eval phi4_mini instruct_to_think 60/60 aime2026_30
2026-04-29T20:17:22.889664+00:00 train phi4_mini think_to_instruct 1/60 gsm8k_0
2026-04-29T20:17:23.330183+00:00 train phi4_mini think_to_instruct 2/60 gsm8k_1
2026-04-29T20:17:23.573434+00:00 train phi4_mini think_to_instruct 3/60 gsm8k_2
2026-04-29T20:17:23.942954+00:00 train phi4_mini think_to_instruct 4/60 gsm8k_3
2026-04-29T20:17:24.246686+00:00 train phi4_mini think_to_instruct 5/60 gsm8k_4
2026-04-29T20:17:24.816253+00:00 train phi4_mini think_to_instruct 6/60 gsm8k_5
2026-04-29T20:17:25.180785+00:00 train phi4_mini think_to_instruct 7/60 gsm8k_6
2026-04-29T20:17:25.483697+00:00 train phi4_mini think_to_instruct 8/60 gsm8k_7
2026-04-29T20:17:25.916035+00:00 train phi4_mini think_to_instruct 9/60 gsm8k_8
2026-04-29T20:17:26.482753+00:00 train phi4_mini think_to_instruct 10/60 gsm8k_9
2026-04-29T20:17:26.855308+00:00 train phi4_mini think_to_instruct 11/60 gsm8k_10
2026-04-29T20:17:27.226967+00:00 train phi4_mini think_to_instruct 12/60 gsm8k_11
2026-04-29T20:17:27.597971+00:00 train phi4_mini think_to_instruct 13/60 gsm8k_12
2026-04-29T20:17:28.028912+00:00 train phi4_mini think_to_instruct 14/60 gsm8k_13
2026-04-29T20:17:28.399538+00:00 train phi4_mini think_to_instruct 15/60 gsm8k_14
2026-04-29T20:17:28.767103+00:00 train phi4_mini think_to_instruct 16/60 gsm8k_15
2026-04-29T20:17:29.268843+00:00 train phi4_mini think_to_instruct 17/60 gsm8k_16
2026-04-29T20:17:29.638552+00:00 train phi4_mini think_to_instruct 18/60 gsm8k_17
2026-04-29T20:17:30.008135+00:00 train phi4_mini think_to_instruct 19/60 gsm8k_18
2026-04-29T20:17:30.247325+00:00 train phi4_mini think_to_instruct 20/60 gsm8k_19
2026-04-29T20:17:30.670892+00:00 train phi4_mini think_to_instruct 21/60 gsm8k_20
2026-04-29T20:17:31.046656+00:00 train phi4_mini think_to_instruct 22/60 gsm8k_21
2026-04-29T20:17:31.353549+00:00 train phi4_mini think_to_instruct 23/60 gsm8k_22
2026-04-29T20:17:31.721062+00:00 train phi4_mini think_to_instruct 24/60 gsm8k_23
2026-04-29T20:17:32.023472+00:00 train phi4_mini think_to_instruct 25/60 gsm8k_24
2026-04-29T20:17:32.323652+00:00 train phi4_mini think_to_instruct 26/60 gsm8k_25
2026-04-29T20:17:32.753212+00:00 train phi4_mini think_to_instruct 27/60 gsm8k_26
2026-04-29T20:17:33.186323+00:00 train phi4_mini think_to_instruct 28/60 gsm8k_27
2026-04-29T20:17:33.553161+00:00 train phi4_mini think_to_instruct 29/60 gsm8k_28
2026-04-29T20:17:33.919598+00:00 train phi4_mini think_to_instruct 30/60 gsm8k_29
2026-04-29T20:17:34.350691+00:00 train phi4_mini think_to_instruct 31/60 math500_numeric_2
2026-04-29T20:17:34.715641+00:00 train phi4_mini think_to_instruct 32/60 math500_numeric_3
2026-04-29T20:17:34.891352+00:00 train phi4_mini think_to_instruct 33/60 math500_numeric_5
2026-04-29T20:17:35.194488+00:00 train phi4_mini think_to_instruct 34/60 math500_numeric_6
2026-04-29T20:17:35.433949+00:00 train phi4_mini think_to_instruct 35/60 math500_numeric_9
2026-04-29T20:17:36.194075+00:00 train phi4_mini think_to_instruct 36/60 math500_numeric_10
2026-04-29T20:17:36.433863+00:00 train phi4_mini think_to_instruct 37/60 math500_numeric_11
2026-04-29T20:17:36.807849+00:00 train phi4_mini think_to_instruct 38/60 math500_numeric_12
2026-04-29T20:17:37.240180+00:00 train phi4_mini think_to_instruct 39/60 math500_numeric_13
2026-04-29T20:17:38.075153+00:00 train phi4_mini think_to_instruct 40/60 math500_numeric_16
2026-04-29T20:17:38.315613+00:00 train phi4_mini think_to_instruct 41/60 math500_numeric_18
2026-04-29T20:17:39.077487+00:00 train phi4_mini think_to_instruct 42/60 math500_numeric_19
2026-04-29T20:17:39.444361+00:00 train phi4_mini think_to_instruct 43/60 math500_numeric_21
2026-04-29T20:17:39.686676+00:00 train phi4_mini think_to_instruct 44/60 math500_numeric_22
2026-04-29T20:17:40.320439+00:00 train phi4_mini think_to_instruct 45/60 math500_numeric_24
2026-04-29T20:17:40.885747+00:00 train phi4_mini think_to_instruct 46/60 math500_numeric_26
2026-04-29T20:17:41.252229+00:00 train phi4_mini think_to_instruct 47/60 math500_numeric_27
2026-04-29T20:17:41.688481+00:00 train phi4_mini think_to_instruct 48/60 math500_numeric_29
2026-04-29T20:17:42.124992+00:00 train phi4_mini think_to_instruct 49/60 math500_numeric_32
2026-04-29T20:17:42.496057+00:00 train phi4_mini think_to_instruct 50/60 math500_numeric_33
2026-04-29T20:17:42.799076+00:00 train phi4_mini think_to_instruct 51/60 math500_numeric_34
2026-04-29T20:17:43.100987+00:00 train phi4_mini think_to_instruct 52/60 math500_numeric_35
2026-04-29T20:17:43.402859+00:00 train phi4_mini think_to_instruct 53/60 math500_numeric_37
2026-04-29T20:17:43.705629+00:00 train phi4_mini think_to_instruct 54/60 math500_numeric_38
2026-04-29T20:17:44.006761+00:00 train phi4_mini think_to_instruct 55/60 math500_numeric_39
2026-04-29T20:17:44.246366+00:00 train phi4_mini think_to_instruct 56/60 math500_numeric_40
2026-04-29T20:17:44.807723+00:00 train phi4_mini think_to_instruct 57/60 math500_numeric_41
2026-04-29T20:17:45.174946+00:00 train phi4_mini think_to_instruct 58/60 math500_numeric_42
2026-04-29T20:17:45.476010+00:00 train phi4_mini think_to_instruct 59/60 math500_numeric_44
2026-04-29T20:17:45.906127+00:00 train phi4_mini think_to_instruct 60/60 math500_numeric_45
2026-04-29T20:18:05.781297+00:00 eval phi4_mini think_to_instruct 1/60 aime2025_0
2026-04-29T20:18:06.520229+00:00 eval phi4_mini think_to_instruct 2/60 aime2025_1
2026-04-29T20:18:07.847329+00:00 eval phi4_mini think_to_instruct 3/60 aime2025_2
2026-04-29T20:18:08.981304+00:00 eval phi4_mini think_to_instruct 4/60 aime2025_3
2026-04-29T20:18:09.752167+00:00 eval phi4_mini think_to_instruct 5/60 aime2025_4
2026-04-29T20:18:10.700948+00:00 eval phi4_mini think_to_instruct 6/60 aime2025_5
2026-04-29T20:18:11.650024+00:00 eval phi4_mini think_to_instruct 7/60 aime2025_6
2026-04-29T20:18:12.964410+00:00 eval phi4_mini think_to_instruct 8/60 aime2025_7
2026-04-29T20:18:14.109771+00:00 eval phi4_mini think_to_instruct 9/60 aime2025_8
2026-04-29T20:18:15.184459+00:00 eval phi4_mini think_to_instruct 10/60 aime2025_9
2026-04-29T20:18:18.759126+00:00 eval phi4_mini think_to_instruct 11/60 aime2025_10
2026-04-29T20:18:24.193090+00:00 eval phi4_mini think_to_instruct 12/60 aime2025_11
2026-04-29T20:18:25.354906+00:00 eval phi4_mini think_to_instruct 13/60 aime2025_12
2026-04-29T20:18:26.316214+00:00 eval phi4_mini think_to_instruct 14/60 aime2025_13
2026-04-29T20:18:27.578917+00:00 eval phi4_mini think_to_instruct 15/60 aime2025_14
2026-04-29T20:18:28.540700+00:00 eval phi4_mini think_to_instruct 16/60 aime2025_15
2026-04-29T20:18:29.502993+00:00 eval phi4_mini think_to_instruct 17/60 aime2025_16
2026-04-29T20:18:30.212185+00:00 eval phi4_mini think_to_instruct 18/60 aime2025_17
2026-04-29T20:18:32.043735+00:00 eval phi4_mini think_to_instruct 19/60 aime2025_18
2026-04-29T20:18:33.605696+00:00 eval phi4_mini think_to_instruct 20/60 aime2025_19
2026-04-29T20:18:37.034938+00:00 eval phi4_mini think_to_instruct 21/60 aime2025_20
2026-04-29T20:18:40.978539+00:00 eval phi4_mini think_to_instruct 22/60 aime2025_21
2026-04-29T20:18:41.958179+00:00 eval phi4_mini think_to_instruct 23/60 aime2025_22
2026-04-29T20:18:43.891961+00:00 eval phi4_mini think_to_instruct 24/60 aime2025_23
2026-04-29T20:18:44.871105+00:00 eval phi4_mini think_to_instruct 25/60 aime2025_24
2026-04-29T20:18:45.768381+00:00 eval phi4_mini think_to_instruct 26/60 aime2025_25
2026-04-29T20:18:46.548547+00:00 eval phi4_mini think_to_instruct 27/60 aime2025_26
2026-04-29T20:18:48.085997+00:00 eval phi4_mini think_to_instruct 28/60 aime2025_27
2026-04-29T20:18:49.248885+00:00 eval phi4_mini think_to_instruct 29/60 aime2025_28
2026-04-29T20:18:50.214607+00:00 eval phi4_mini think_to_instruct 30/60 aime2025_29
2026-04-29T20:18:51.114033+00:00 eval phi4_mini think_to_instruct 31/60 aime2026_1
2026-04-29T20:18:52.455948+00:00 eval phi4_mini think_to_instruct 32/60 aime2026_2
2026-04-29T20:18:53.355054+00:00 eval phi4_mini think_to_instruct 33/60 aime2026_3
2026-04-29T20:18:54.506452+00:00 eval phi4_mini think_to_instruct 34/60 aime2026_4
2026-04-29T20:18:55.210043+00:00 eval phi4_mini think_to_instruct 35/60 aime2026_5
2026-04-29T20:18:56.484752+00:00 eval phi4_mini think_to_instruct 36/60 aime2026_6
2026-04-29T20:18:57.262674+00:00 eval phi4_mini think_to_instruct 37/60 aime2026_7
2026-04-29T20:18:58.163707+00:00 eval phi4_mini think_to_instruct 38/60 aime2026_8
2026-04-29T20:18:58.940955+00:00 eval phi4_mini think_to_instruct 39/60 aime2026_9
2026-04-29T20:19:00.495104+00:00 eval phi4_mini think_to_instruct 40/60 aime2026_10
2026-04-29T20:19:01.591083+00:00 eval phi4_mini think_to_instruct 41/60 aime2026_11
2026-04-29T20:19:02.942189+00:00 eval phi4_mini think_to_instruct 42/60 aime2026_12
2026-04-29T20:19:04.492633+00:00 eval phi4_mini think_to_instruct 43/60 aime2026_13
2026-04-29T20:19:05.840119+00:00 eval phi4_mini think_to_instruct 44/60 aime2026_14
2026-04-29T20:19:06.817634+00:00 eval phi4_mini think_to_instruct 45/60 aime2026_15
2026-04-29T20:19:08.757240+00:00 eval phi4_mini think_to_instruct 46/60 aime2026_16
2026-04-29T20:19:09.485552+00:00 eval phi4_mini think_to_instruct 47/60 aime2026_17
2026-04-29T20:19:12.128503+00:00 eval phi4_mini think_to_instruct 48/60 aime2026_18
2026-04-29T20:19:13.424140+00:00 eval phi4_mini think_to_instruct 49/60 aime2026_19
2026-04-29T20:19:14.589357+00:00 eval phi4_mini think_to_instruct 50/60 aime2026_20
2026-04-29T20:19:15.563168+00:00 eval phi4_mini think_to_instruct 51/60 aime2026_21
2026-04-29T20:19:16.462721+00:00 eval phi4_mini think_to_instruct 52/60 aime2026_22
2026-04-29T20:19:17.613220+00:00 eval phi4_mini think_to_instruct 53/60 aime2026_23
2026-04-29T20:19:18.576182+00:00 eval phi4_mini think_to_instruct 54/60 aime2026_24
2026-04-29T20:19:19.547532+00:00 eval phi4_mini think_to_instruct 55/60 aime2026_25
2026-04-29T20:19:20.915970+00:00 eval phi4_mini think_to_instruct 56/60 aime2026_26
2026-04-29T20:19:22.009594+00:00 eval phi4_mini think_to_instruct 57/60 aime2026_27
2026-04-29T20:19:23.357573+00:00 eval phi4_mini think_to_instruct 58/60 aime2026_28
2026-04-29T20:19:24.647269+00:00 eval phi4_mini think_to_instruct 59/60 aime2026_29
2026-04-29T20:19:26.189650+00:00 eval phi4_mini think_to_instruct 60/60 aime2026_30
2026-04-29T20:19:27.847584+00:00 load liquid_12b
Fetching 8 files:   0%|          | 0/8 [00:00<?, ?it/s]Fetching 8 files: 100%|██████████| 8/8 [00:00<00:00, 30982.86it/s]
Fetching 8 files:   0%|          | 0/8 [00:00<?, ?it/s]Fetching 8 files: 100%|██████████| 8/8 [00:00<00:00, 44620.26it/s]
2026-04-29T20:19:29.057677+00:00 train liquid_12b instruct_to_think 1/60 gsm8k_0
2026-04-29T20:19:29.223971+00:00 train liquid_12b instruct_to_think 2/60 gsm8k_1
2026-04-29T20:19:29.330191+00:00 train liquid_12b instruct_to_think 3/60 gsm8k_2
2026-04-29T20:19:29.438858+00:00 train liquid_12b instruct_to_think 4/60 gsm8k_3
2026-04-29T20:19:29.545386+00:00 train liquid_12b instruct_to_think 5/60 gsm8k_4
2026-04-29T20:19:29.738337+00:00 train liquid_12b instruct_to_think 6/60 gsm8k_5
2026-04-29T20:19:29.847305+00:00 train liquid_12b instruct_to_think 7/60 gsm8k_6
2026-04-29T20:19:29.954788+00:00 train liquid_12b instruct_to_think 8/60 gsm8k_7
2026-04-29T20:19:30.103700+00:00 train liquid_12b instruct_to_think 9/60 gsm8k_8
2026-04-29T20:19:30.295044+00:00 train liquid_12b instruct_to_think 10/60 gsm8k_9
2026-04-29T20:19:30.443390+00:00 train liquid_12b instruct_to_think 11/60 gsm8k_10
2026-04-29T20:19:30.591931+00:00 train liquid_12b instruct_to_think 12/60 gsm8k_11
2026-04-29T20:19:30.740917+00:00 train liquid_12b instruct_to_think 13/60 gsm8k_12
2026-04-29T20:19:30.890032+00:00 train liquid_12b instruct_to_think 14/60 gsm8k_13
2026-04-29T20:19:31.038727+00:00 train liquid_12b instruct_to_think 15/60 gsm8k_14
2026-04-29T20:19:31.147074+00:00 train liquid_12b instruct_to_think 16/60 gsm8k_15
2026-04-29T20:19:31.337925+00:00 train liquid_12b instruct_to_think 17/60 gsm8k_16
2026-04-29T20:19:31.446605+00:00 train liquid_12b instruct_to_think 18/60 gsm8k_17
2026-04-29T20:19:31.555131+00:00 train liquid_12b instruct_to_think 19/60 gsm8k_18
2026-04-29T20:19:31.661187+00:00 train liquid_12b instruct_to_think 20/60 gsm8k_19
2026-04-29T20:19:31.810083+00:00 train liquid_12b instruct_to_think 21/60 gsm8k_20
2026-04-29T20:19:31.958620+00:00 train liquid_12b instruct_to_think 22/60 gsm8k_21
2026-04-29T20:19:32.066290+00:00 train liquid_12b instruct_to_think 23/60 gsm8k_22
2026-04-29T20:19:32.214569+00:00 train liquid_12b instruct_to_think 24/60 gsm8k_23
2026-04-29T20:19:32.321485+00:00 train liquid_12b instruct_to_think 25/60 gsm8k_24
2026-04-29T20:19:32.428411+00:00 train liquid_12b instruct_to_think 26/60 gsm8k_25
2026-04-29T20:19:32.577575+00:00 train liquid_12b instruct_to_think 27/60 gsm8k_26
2026-04-29T20:19:32.726350+00:00 train liquid_12b instruct_to_think 28/60 gsm8k_27
2026-04-29T20:19:32.874438+00:00 train liquid_12b instruct_to_think 29/60 gsm8k_28
2026-04-29T20:19:32.982777+00:00 train liquid_12b instruct_to_think 30/60 gsm8k_29
2026-04-29T20:19:33.131763+00:00 train liquid_12b instruct_to_think 31/60 math500_numeric_2
2026-04-29T20:19:33.239535+00:00 train liquid_12b instruct_to_think 32/60 math500_numeric_3
2026-04-29T20:19:33.306925+00:00 train liquid_12b instruct_to_think 33/60 math500_numeric_5
2026-04-29T20:19:33.414244+00:00 train liquid_12b instruct_to_think 34/60 math500_numeric_6
2026-04-29T20:19:33.482742+00:00 train liquid_12b instruct_to_think 35/60 math500_numeric_9
2026-04-29T20:19:33.715258+00:00 train liquid_12b instruct_to_think 36/60 math500_numeric_10
2026-04-29T20:19:33.821322+00:00 train liquid_12b instruct_to_think 37/60 math500_numeric_11
2026-04-29T20:19:33.969730+00:00 train liquid_12b instruct_to_think 38/60 math500_numeric_12
2026-04-29T20:19:34.118981+00:00 train liquid_12b instruct_to_think 39/60 math500_numeric_13
2026-04-29T20:19:34.433685+00:00 train liquid_12b instruct_to_think 40/60 math500_numeric_16
2026-04-29T20:19:34.503531+00:00 train liquid_12b instruct_to_think 41/60 math500_numeric_18
2026-04-29T20:19:34.776517+00:00 train liquid_12b instruct_to_think 42/60 math500_numeric_19
2026-04-29T20:19:34.883875+00:00 train liquid_12b instruct_to_think 43/60 math500_numeric_21
2026-04-29T20:19:34.989922+00:00 train liquid_12b instruct_to_think 44/60 math500_numeric_22
2026-04-29T20:19:35.221483+00:00 train liquid_12b instruct_to_think 45/60 math500_numeric_24
2026-04-29T20:19:35.414102+00:00 train liquid_12b instruct_to_think 46/60 math500_numeric_26
2026-04-29T20:19:35.522753+00:00 train liquid_12b instruct_to_think 47/60 math500_numeric_27
2026-04-29T20:19:35.673171+00:00 train liquid_12b instruct_to_think 48/60 math500_numeric_29
2026-04-29T20:19:35.823155+00:00 train liquid_12b instruct_to_think 49/60 math500_numeric_32
2026-04-29T20:19:35.932289+00:00 train liquid_12b instruct_to_think 50/60 math500_numeric_33
2026-04-29T20:19:36.040081+00:00 train liquid_12b instruct_to_think 51/60 math500_numeric_34
2026-04-29T20:19:36.146198+00:00 train liquid_12b instruct_to_think 52/60 math500_numeric_35
2026-04-29T20:19:36.253542+00:00 train liquid_12b instruct_to_think 53/60 math500_numeric_37
2026-04-29T20:19:36.360578+00:00 train liquid_12b instruct_to_think 54/60 math500_numeric_38
2026-04-29T20:19:36.467285+00:00 train liquid_12b instruct_to_think 55/60 math500_numeric_39
2026-04-29T20:19:36.536331+00:00 train liquid_12b instruct_to_think 56/60 math500_numeric_40
2026-04-29T20:19:36.727403+00:00 train liquid_12b instruct_to_think 57/60 math500_numeric_41
2026-04-29T20:19:36.836530+00:00 train liquid_12b instruct_to_think 58/60 math500_numeric_42
2026-04-29T20:19:36.943449+00:00 train liquid_12b instruct_to_think 59/60 math500_numeric_44
2026-04-29T20:19:37.092029+00:00 train liquid_12b instruct_to_think 60/60 math500_numeric_45
2026-04-29T20:19:46.201400+00:00 eval liquid_12b instruct_to_think 1/60 aime2025_0
2026-04-29T20:19:46.473128+00:00 eval liquid_12b instruct_to_think 2/60 aime2025_1
2026-04-29T20:19:47.020935+00:00 eval liquid_12b instruct_to_think 3/60 aime2025_2
2026-04-29T20:19:47.488732+00:00 eval liquid_12b instruct_to_think 4/60 aime2025_3
2026-04-29T20:19:47.801203+00:00 eval liquid_12b instruct_to_think 5/60 aime2025_4
2026-04-29T20:19:48.191275+00:00 eval liquid_12b instruct_to_think 6/60 aime2025_5
2026-04-29T20:19:48.580782+00:00 eval liquid_12b instruct_to_think 7/60 aime2025_6
2026-04-29T20:19:49.133736+00:00 eval liquid_12b instruct_to_think 8/60 aime2025_7
2026-04-29T20:19:49.605552+00:00 eval liquid_12b instruct_to_think 9/60 aime2025_8
2026-04-29T20:19:50.073697+00:00 eval liquid_12b instruct_to_think 10/60 aime2025_9
2026-04-29T20:19:51.762040+00:00 eval liquid_12b instruct_to_think 11/60 aime2025_10
2026-04-29T20:19:53.974559+00:00 eval liquid_12b instruct_to_think 12/60 aime2025_11
2026-04-29T20:19:54.460882+00:00 eval liquid_12b instruct_to_think 13/60 aime2025_12
2026-04-29T20:19:54.859085+00:00 eval liquid_12b instruct_to_think 14/60 aime2025_13
2026-04-29T20:19:55.414511+00:00 eval liquid_12b instruct_to_think 15/60 aime2025_14
2026-04-29T20:19:55.808841+00:00 eval liquid_12b instruct_to_think 16/60 aime2025_15
2026-04-29T20:19:56.201542+00:00 eval liquid_12b instruct_to_think 17/60 aime2025_16
2026-04-29T20:19:56.514226+00:00 eval liquid_12b instruct_to_think 18/60 aime2025_17
2026-04-29T20:19:57.231570+00:00 eval liquid_12b instruct_to_think 19/60 aime2025_18
2026-04-29T20:19:57.875813+00:00 eval liquid_12b instruct_to_think 20/60 aime2025_19
2026-04-29T20:19:59.339437+00:00 eval liquid_12b instruct_to_think 21/60 aime2025_20
2026-04-29T20:20:01.054588+00:00 eval liquid_12b instruct_to_think 22/60 aime2025_21
2026-04-29T20:20:01.462477+00:00 eval liquid_12b instruct_to_think 23/60 aime2025_22
2026-04-29T20:20:02.269599+00:00 eval liquid_12b instruct_to_think 24/60 aime2025_23
2026-04-29T20:20:02.677880+00:00 eval liquid_12b instruct_to_think 25/60 aime2025_24
2026-04-29T20:20:03.001775+00:00 eval liquid_12b instruct_to_think 26/60 aime2025_25
2026-04-29T20:20:03.317568+00:00 eval liquid_12b instruct_to_think 27/60 aime2025_26
2026-04-29T20:20:03.950262+00:00 eval liquid_12b instruct_to_think 28/60 aime2025_27
2026-04-29T20:20:04.426801+00:00 eval liquid_12b instruct_to_think 29/60 aime2025_28
2026-04-29T20:20:04.824778+00:00 eval liquid_12b instruct_to_think 30/60 aime2025_29
2026-04-29T20:20:05.214917+00:00 eval liquid_12b instruct_to_think 31/60 aime2026_1
2026-04-29T20:20:05.768686+00:00 eval liquid_12b instruct_to_think 32/60 aime2026_2
2026-04-29T20:20:06.162499+00:00 eval liquid_12b instruct_to_think 33/60 aime2026_3
2026-04-29T20:20:06.634148+00:00 eval liquid_12b instruct_to_think 34/60 aime2026_4
2026-04-29T20:20:06.947870+00:00 eval liquid_12b instruct_to_think 35/60 aime2026_5
2026-04-29T20:20:07.497535+00:00 eval liquid_12b instruct_to_think 36/60 aime2026_6
2026-04-29T20:20:07.815221+00:00 eval liquid_12b instruct_to_think 37/60 aime2026_7
2026-04-29T20:20:08.134540+00:00 eval liquid_12b instruct_to_think 38/60 aime2026_8
2026-04-29T20:20:08.448097+00:00 eval liquid_12b instruct_to_think 39/60 aime2026_9
2026-04-29T20:20:09.083073+00:00 eval liquid_12b instruct_to_think 40/60 aime2026_10
2026-04-29T20:20:09.558138+00:00 eval liquid_12b instruct_to_think 41/60 aime2026_11
2026-04-29T20:20:10.115676+00:00 eval liquid_12b instruct_to_think 42/60 aime2026_12
2026-04-29T20:20:10.754419+00:00 eval liquid_12b instruct_to_think 43/60 aime2026_13
2026-04-29T20:20:11.312141+00:00 eval liquid_12b instruct_to_think 44/60 aime2026_14
2026-04-29T20:20:11.715259+00:00 eval liquid_12b instruct_to_think 45/60 aime2026_15
2026-04-29T20:20:12.519890+00:00 eval liquid_12b instruct_to_think 46/60 aime2026_16
2026-04-29T20:20:12.833643+00:00 eval liquid_12b instruct_to_think 47/60 aime2026_17
2026-04-29T20:20:13.885179+00:00 eval liquid_12b instruct_to_think 48/60 aime2026_18
2026-04-29T20:20:14.374934+00:00 eval liquid_12b instruct_to_think 49/60 aime2026_19
2026-04-29T20:20:14.857535+00:00 eval liquid_12b instruct_to_think 50/60 aime2026_20
2026-04-29T20:20:15.259664+00:00 eval liquid_12b instruct_to_think 51/60 aime2026_21
2026-04-29T20:20:15.578469+00:00 eval liquid_12b instruct_to_think 52/60 aime2026_22
2026-04-29T20:20:16.053700+00:00 eval liquid_12b instruct_to_think 53/60 aime2026_23
2026-04-29T20:20:16.452126+00:00 eval liquid_12b instruct_to_think 54/60 aime2026_24
2026-04-29T20:20:16.846405+00:00 eval liquid_12b instruct_to_think 55/60 aime2026_25
2026-04-29T20:20:17.404610+00:00 eval liquid_12b instruct_to_think 56/60 aime2026_26
2026-04-29T20:20:17.806276+00:00 eval liquid_12b instruct_to_think 57/60 aime2026_27
2026-04-29T20:20:18.360139+00:00 eval liquid_12b instruct_to_think 58/60 aime2026_28
2026-04-29T20:20:18.843614+00:00 eval liquid_12b instruct_to_think 59/60 aime2026_29
2026-04-29T20:20:19.483995+00:00 eval liquid_12b instruct_to_think 60/60 aime2026_30
2026-04-29T20:20:20.133132+00:00 train liquid_12b think_to_instruct 1/60 gsm8k_0
2026-04-29T20:20:20.283389+00:00 train liquid_12b think_to_instruct 2/60 gsm8k_1
2026-04-29T20:20:20.391134+00:00 train liquid_12b think_to_instruct 3/60 gsm8k_2
2026-04-29T20:20:20.500478+00:00 train liquid_12b think_to_instruct 4/60 gsm8k_3
2026-04-29T20:20:20.607357+00:00 train liquid_12b think_to_instruct 5/60 gsm8k_4
2026-04-29T20:20:20.802140+00:00 train liquid_12b think_to_instruct 6/60 gsm8k_5
2026-04-29T20:20:20.913393+00:00 train liquid_12b think_to_instruct 7/60 gsm8k_6
2026-04-29T20:20:21.021643+00:00 train liquid_12b think_to_instruct 8/60 gsm8k_7
2026-04-29T20:20:21.168613+00:00 train liquid_12b think_to_instruct 9/60 gsm8k_8
2026-04-29T20:20:21.361893+00:00 train liquid_12b think_to_instruct 10/60 gsm8k_9
2026-04-29T20:20:21.516158+00:00 train liquid_12b think_to_instruct 11/60 gsm8k_10
2026-04-29T20:20:21.666930+00:00 train liquid_12b think_to_instruct 12/60 gsm8k_11
2026-04-29T20:20:21.816606+00:00 train liquid_12b think_to_instruct 13/60 gsm8k_12
2026-04-29T20:20:21.965596+00:00 train liquid_12b think_to_instruct 14/60 gsm8k_13
2026-04-29T20:20:22.119166+00:00 train liquid_12b think_to_instruct 15/60 gsm8k_14
2026-04-29T20:20:22.229608+00:00 train liquid_12b think_to_instruct 16/60 gsm8k_15
2026-04-29T20:20:22.424035+00:00 train liquid_12b think_to_instruct 17/60 gsm8k_16
2026-04-29T20:20:22.534234+00:00 train liquid_12b think_to_instruct 18/60 gsm8k_17
2026-04-29T20:20:22.643867+00:00 train liquid_12b think_to_instruct 19/60 gsm8k_18
2026-04-29T20:20:22.751262+00:00 train liquid_12b think_to_instruct 20/60 gsm8k_19
2026-04-29T20:20:22.901291+00:00 train liquid_12b think_to_instruct 21/60 gsm8k_20
2026-04-29T20:20:23.053118+00:00 train liquid_12b think_to_instruct 22/60 gsm8k_21
2026-04-29T20:20:23.161846+00:00 train liquid_12b think_to_instruct 23/60 gsm8k_22
2026-04-29T20:20:23.311989+00:00 train liquid_12b think_to_instruct 24/60 gsm8k_23
2026-04-29T20:20:23.419905+00:00 train liquid_12b think_to_instruct 25/60 gsm8k_24
2026-04-29T20:20:23.527064+00:00 train liquid_12b think_to_instruct 26/60 gsm8k_25
2026-04-29T20:20:23.678595+00:00 train liquid_12b think_to_instruct 27/60 gsm8k_26
2026-04-29T20:20:23.829154+00:00 train liquid_12b think_to_instruct 28/60 gsm8k_27
2026-04-29T20:20:23.978087+00:00 train liquid_12b think_to_instruct 29/60 gsm8k_28
2026-04-29T20:20:24.086089+00:00 train liquid_12b think_to_instruct 30/60 gsm8k_29
2026-04-29T20:20:24.236126+00:00 train liquid_12b think_to_instruct 31/60 math500_numeric_2
2026-04-29T20:20:24.345220+00:00 train liquid_12b think_to_instruct 32/60 math500_numeric_3
2026-04-29T20:20:24.413165+00:00 train liquid_12b think_to_instruct 33/60 math500_numeric_5
2026-04-29T20:20:24.520722+00:00 train liquid_12b think_to_instruct 34/60 math500_numeric_6
2026-04-29T20:20:24.588981+00:00 train liquid_12b think_to_instruct 35/60 math500_numeric_9
2026-04-29T20:20:24.822936+00:00 train liquid_12b think_to_instruct 36/60 math500_numeric_10
2026-04-29T20:20:24.932706+00:00 train liquid_12b think_to_instruct 37/60 math500_numeric_11
2026-04-29T20:20:25.080775+00:00 train liquid_12b think_to_instruct 38/60 math500_numeric_12
2026-04-29T20:20:25.232102+00:00 train liquid_12b think_to_instruct 39/60 math500_numeric_13
2026-04-29T20:20:25.553839+00:00 train liquid_12b think_to_instruct 40/60 math500_numeric_16
2026-04-29T20:20:25.624374+00:00 train liquid_12b think_to_instruct 41/60 math500_numeric_18
2026-04-29T20:20:25.901767+00:00 train liquid_12b think_to_instruct 42/60 math500_numeric_19
2026-04-29T20:20:26.012972+00:00 train liquid_12b think_to_instruct 43/60 math500_numeric_21
2026-04-29T20:20:26.119203+00:00 train liquid_12b think_to_instruct 44/60 math500_numeric_22
2026-04-29T20:20:26.355394+00:00 train liquid_12b think_to_instruct 45/60 math500_numeric_24
2026-04-29T20:20:26.552473+00:00 train liquid_12b think_to_instruct 46/60 math500_numeric_26
2026-04-29T20:20:26.662333+00:00 train liquid_12b think_to_instruct 47/60 math500_numeric_27
2026-04-29T20:20:26.815327+00:00 train liquid_12b think_to_instruct 48/60 math500_numeric_29
2026-04-29T20:20:26.967177+00:00 train liquid_12b think_to_instruct 49/60 math500_numeric_32
2026-04-29T20:20:27.076664+00:00 train liquid_12b think_to_instruct 50/60 math500_numeric_33
2026-04-29T20:20:27.185586+00:00 train liquid_12b think_to_instruct 51/60 math500_numeric_34
2026-04-29T20:20:27.292035+00:00 train liquid_12b think_to_instruct 52/60 math500_numeric_35
2026-04-29T20:20:27.399595+00:00 train liquid_12b think_to_instruct 53/60 math500_numeric_37
2026-04-29T20:20:27.507575+00:00 train liquid_12b think_to_instruct 54/60 math500_numeric_38
2026-04-29T20:20:27.614689+00:00 train liquid_12b think_to_instruct 55/60 math500_numeric_39
2026-04-29T20:20:27.683862+00:00 train liquid_12b think_to_instruct 56/60 math500_numeric_40
2026-04-29T20:20:27.876038+00:00 train liquid_12b think_to_instruct 57/60 math500_numeric_41
2026-04-29T20:20:27.984617+00:00 train liquid_12b think_to_instruct 58/60 math500_numeric_42
2026-04-29T20:20:28.091760+00:00 train liquid_12b think_to_instruct 59/60 math500_numeric_44
2026-04-29T20:20:28.241174+00:00 train liquid_12b think_to_instruct 60/60 math500_numeric_45
2026-04-29T20:20:31.768804+00:00 eval liquid_12b think_to_instruct 1/60 aime2025_0
2026-04-29T20:20:31.942687+00:00 eval liquid_12b think_to_instruct 2/60 aime2025_1
2026-04-29T20:20:32.269657+00:00 eval liquid_12b think_to_instruct 3/60 aime2025_2
2026-04-29T20:20:32.554775+00:00 eval liquid_12b think_to_instruct 4/60 aime2025_3
2026-04-29T20:20:32.755965+00:00 eval liquid_12b think_to_instruct 5/60 aime2025_4
2026-04-29T20:20:33.000140+00:00 eval liquid_12b think_to_instruct 6/60 aime2025_5
2026-04-29T20:20:33.243900+00:00 eval liquid_12b think_to_instruct 7/60 aime2025_6
2026-04-29T20:20:33.572914+00:00 eval liquid_12b think_to_instruct 8/60 aime2025_7
2026-04-29T20:20:33.857652+00:00 eval liquid_12b think_to_instruct 9/60 aime2025_8
2026-04-29T20:20:34.140654+00:00 eval liquid_12b think_to_instruct 10/60 aime2025_9
2026-04-29T20:20:35.048538+00:00 eval liquid_12b think_to_instruct 11/60 aime2025_10
2026-04-29T20:20:36.226770+00:00 eval liquid_12b think_to_instruct 12/60 aime2025_11
2026-04-29T20:20:36.512166+00:00 eval liquid_12b think_to_instruct 13/60 aime2025_12
2026-04-29T20:20:36.756145+00:00 eval liquid_12b think_to_instruct 14/60 aime2025_13
2026-04-29T20:20:37.081852+00:00 eval liquid_12b think_to_instruct 15/60 aime2025_14
2026-04-29T20:20:37.325914+00:00 eval liquid_12b think_to_instruct 16/60 aime2025_15
2026-04-29T20:20:37.570973+00:00 eval liquid_12b think_to_instruct 17/60 aime2025_16
2026-04-29T20:20:37.772848+00:00 eval liquid_12b think_to_instruct 18/60 aime2025_17
2026-04-29T20:20:38.185913+00:00 eval liquid_12b think_to_instruct 19/60 aime2025_18
2026-04-29T20:20:38.553141+00:00 eval liquid_12b think_to_instruct 20/60 aime2025_19
2026-04-29T20:20:39.350849+00:00 eval liquid_12b think_to_instruct 21/60 aime2025_20
2026-04-29T20:20:40.280218+00:00 eval liquid_12b think_to_instruct 22/60 aime2025_21
2026-04-29T20:20:40.525203+00:00 eval liquid_12b think_to_instruct 23/60 aime2025_22
2026-04-29T20:20:40.979553+00:00 eval liquid_12b think_to_instruct 24/60 aime2025_23
2026-04-29T20:20:41.225348+00:00 eval liquid_12b think_to_instruct 25/60 aime2025_24
2026-04-29T20:20:41.428714+00:00 eval liquid_12b think_to_instruct 26/60 aime2025_25
2026-04-29T20:20:41.631558+00:00 eval liquid_12b think_to_instruct 27/60 aime2025_26
2026-04-29T20:20:41.997965+00:00 eval liquid_12b think_to_instruct 28/60 aime2025_27
2026-04-29T20:20:42.281116+00:00 eval liquid_12b think_to_instruct 29/60 aime2025_28
2026-04-29T20:20:42.525403+00:00 eval liquid_12b think_to_instruct 30/60 aime2025_29
2026-04-29T20:20:42.767631+00:00 eval liquid_12b think_to_instruct 31/60 aime2026_1
2026-04-29T20:20:43.091786+00:00 eval liquid_12b think_to_instruct 32/60 aime2026_2
2026-04-29T20:20:43.334020+00:00 eval liquid_12b think_to_instruct 33/60 aime2026_3
2026-04-29T20:20:43.617571+00:00 eval liquid_12b think_to_instruct 34/60 aime2026_4
2026-04-29T20:20:43.818286+00:00 eval liquid_12b think_to_instruct 35/60 aime2026_5
2026-04-29T20:20:44.143583+00:00 eval liquid_12b think_to_instruct 36/60 aime2026_6
2026-04-29T20:20:44.345218+00:00 eval liquid_12b think_to_instruct 37/60 aime2026_7
2026-04-29T20:20:44.548353+00:00 eval liquid_12b think_to_instruct 38/60 aime2026_8
2026-04-29T20:20:44.750221+00:00 eval liquid_12b think_to_instruct 39/60 aime2026_9
2026-04-29T20:20:45.118014+00:00 eval liquid_12b think_to_instruct 40/60 aime2026_10
2026-04-29T20:20:45.401788+00:00 eval liquid_12b think_to_instruct 41/60 aime2026_11
2026-04-29T20:20:45.729106+00:00 eval liquid_12b think_to_instruct 42/60 aime2026_12
2026-04-29T20:20:46.096297+00:00 eval liquid_12b think_to_instruct 43/60 aime2026_13
2026-04-29T20:20:46.423193+00:00 eval liquid_12b think_to_instruct 44/60 aime2026_14
2026-04-29T20:20:46.668376+00:00 eval liquid_12b think_to_instruct 45/60 aime2026_15
2026-04-29T20:20:47.123072+00:00 eval liquid_12b think_to_instruct 46/60 aime2026_16
2026-04-29T20:20:47.323801+00:00 eval liquid_12b think_to_instruct 47/60 aime2026_17
2026-04-29T20:20:47.906336+00:00 eval liquid_12b think_to_instruct 48/60 aime2026_18
2026-04-29T20:20:48.192062+00:00 eval liquid_12b think_to_instruct 49/60 aime2026_19
2026-04-29T20:20:48.479567+00:00 eval liquid_12b think_to_instruct 50/60 aime2026_20
2026-04-29T20:20:48.726386+00:00 eval liquid_12b think_to_instruct 51/60 aime2026_21
2026-04-29T20:20:48.930397+00:00 eval liquid_12b think_to_instruct 52/60 aime2026_22
2026-04-29T20:20:49.214131+00:00 eval liquid_12b think_to_instruct 53/60 aime2026_23
2026-04-29T20:20:49.457859+00:00 eval liquid_12b think_to_instruct 54/60 aime2026_24
2026-04-29T20:20:49.702346+00:00 eval liquid_12b think_to_instruct 55/60 aime2026_25
2026-04-29T20:20:50.029027+00:00 eval liquid_12b think_to_instruct 56/60 aime2026_26
2026-04-29T20:20:50.274600+00:00 eval liquid_12b think_to_instruct 57/60 aime2026_27
2026-04-29T20:20:50.601053+00:00 eval liquid_12b think_to_instruct 58/60 aime2026_28
2026-04-29T20:20:50.886854+00:00 eval liquid_12b think_to_instruct 59/60 aime2026_29
2026-04-29T20:20:51.254217+00:00 eval liquid_12b think_to_instruct 60/60 aime2026_30
Traceback (most recent call last):
  File "/Users/d/Documents/reasoning-switch-research/scripts/run_aime_fixed_branch_controller_suite.py", line 509, in <module>
    main()
  File "/Users/d/Documents/reasoning-switch-research/scripts/run_aime_fixed_branch_controller_suite.py", line 503, in main
    hf_upload = upload_to_hf(output_dir, args.hf_repo_id, args.hf_repo_type)
                ^^^^^^^^^^^^^^^^^^^^^^^^^^^^^^^^^^^^^^^^^^^^^^^^^^^^^^^^^^^^
  File "/Users/d/Documents/reasoning-switch-research/scripts/run_aime_fixed_branch_controller_suite.py", line 122, in upload_to_hf
    raise RuntimeError("No Hugging Face token found in HF_TOKEN, HUGGINGFACE_HUB_TOKEN, or HF_ACCESS_TOKEN.")
RuntimeError: No Hugging Face token found in HF_TOKEN, HUGGINGFACE_HUB_TOKEN, or HF_ACCESS_TOKEN.
